Archive member included to satisfy reference by file (symbol)

/Users/mcanulty/.pico-sdk/toolchain/14_2_Rel1/bin/../lib/gcc/arm-none-eabi/14.2.1/../../../../arm-none-eabi/lib/thumb/v8-m.main+fp/softfp/libm.a(libm_a-wf_sqrt.o)
                              CMakeFiles/Pico_gen.dir/Users/mcanulty/.pico-sdk/sdk/2.1.1/src/rp2_common/pico_float/float_math.c.o (sqrtf)
/Users/mcanulty/.pico-sdk/toolchain/14_2_Rel1/bin/../lib/gcc/arm-none-eabi/14.2.1/../../../../arm-none-eabi/lib/thumb/v8-m.main+fp/softfp/libm.a(libm_a-ef_sqrt.o)
                              /Users/mcanulty/.pico-sdk/toolchain/14_2_Rel1/bin/../lib/gcc/arm-none-eabi/14.2.1/../../../../arm-none-eabi/lib/thumb/v8-m.main+fp/softfp/libm.a(libm_a-wf_sqrt.o) (__ieee754_sqrtf)
/Users/mcanulty/.pico-sdk/toolchain/14_2_Rel1/bin/../lib/gcc/arm-none-eabi/14.2.1/thumb/v8-m.main+fp/softfp/libgcc.a(_arm_addsubdf3.o)
                              CMakeFiles/Pico_gen.dir/chorus_flange.cpp.o (__aeabi_f2d)
/Users/mcanulty/.pico-sdk/toolchain/14_2_Rel1/bin/../lib/gcc/arm-none-eabi/14.2.1/thumb/v8-m.main+fp/softfp/libgcc.a(_aeabi_ldivmod.o)
                              CMakeFiles/Pico_gen.dir/Users/mcanulty/.pico-sdk/sdk/2.1.1/src/common/pico_time/time.c.o (__aeabi_ldivmod)
/Users/mcanulty/.pico-sdk/toolchain/14_2_Rel1/bin/../lib/gcc/arm-none-eabi/14.2.1/thumb/v8-m.main+fp/softfp/libgcc.a(_aeabi_uldivmod.o)
                              CMakeFiles/Pico_gen.dir/main.cpp.o (__aeabi_uldivmod)
/Users/mcanulty/.pico-sdk/toolchain/14_2_Rel1/bin/../lib/gcc/arm-none-eabi/14.2.1/thumb/v8-m.main+fp/softfp/libgcc.a(_udivmoddi4.o)
                              /Users/mcanulty/.pico-sdk/toolchain/14_2_Rel1/bin/../lib/gcc/arm-none-eabi/14.2.1/thumb/v8-m.main+fp/softfp/libgcc.a(_aeabi_ldivmod.o) (__udivmoddi4)
/Users/mcanulty/.pico-sdk/toolchain/14_2_Rel1/bin/../lib/gcc/arm-none-eabi/14.2.1/thumb/v8-m.main+fp/softfp/libgcc.a(_dvmd_tls.o)
                              /Users/mcanulty/.pico-sdk/toolchain/14_2_Rel1/bin/../lib/gcc/arm-none-eabi/14.2.1/thumb/v8-m.main+fp/softfp/libgcc.a(_aeabi_ldivmod.o) (__aeabi_ldiv0)
/Users/mcanulty/.pico-sdk/toolchain/14_2_Rel1/bin/../lib/gcc/arm-none-eabi/14.2.1/../../../../arm-none-eabi/lib/thumb/v8-m.main+fp/softfp/libg.a(libc_a-calloc.o)
                              CMakeFiles/Pico_gen.dir/Users/mcanulty/.pico-sdk/sdk/2.1.1/src/rp2_common/pico_malloc/malloc.c.o (calloc)
/Users/mcanulty/.pico-sdk/toolchain/14_2_Rel1/bin/../lib/gcc/arm-none-eabi/14.2.1/../../../../arm-none-eabi/lib/thumb/v8-m.main+fp/softfp/libg.a(libc_a-callocr.o)
                              /Users/mcanulty/.pico-sdk/toolchain/14_2_Rel1/bin/../lib/gcc/arm-none-eabi/14.2.1/../../../../arm-none-eabi/lib/thumb/v8-m.main+fp/softfp/libg.a(libc_a-calloc.o) (_calloc_r)
/Users/mcanulty/.pico-sdk/toolchain/14_2_Rel1/bin/../lib/gcc/arm-none-eabi/14.2.1/../../../../arm-none-eabi/lib/thumb/v8-m.main+fp/softfp/libg.a(libc_a-malloc.o)
                              CMakeFiles/Pico_gen.dir/Users/mcanulty/.pico-sdk/sdk/2.1.1/src/rp2_common/pico_malloc/malloc.c.o (malloc)
/Users/mcanulty/.pico-sdk/toolchain/14_2_Rel1/bin/../lib/gcc/arm-none-eabi/14.2.1/../../../../arm-none-eabi/lib/thumb/v8-m.main+fp/softfp/libg.a(libc_a-mallocr.o)
                              /Users/mcanulty/.pico-sdk/toolchain/14_2_Rel1/bin/../lib/gcc/arm-none-eabi/14.2.1/../../../../arm-none-eabi/lib/thumb/v8-m.main+fp/softfp/libg.a(libc_a-callocr.o) (_malloc_r)
/Users/mcanulty/.pico-sdk/toolchain/14_2_Rel1/bin/../lib/gcc/arm-none-eabi/14.2.1/../../../../arm-none-eabi/lib/thumb/v8-m.main+fp/softfp/libg.a(libc_a-mlock.o)
                              /Users/mcanulty/.pico-sdk/toolchain/14_2_Rel1/bin/../lib/gcc/arm-none-eabi/14.2.1/../../../../arm-none-eabi/lib/thumb/v8-m.main+fp/softfp/libg.a(libc_a-mallocr.o) (__malloc_lock)
/Users/mcanulty/.pico-sdk/toolchain/14_2_Rel1/bin/../lib/gcc/arm-none-eabi/14.2.1/../../../../arm-none-eabi/lib/thumb/v8-m.main+fp/softfp/libg.a(libc_a-realloc.o)
                              CMakeFiles/Pico_gen.dir/Users/mcanulty/.pico-sdk/sdk/2.1.1/src/rp2_common/pico_malloc/malloc.c.o (realloc)
/Users/mcanulty/.pico-sdk/toolchain/14_2_Rel1/bin/../lib/gcc/arm-none-eabi/14.2.1/../../../../arm-none-eabi/lib/thumb/v8-m.main+fp/softfp/libg.a(libc_a-reallocr.o)
                              /Users/mcanulty/.pico-sdk/toolchain/14_2_Rel1/bin/../lib/gcc/arm-none-eabi/14.2.1/../../../../arm-none-eabi/lib/thumb/v8-m.main+fp/softfp/libg.a(libc_a-realloc.o) (_realloc_r)
/Users/mcanulty/.pico-sdk/toolchain/14_2_Rel1/bin/../lib/gcc/arm-none-eabi/14.2.1/../../../../arm-none-eabi/lib/thumb/v8-m.main+fp/softfp/libg.a(libc_a-fprintf.o)
                              CMakeFiles/Pico_gen.dir/genlib.cpp.o (fprintf)
/Users/mcanulty/.pico-sdk/toolchain/14_2_Rel1/bin/../lib/gcc/arm-none-eabi/14.2.1/../../../../arm-none-eabi/lib/thumb/v8-m.main+fp/softfp/libg.a(libc_a-memcmp.o)
                              CMakeFiles/Pico_gen.dir/Users/mcanulty/.pico-sdk/sdk/2.1.1/src/rp2_common/pico_atomic/atomic.c.o (memcmp)
[...]
Memory Configuration

Name             Origin             Length             Attributes
FLASH            0x10000000         0x00400000         xr
RAM              0x20000000         0x00080000         xrw
SCRATCH_X        0x20080000         0x00001000         xrw
SCRATCH_Y        0x20081000         0x00001000         xrw
*default*        0x00000000         0xffffffff

Linker script and memory map

LOAD /Users/mcanulty/.pico-sdk/toolchain/14_2_Rel1/bin/../lib/gcc/arm-none-eabi/14.2.1/thumb/v8-m.main+fp/softfp/crti.o
LOAD /Users/mcanulty/.pico-sdk/toolchain/14_2_Rel1/bin/../lib/gcc/arm-none-eabi/14.2.1/thumb/v8-m.main+fp/softfp/crtbegin.o
LOAD /Users/mcanulty/.pico-sdk/toolchain/14_2_Rel1/bin/../lib/gcc/arm-none-eabi/14.2.1/../../../../arm-none-eabi/lib/thumb/v8-m.main+fp/softfp/crt0.o

.flash_begin    0x10000000        0x0
                0x10000000                        __flash_binary_start = .

.text           0x10000000     0xe56c
                0x10000000                        __logical_binary_start = .
 *(.vectors)
 .vectors       0x10000000      0x124 CMakeFiles/Pico_gen.dir/Users/mcanulty/.pico-sdk/sdk/2.1.1/src/rp2_common/pico_crt0/crt0.S.o
                0x10000000                __vectors
                0x10000000                __VECTOR_TABLE
                0x10000110                __default_isrs_start
                0x10000110                isr_invalid
                0x10000112                isr_nmi
                0x10000114                isr_hardfault
                0x10000116                isr_svcall
                0x10000118                isr_pendsv
                0x1000011a                isr_systick
                0x1000011c                isr_irq5
                0x1000011c                isr_irq11
                0x1000011c                isr_irq23
                0x1000011c                isr_irq48
                0x1000011c                isr_irq35
                0x1000011c                isr_irq18
                0x1000011c                isr_irq50
                0x1000011c                isr_irq40
                0x1000011c                isr_irq28
                0x1000011c                isr_irq19
                0x1000011c                isr_irq36
                0x1000011c                isr_irq41
                0x1000011c                isr_irq0
                0x1000011c                isr_irq6
                0x1000011c                isr_irq37
                0x1000011c                isr_irq42
                0x1000011c                isr_irq22
                0x1000011c                isr_irq17
                0x1000011c                isr_irq38
                0x1000011c                isr_irq14
                0x1000011c                isr_irq2
                0x1000011c                isr_irq10
                0x1000011c                isr_irq8
                0x1000011c                isr_irq24
                0x1000011c                isr_irq46
                0x1000011c                isr_irq1
                0x1000011c                isr_irq47
                0x1000011c                isr_irq51
                0x1000011c                isr_irq7
                0x1000011c                isr_irq21
                0x1000011c                isr_irq39
                0x1000011c                isr_irq20
                0x1000011c                isr_irq15
                0x1000011c                isr_irq25
                0x1000011c                isr_irq34
                0x1000011c                isr_irq4
                0x1000011c                isr_irq16
                0x1000011c                isr_irq44
                0x1000011c                isr_irq29
                0x1000011c                isr_irq26
                0x1000011c                __default_isrs_end
                0x1000011c                isr_irq33
                0x1000011c                isr_irq3
                0x1000011c                isr_irq9
                0x1000011c                __unhandled_user_irq
                0x1000011c                isr_irq49
                0x1000011c                isr_irq13
                0x1000011c                isr_irq43
                0x1000011c                isr_irq45
                0x1000011c                isr_irq27
                0x1000011c                isr_irq32
                0x1000011c                isr_irq31
                0x1000011c                isr_irq30
                0x1000011c                isr_irq12
                0x10000122                unhandled_user_irq_num_in_r0
 *(.binary_info_header)
 .binary_info_header
                0x10000124       0x14 CMakeFiles/Pico_gen.dir/Users/mcanulty/.pico-sdk/sdk/2.1.1/src/rp2_common/pico_crt0/crt0.S.o
                0x10000138                        __binary_info_header_end = .
 *(.embedded_block)
 .embedded_block
                0x10000138       0x14 CMakeFiles/Pico_gen.dir/Users/mcanulty/.pico-sdk/sdk/2.1.1/src/rp2_common/pico_crt0/crt0.S.o
                0x1000014c                        __embedded_block_end = .
 *(.reset)
 .reset         0x1000014c       0xa0 CMakeFiles/Pico_gen.dir/Users/mcanulty/.pico-sdk/sdk/2.1.1/src/rp2_common/pico_crt0/crt0.S.o
                0x1000014c                _entry_point
 *(.init)
 .init          0x100001ec        0x4 /Users/mcanulty/.pico-sdk/toolchain/14_2_Rel1/bin/../lib/gcc/arm-none-eabi/14.2.1/thumb/v8-m.main+fp/softfp/crti.o
                0x100001ec                _init
 SORT_BY_NAME(REVERSE(*libgcc.a:cmse_nonsecure_call.o))()
 *(EXCLUDE_FILE(*libm.a: *libc.a:*lib_a-mem*.o *libgcc.a:) .text*)
 .text.register_tm_clones
                0x100001f0       0x28 /Users/mcanulty/.pico-sdk/toolchain/14_2_Rel1/bin/../lib/gcc/arm-none-eabi/14.2.1/thumb/v8-m.main+fp/softfp/crtbegin.o
 .text.frame_dummy
                0x10000218       0x24 /Users/mcanulty/.pico-sdk/toolchain/14_2_Rel1/bin/../lib/gcc/arm-none-eabi/14.2.1/thumb/v8-m.main+fp/softfp/crtbegin.o
 .text.board_millis
                0x1000023c       0x24 CMakeFiles/Pico_gen.dir/main.cpp.o
 .text._Z10core1_mainv
                0x10000260       0x58 CMakeFiles/Pico_gen.dir/main.cpp.o
                0x10000260                core1_main()
 .text.main     0x100002b8       0xe8 CMakeFiles/Pico_gen.dir/main.cpp.o
                0x100002b8                main
 .text._Z17next_power_of_twoy
                0x100003a0       0x4e CMakeFiles/Pico_gen.dir/chorus_flange.cpp.o
                0x100003a0                next_power_of_two(unsigned long long)
 *fill*         0x100003ee        0x2 
 .text._ZN5Noise15uniqueTickCountEv
                0x100003f0       0x34 CMakeFiles/Pico_gen.dir/chorus_flange.cpp.o
                0x100003f0                Noise::uniqueTickCount()
 *fill*         0x10000424        0x4 
 .text._ZN5Noise5resetEf
                0x10000428      0x120 CMakeFiles/Pico_gen.dir/chorus_flange.cpp.o
                0x10000428                Noise::reset(float)
 .text._ZN5Noise5resetEv
                0x10000548       0x16 CMakeFiles/Pico_gen.dir/chorus_flange.cpp.o
                0x10000548                Noise::reset()
 *fill*         0x1000055e        0x2 
 .text._Z41__static_initialization_and_destruction_0v
                0x10000560       0x10 CMakeFiles/Pico_gen.dir/chorus_flange.cpp.o
 .text._ZN5Delay5resetEPKcl
                0x10000570       0x9c CMakeFiles/Pico_gen.dir/chorus_flange.cpp.o
                0x10000570                Delay::reset(char const*, long)
 .text._ZN4Data7getinfoEv
                0x1000060c       0x2c CMakeFiles/Pico_gen.dir/chorus_flange.cpp.o
                0x1000060c                Data::getinfo()
 .text._ZN4Data5resetEPKcll
                0x10000638       0x3c CMakeFiles/Pico_gen.dir/chorus_flange.cpp.o
                0x10000638                Data::reset(char const*, long, long)
 .text._ZN9DataLocal6resizeEll
                0x10000674       0x70 CMakeFiles/Pico_gen.dir/chorus_flange.cpp.o
                0x10000674                DataLocal::resize(long, long)
 .text._ZN8SineDataC2Ev
                0x100006e4       0x84 CMakeFiles/Pico_gen.dir/chorus_flange.cpp.o
                0x100006e4                SineData::SineData()
                0x100006e4                SineData::SineData()
 .text._ZN13chorus_flange5State5resetEfi
                0x10000768      0x168 CMakeFiles/Pico_gen.dir/chorus_flange.cpp.o
                0x10000768                chorus_flange::State::reset(float, int)
 .text._ZN13chorus_flange5StateC2Ev
                0x100008d0       0xa0 CMakeFiles/Pico_gen.dir/chorus_flange.cpp.o
                0x100008d0                chorus_flange::State::State()
                0x100008d0                chorus_flange::State::State()
 .text._ZN13chorus_flange6createEfl
                0x10000970      0x38c CMakeFiles/Pico_gen.dir/chorus_flange.cpp.o
                0x10000970                chorus_flange::create(float, long)
 .text._GLOBAL__sub_I__ZN13chorus_flange5noiseE
                0x10000cfc        0x8 CMakeFiles/Pico_gen.dir/chorus_flange.cpp.o
 .text._Z13sysmem_newptrm
                0x10000d04        0x8 CMakeFiles/Pico_gen.dir/genlib.cpp.o
                0x10000d04                sysmem_newptr(unsigned long)
 .text._Z16sysmem_resizeptrPvm
                0x10000d0c        0x8 CMakeFiles/Pico_gen.dir/genlib.cpp.o
                0x10000d0c                sysmem_resizeptr(void*, unsigned long)
 .text._Z14sysmem_freeptrPv
                0x10000d14        0x8 CMakeFiles/Pico_gen.dir/genlib.cpp.o
                0x10000d14                sysmem_freeptr(void*)
 .text._Z10set_zero64Pfl
                0x10000d1c       0x12 CMakeFiles/Pico_gen.dir/genlib.cpp.o
                0x10000d1c                set_zero64(float*, long)
 *fill*         0x10000d2e        0x2 
 .text._Z19genlib_report_errorPKc
                0x10000d30       0x1c CMakeFiles/Pico_gen.dir/genlib.cpp.o
                0x10000d30                genlib_report_error(char const*)
 .text._Z21genlib_report_messagePKc
                0x10000d4c       0x1c CMakeFiles/Pico_gen.dir/genlib.cpp.o
                0x10000d4c                genlib_report_message(char const*)
 .text._Z13systime_ticksv
                0x10000d68        0x4 CMakeFiles/Pico_gen.dir/genlib.cpp.o
                0x10000d68                systime_ticks()
 .text.genlib_obtain_reference_from_string
                0x10000d6c        0x4 CMakeFiles/Pico_gen.dir/genlib.cpp.o
                0x10000d6c                genlib_obtain_reference_from_string
 .text.genlib_obtain_data_from_reference
                0x10000d70       0x16 CMakeFiles/Pico_gen.dir/genlib.cpp.o
                0x10000d70                genlib_obtain_data_from_reference
 .text.genlib_data_getinfo
                0x10000d86       0x10 CMakeFiles/Pico_gen.dir/genlib.cpp.o
                0x10000d86                genlib_data_getinfo
 .text.genlib_data_getcursor
                0x10000d96        0xe CMakeFiles/Pico_gen.dir/genlib.cpp.o
                0x10000d96                genlib_data_getcursor
 .text.genlib_data_resize
                0x10000da4      0x154 CMakeFiles/Pico_gen.dir/genlib.cpp.o
                0x10000da4                genlib_data_resize
 .text.genlib_reset_complete
                0x10000ef8        0x2 CMakeFiles/Pico_gen.dir/genlib.cpp.o
                0x10000ef8                genlib_reset_complete
 *fill*         0x10000efa        0x2 
 .text._Z15init_gen_devicev
                0x10000efc       0x18 CMakeFiles/Pico_gen.dir/chorus_flange_helper.cpp.o
                0x10000efc                init_gen_device()
 .text._Z13process_audiov
                0x10000f14       0x40 CMakeFiles/Pico_gen.dir/chorus_flange_helper.cpp.o
                0x10000f14                process_audio()
 .text._Z13pico_led_initv
                0x10000f54       0x16 CMakeFiles/Pico_gen.dir/blink.cpp.o
                0x10000f54                pico_led_init()
 .text._Z12pico_set_ledb
                0x10000f6a        0x8 CMakeFiles/Pico_gen.dir/blink.cpp.o
                0x10000f6a                pico_set_led(bool)
 *fill*         0x10000f72        0x2 
 .text.board_millis
                0x10000f74       0x24 CMakeFiles/Pico_gen.dir/cdc_app.c.o
 .text.board_delay
                0x10000f98       0x22 CMakeFiles/Pico_gen.dir/cdc_app.c.o
 .text.tud_cdc_line_state_cb
                0x10000fba        0x2 CMakeFiles/Pico_gen.dir/cdc_app.c.o
                0x10000fba                tud_cdc_line_state_cb
 .text.tud_cdc_rx_cb
                0x10000fbc       0x56 CMakeFiles/Pico_gen.dir/cdc_app.c.o
                0x10000fbc                tud_cdc_rx_cb
 *fill*         0x10001012        0x2 
 .text.tud_audio_feature_unit_set_request
                0x10001014       0xbc CMakeFiles/Pico_gen.dir/uac2_app.c.o
 .text.tud_audio_clock_set_request
                0x100010d0       0x78 CMakeFiles/Pico_gen.dir/uac2_app.c.o
 .text.tud_audio_clock_get_request
                0x10001148      0x114 CMakeFiles/Pico_gen.dir/uac2_app.c.o
 .text.tud_audio_feature_unit_get_request
                0x1000125c       0xf0 CMakeFiles/Pico_gen.dir/uac2_app.c.o
 .text.tud_audio_get_req_entity_cb
                0x1000134c       0x30 CMakeFiles/Pico_gen.dir/uac2_app.c.o
                0x1000134c                tud_audio_get_req_entity_cb
 .text.tud_audio_set_req_entity_cb
                0x1000137c       0x34 CMakeFiles/Pico_gen.dir/uac2_app.c.o
                0x1000137c                tud_audio_set_req_entity_cb
 .text.tud_audio_set_itf_close_EP_cb
                0x100013b0       0x24 CMakeFiles/Pico_gen.dir/uac2_app.c.o
                0x100013b0                tud_audio_set_itf_close_EP_cb
 .text.tud_audio_set_itf_cb
                0x100013d4       0x44 CMakeFiles/Pico_gen.dir/uac2_app.c.o
                0x100013d4                tud_audio_set_itf_cb
 .text.tud_audio_rx_done_pre_read_cb
                0x10001418       0xc4 CMakeFiles/Pico_gen.dir/uac2_app.c.o
                0x10001418                tud_audio_rx_done_pre_read_cb
 .text.tud_audio_tx_done_pre_load_cb
                0x100014dc        0x4 CMakeFiles/Pico_gen.dir/uac2_app.c.o
                0x100014dc                tud_audio_tx_done_pre_load_cb
 .text.board_usb_get_serial
                0x100014e0       0x8c CMakeFiles/Pico_gen.dir/usb_descriptors.c.o
 .text.tud_descriptor_device_cb
                0x1000156c        0x8 CMakeFiles/Pico_gen.dir/usb_descriptors.c.o
                0x1000156c                tud_descriptor_device_cb
 .text.tud_descriptor_configuration_cb
                0x10001574        0x8 CMakeFiles/Pico_gen.dir/usb_descriptors.c.o
                0x10001574                tud_descriptor_configuration_cb
 .text.tud_descriptor_string_cb
                0x1000157c       0x68 CMakeFiles/Pico_gen.dir/usb_descriptors.c.o
                0x1000157c                tud_descriptor_string_cb
 .text._Z13usb_midi_taskv
                0x100015e4       0x48 CMakeFiles/Pico_gen.dir/midi.cpp.o
                0x100015e4                usb_midi_task()
 .text._Z12send_test_ccv
                0x1000162c       0x3c CMakeFiles/Pico_gen.dir/midi.cpp.o
                0x1000162c                send_test_cc()
 .text.gpio_set_function
                0x10001668       0x38 CMakeFiles/Pico_gen.dir/Users/mcanulty/.pico-sdk/sdk/2.1.1/src/rp2_common/hardware_gpio/gpio.c.o
                0x10001668                gpio_set_function
 .text.gpio_init
                0x100016a0       0x16 CMakeFiles/Pico_gen.dir/Users/mcanulty/.pico-sdk/sdk/2.1.1/src/rp2_common/hardware_gpio/gpio.c.o
                0x100016a0                gpio_init
 *fill*         0x100016b6        0x2 
 .text.panic    0x100016b8       0x30 CMakeFiles/Pico_gen.dir/Users/mcanulty/.pico-sdk/sdk/2.1.1/src/rp2_common/pico_platform_panic/panic.c.o
                0x100016b8                panic
 .text.hw_claim_lock
                0x100016e8       0x24 CMakeFiles/Pico_gen.dir/Users/mcanulty/.pico-sdk/sdk/2.1.1/src/common/hardware_claim/claim.c.o
                0x100016e8                hw_claim_lock
 .text.hw_claim_unlock
                0x1000170c       0x14 CMakeFiles/Pico_gen.dir/Users/mcanulty/.pico-sdk/sdk/2.1.1/src/common/hardware_claim/claim.c.o
                0x1000170c                hw_claim_unlock
 .text.hw_claim_or_assert
                0x10001720       0x32 CMakeFiles/Pico_gen.dir/Users/mcanulty/.pico-sdk/sdk/2.1.1/src/common/hardware_claim/claim.c.o
                0x10001720                hw_claim_or_assert
 .text.hw_claim_unused_from_range
                0x10001752       0x4e CMakeFiles/Pico_gen.dir/Users/mcanulty/.pico-sdk/sdk/2.1.1/src/common/hardware_claim/claim.c.o
                0x10001752                hw_claim_unused_from_range
 .text.next_striped_spin_lock_num
                0x100017a0       0x1c CMakeFiles/Pico_gen.dir/Users/mcanulty/.pico-sdk/sdk/2.1.1/src/rp2_common/hardware_sync/sync.c.o
                0x100017a0                next_striped_spin_lock_num
 .text.spin_lock_claim_unused
                0x100017bc       0x24 CMakeFiles/Pico_gen.dir/Users/mcanulty/.pico-sdk/sdk/2.1.1/src/rp2_common/hardware_sync/sync.c.o
                0x100017bc                spin_lock_claim_unused
 .text.spinlock_set_extexclall
                0x100017e0        0xe CMakeFiles/Pico_gen.dir/Users/mcanulty/.pico-sdk/sdk/2.1.1/src/rp2_common/hardware_sync_spin_lock/sync_spin_lock.c.o
 *fill*         0x100017ee        0x2 
 .text.spin_locks_reset
                0x100017f0       0x1c CMakeFiles/Pico_gen.dir/Users/mcanulty/.pico-sdk/sdk/2.1.1/src/rp2_common/hardware_sync_spin_lock/sync_spin_lock.c.o
                0x100017f0                spin_locks_reset
 .text.set_raw_irq_handler_and_unlock
                0x1000180c       0x24 CMakeFiles/Pico_gen.dir/Users/mcanulty/.pico-sdk/sdk/2.1.1/src/rp2_common/hardware_irq/irq.c.o
 .text.nvic_ipr0
                0x10001830        0x8 CMakeFiles/Pico_gen.dir/Users/mcanulty/.pico-sdk/sdk/2.1.1/src/rp2_common/hardware_irq/irq.c.o
 .text.runtime_init_per_core_irq_priorities
                0x10001838       0x1a CMakeFiles/Pico_gen.dir/Users/mcanulty/.pico-sdk/sdk/2.1.1/src/rp2_common/hardware_irq/irq.c.o
                0x10001838                runtime_init_per_core_irq_priorities
 *fill*         0x10001852        0x2 
 .text.resolve_j_16
                0x10001854       0x40 CMakeFiles/Pico_gen.dir/Users/mcanulty/.pico-sdk/sdk/2.1.1/src/rp2_common/hardware_irq/irq.c.o
 .text.make_j_16
                0x10001894       0x3c CMakeFiles/Pico_gen.dir/Users/mcanulty/.pico-sdk/sdk/2.1.1/src/rp2_common/hardware_irq/irq.c.o
 .text.irq_is_enabled
                0x100018d0       0x20 CMakeFiles/Pico_gen.dir/Users/mcanulty/.pico-sdk/sdk/2.1.1/src/rp2_common/hardware_irq/irq.c.o
                0x100018d0                irq_is_enabled
 .text.irq_set_mask_n_enabled
                0x100018f0       0x20 CMakeFiles/Pico_gen.dir/Users/mcanulty/.pico-sdk/sdk/2.1.1/src/rp2_common/hardware_irq/irq.c.o
                0x100018f0                irq_set_mask_n_enabled
 .text.irq_set_enabled
                0x10001910       0x14 CMakeFiles/Pico_gen.dir/Users/mcanulty/.pico-sdk/sdk/2.1.1/src/rp2_common/hardware_irq/irq.c.o
                0x10001910                irq_set_enabled
 .text.irq_get_vtable_handler
                0x10001924       0x10 CMakeFiles/Pico_gen.dir/Users/mcanulty/.pico-sdk/sdk/2.1.1/src/rp2_common/hardware_irq/irq.c.o
                0x10001924                irq_get_vtable_handler
 .text.irq_set_exclusive_handler
                0x10001934       0x60 CMakeFiles/Pico_gen.dir/Users/mcanulty/.pico-sdk/sdk/2.1.1/src/rp2_common/hardware_irq/irq.c.o
                0x10001934                irq_set_exclusive_handler
 .text.irq_add_shared_handler
                0x10001994      0x234 CMakeFiles/Pico_gen.dir/Users/mcanulty/.pico-sdk/sdk/2.1.1/src/rp2_common/hardware_irq/irq.c.o
                0x10001994                irq_add_shared_handler
 .text.irq_add_tail_to_free_list
                0x10001bc8       0xf8 CMakeFiles/Pico_gen.dir/Users/mcanulty/.pico-sdk/sdk/2.1.1/src/rp2_common/hardware_irq/irq.c.o
                0x10001bc8                irq_add_tail_to_free_list
 .text.lock_init
                0x10001cc0        0xc CMakeFiles/Pico_gen.dir/Users/mcanulty/.pico-sdk/sdk/2.1.1/src/common/pico_sync/lock_core.c.o
                0x10001cc0                lock_init
 .text.mutex_init
                0x10001ccc       0x1a CMakeFiles/Pico_gen.dir/Users/mcanulty/.pico-sdk/sdk/2.1.1/src/common/pico_sync/mutex.c.o
                0x10001ccc                mutex_init
 .text.recursive_mutex_init
                0x10001ce6       0x1e CMakeFiles/Pico_gen.dir/Users/mcanulty/.pico-sdk/sdk/2.1.1/src/common/pico_sync/mutex.c.o
                0x10001ce6                recursive_mutex_init
 .text.runtime_init_mutex
                0x10001d04       0x4c CMakeFiles/Pico_gen.dir/Users/mcanulty/.pico-sdk/sdk/2.1.1/src/common/pico_sync/mutex.c.o
                0x10001d04                runtime_init_mutex
 .text.critical_section_init_with_lock_num
                0x10001d50       0x10 CMakeFiles/Pico_gen.dir/Users/mcanulty/.pico-sdk/sdk/2.1.1/src/common/pico_sync/critical_section.c.o
                0x10001d50                critical_section_init_with_lock_num
 .text.critical_section_init
                0x10001d60       0x14 CMakeFiles/Pico_gen.dir/Users/mcanulty/.pico-sdk/sdk/2.1.1/src/common/pico_sync/critical_section.c.o
                0x10001d60                critical_section_init
 .text.ta_from_current_irq
                0x10001d74       0x24 CMakeFiles/Pico_gen.dir/Users/mcanulty/.pico-sdk/sdk/2.1.1/src/common/pico_time/time.c.o
 .text.ta_set_timeout
                0x10001d98       0x2a CMakeFiles/Pico_gen.dir/Users/mcanulty/.pico-sdk/sdk/2.1.1/src/common/pico_time/time.c.o
 .text.make_alarm_id
                0x10001dc2        0x6 CMakeFiles/Pico_gen.dir/Users/mcanulty/.pico-sdk/sdk/2.1.1/src/common/pico_time/time.c.o
 .text.sleep_until_callback
                0x10001dc8       0x3c CMakeFiles/Pico_gen.dir/Users/mcanulty/.pico-sdk/sdk/2.1.1/src/common/pico_time/time.c.o
 .text.alarm_pool_irq_handler
                0x10001e04      0x2ec CMakeFiles/Pico_gen.dir/Users/mcanulty/.pico-sdk/sdk/2.1.1/src/common/pico_time/time.c.o
 .text.ta_enable_irq_handler
                0x100020f0       0x38 CMakeFiles/Pico_gen.dir/Users/mcanulty/.pico-sdk/sdk/2.1.1/src/common/pico_time/time.c.o
 .text.alarm_pool_post_alloc_init
                0x10002128       0x7c CMakeFiles/Pico_gen.dir/Users/mcanulty/.pico-sdk/sdk/2.1.1/src/common/pico_time/time.c.o
 .text.alarm_pool_get_default
                0x100021a4       0x28 CMakeFiles/Pico_gen.dir/Users/mcanulty/.pico-sdk/sdk/2.1.1/src/common/pico_time/time.c.o
                0x100021a4                alarm_pool_get_default
 .text.alarm_pool_add_alarm_at_force_in_context
                0x100021cc       0xc0 CMakeFiles/Pico_gen.dir/Users/mcanulty/.pico-sdk/sdk/2.1.1/src/common/pico_time/time.c.o
                0x100021cc                alarm_pool_add_alarm_at_force_in_context
 .text.alarm_pool_add_alarm_at
                0x1000228c       0x38 CMakeFiles/Pico_gen.dir/Users/mcanulty/.pico-sdk/sdk/2.1.1/src/common/pico_time/time.c.o
                0x1000228c                alarm_pool_add_alarm_at
 .text.add_alarm_at
                0x100022c4       0x26 CMakeFiles/Pico_gen.dir/Users/mcanulty/.pico-sdk/sdk/2.1.1/src/common/pico_time/time.c.o
 .text.alarm_pool_cancel_alarm
                0x100022ea       0x72 CMakeFiles/Pico_gen.dir/Users/mcanulty/.pico-sdk/sdk/2.1.1/src/common/pico_time/time.c.o
                0x100022ea                alarm_pool_cancel_alarm
 .text.cancel_alarm
                0x1000235c       0x10 CMakeFiles/Pico_gen.dir/Users/mcanulty/.pico-sdk/sdk/2.1.1/src/common/pico_time/time.c.o
 .text.alarm_pool_core_num
                0x1000236c        0x4 CMakeFiles/Pico_gen.dir/Users/mcanulty/.pico-sdk/sdk/2.1.1/src/common/pico_time/time.c.o
                0x1000236c                alarm_pool_core_num
 .text.best_effort_wfe_or_timeout
                0x10002370       0xfc CMakeFiles/Pico_gen.dir/Users/mcanulty/.pico-sdk/sdk/2.1.1/src/common/pico_time/time.c.o
                0x10002370                best_effort_wfe_or_timeout
 .text.alarm_pool_get_default_timer
                0x1000246c        0x8 CMakeFiles/Pico_gen.dir/Users/mcanulty/.pico-sdk/sdk/2.1.1/src/common/pico_time/time.c.o
                0x1000246c                alarm_pool_get_default_timer
 .text.runtime_init_default_alarm_pool
                0x10002474       0x34 CMakeFiles/Pico_gen.dir/Users/mcanulty/.pico-sdk/sdk/2.1.1/src/common/pico_time/time.c.o
                0x10002474                runtime_init_default_alarm_pool
 .text.timer_hardware_alarm_claim
                0x100024a8       0x24 CMakeFiles/Pico_gen.dir/Users/mcanulty/.pico-sdk/sdk/2.1.1/src/rp2_common/hardware_timer/timer.c.o
                0x100024a8                timer_hardware_alarm_claim
 .text.timer_time_us_64
                0x100024cc       0x10 CMakeFiles/Pico_gen.dir/Users/mcanulty/.pico-sdk/sdk/2.1.1/src/rp2_common/hardware_timer/timer.c.o
                0x100024cc                timer_time_us_64
 .text.timer_busy_wait_until
                0x100024dc       0x1a CMakeFiles/Pico_gen.dir/Users/mcanulty/.pico-sdk/sdk/2.1.1/src/rp2_common/hardware_timer/timer.c.o
                0x100024dc                timer_busy_wait_until
 .text.timer_busy_wait_us
                0x100024f6       0x28 CMakeFiles/Pico_gen.dir/Users/mcanulty/.pico-sdk/sdk/2.1.1/src/rp2_common/hardware_timer/timer.c.o
                0x100024f6                timer_busy_wait_us
 *fill*         0x1000251e        0x2 
 .text.time_us_64
                0x10002520       0x10 CMakeFiles/Pico_gen.dir/Users/mcanulty/.pico-sdk/sdk/2.1.1/src/rp2_common/hardware_timer/timer.c.o
                0x10002520                time_us_64
 .text.busy_wait_us
                0x10002530       0x14 CMakeFiles/Pico_gen.dir/Users/mcanulty/.pico-sdk/sdk/2.1.1/src/rp2_common/hardware_timer/timer.c.o
                0x10002530                busy_wait_us
 .text.clock_configure_internal
                0x10002544       0xb8 CMakeFiles/Pico_gen.dir/Users/mcanulty/.pico-sdk/sdk/2.1.1/src/rp2_common/hardware_clocks/clocks.c.o
 .text.clock_configure_undivided
                0x100025fc       0x12 CMakeFiles/Pico_gen.dir/Users/mcanulty/.pico-sdk/sdk/2.1.1/src/rp2_common/hardware_clocks/clocks.c.o
                0x100025fc                clock_configure_undivided
 *fill*         0x1000260e        0x2 
 .text.clock_get_hz
                0x10002610        0xc CMakeFiles/Pico_gen.dir/Users/mcanulty/.pico-sdk/sdk/2.1.1/src/rp2_common/hardware_clocks/clocks.c.o
                0x10002610                clock_get_hz
 .text.pll_init
                0x1000261c      0x108 CMakeFiles/Pico_gen.dir/Users/mcanulty/.pico-sdk/sdk/2.1.1/src/rp2_common/hardware_pll/pll.c.o
                0x1000261c                pll_init
 .text.tick_start
                0x10002724       0x1c CMakeFiles/Pico_gen.dir/Users/mcanulty/.pico-sdk/sdk/2.1.1/src/rp2_common/hardware_ticks/ticks.c.o
                0x10002724                tick_start
 .text.rom_func_lookup
                0x10002740       0x1e CMakeFiles/Pico_gen.dir/Users/mcanulty/.pico-sdk/sdk/2.1.1/src/rp2_common/pico_bootrom/bootrom.c.o
                0x10002740                rom_func_lookup
 *fill*         0x1000275e        0x2 
 .text.runtime_init_bootrom_locking_enable
                0x10002760       0x14 CMakeFiles/Pico_gen.dir/Users/mcanulty/.pico-sdk/sdk/2.1.1/src/rp2_common/pico_bootrom/bootrom_lock.c.o
                0x10002760                runtime_init_bootrom_locking_enable
 .text.boot_locks_reset
                0x10002774       0x20 CMakeFiles/Pico_gen.dir/Users/mcanulty/.pico-sdk/sdk/2.1.1/src/rp2_common/hardware_boot_lock/boot_lock.c.o
                0x10002774                boot_locks_reset
 .text.runtime_init_boot_locks_reset
                0x10002794        0x8 CMakeFiles/Pico_gen.dir/Users/mcanulty/.pico-sdk/sdk/2.1.1/src/rp2_common/hardware_boot_lock/boot_lock.c.o
                0x10002794                runtime_init_boot_locks_reset
 .text.xosc_init
                0x1000279c       0x28 CMakeFiles/Pico_gen.dir/Users/mcanulty/.pico-sdk/sdk/2.1.1/src/rp2_common/hardware_xosc/xosc.c.o
                0x1000279c                xosc_init
 .text.runtime_run_initializers_from
                0x100027c4       0x18 CMakeFiles/Pico_gen.dir/Users/mcanulty/.pico-sdk/sdk/2.1.1/src/rp2_common/pico_runtime/runtime.c.o
 .text.first_per_core_initializer
                0x100027dc        0x2 CMakeFiles/Pico_gen.dir/Users/mcanulty/.pico-sdk/sdk/2.1.1/src/rp2_common/pico_runtime/runtime.c.o
 *fill*         0x100027de        0x2 
 .text.runtime_run_initializers
                0x100027e0       0x10 CMakeFiles/Pico_gen.dir/Users/mcanulty/.pico-sdk/sdk/2.1.1/src/rp2_common/pico_runtime/runtime.c.o
                0x100027e0                runtime_run_initializers
 .text.runtime_run_per_core_initializers
                0x100027f0       0x10 CMakeFiles/Pico_gen.dir/Users/mcanulty/.pico-sdk/sdk/2.1.1/src/rp2_common/pico_runtime/runtime.c.o
                0x100027f0                runtime_run_per_core_initializers
 .text.runtime_init_early_resets
                0x10002800       0x2c CMakeFiles/Pico_gen.dir/Users/mcanulty/.pico-sdk/sdk/2.1.1/src/rp2_common/pico_runtime_init/runtime_init.c.o
                0x10002800                runtime_init_early_resets
 .text.runtime_init_usb_power_down
                0x1000282c       0x20 CMakeFiles/Pico_gen.dir/Users/mcanulty/.pico-sdk/sdk/2.1.1/src/rp2_common/pico_runtime_init/runtime_init.c.o
                0x1000282c                runtime_init_usb_power_down
 .text.runtime_init_per_core_enable_coprocessors
                0x1000284c       0x1c CMakeFiles/Pico_gen.dir/Users/mcanulty/.pico-sdk/sdk/2.1.1/src/rp2_common/pico_runtime_init/runtime_init.c.o
                0x1000284c                runtime_init_per_core_enable_coprocessors
 .text.runtime_init_post_clock_resets
                0x10002868       0x20 CMakeFiles/Pico_gen.dir/Users/mcanulty/.pico-sdk/sdk/2.1.1/src/rp2_common/pico_runtime_init/runtime_init.c.o
                0x10002868                runtime_init_post_clock_resets
 .text.runtime_init_bootrom_reset
                0x10002888       0x12 CMakeFiles/Pico_gen.dir/Users/mcanulty/.pico-sdk/sdk/2.1.1/src/rp2_common/pico_runtime_init/runtime_init.c.o
                0x10002888                runtime_init_bootrom_reset
 .text.runtime_init_per_core_bootrom_reset
                0x1000289a       0x12 CMakeFiles/Pico_gen.dir/Users/mcanulty/.pico-sdk/sdk/2.1.1/src/rp2_common/pico_runtime_init/runtime_init.c.o
                0x1000289a                runtime_init_per_core_bootrom_reset
 .text.runtime_init_spin_locks_reset
                0x100028ac        0x8 CMakeFiles/Pico_gen.dir/Users/mcanulty/.pico-sdk/sdk/2.1.1/src/rp2_common/pico_runtime_init/runtime_init.c.o
                0x100028ac                runtime_init_spin_locks_reset
 .text.runtime_init_install_ram_vector_table
                0x100028b4       0x20 CMakeFiles/Pico_gen.dir/Users/mcanulty/.pico-sdk/sdk/2.1.1/src/rp2_common/pico_runtime_init/runtime_init.c.o
                0x100028b4                runtime_init_install_ram_vector_table
 .text.start_all_ticks
                0x100028d4       0x28 CMakeFiles/Pico_gen.dir/Users/mcanulty/.pico-sdk/sdk/2.1.1/src/rp2_common/pico_runtime_init/runtime_init_clocks.c.o
 .text.runtime_init_clocks
                0x100028fc       0xc4 CMakeFiles/Pico_gen.dir/Users/mcanulty/.pico-sdk/sdk/2.1.1/src/rp2_common/pico_runtime_init/runtime_init_clocks.c.o
                0x100028fc                runtime_init_clocks
 .text.__rp2350_dcp_engaged_state_save_restore
                0x100029c0       0x3a CMakeFiles/Pico_gen.dir/Users/mcanulty/.pico-sdk/sdk/2.1.1/src/rp2_common/pico_double/double_aeabi_dcp.S.o
 *fill*         0x100029fa        0x2 
 .text.__wrap___aeabi_dadd
                0x100029fc       0x28 CMakeFiles/Pico_gen.dir/Users/mcanulty/.pico-sdk/sdk/2.1.1/src/rp2_common/pico_double/double_aeabi_dcp.S.o
                0x10002a04                __wrap___aeabi_dadd
 .text.__wrap___aeabi_dsub
                0x10002a24       0x28 CMakeFiles/Pico_gen.dir/Users/mcanulty/.pico-sdk/sdk/2.1.1/src/rp2_common/pico_double/double_aeabi_dcp.S.o
                0x10002a2c                __wrap___aeabi_dsub
 .text.__wrap___aeabi_dmul
                0x10002a4c       0x4c CMakeFiles/Pico_gen.dir/Users/mcanulty/.pico-sdk/sdk/2.1.1/src/rp2_common/pico_double/double_aeabi_dcp.S.o
                0x10002a54                __wrap___aeabi_dmul
 .text.__wrap___aeabi_ddiv
                0x10002a98       0x9c CMakeFiles/Pico_gen.dir/Users/mcanulty/.pico-sdk/sdk/2.1.1/src/rp2_common/pico_double/double_aeabi_dcp.S.o
                0x10002aa0                __wrap___aeabi_ddiv
 .text.__wrap___aeabi_d2f
                0x10002b34       0x1c CMakeFiles/Pico_gen.dir/Users/mcanulty/.pico-sdk/sdk/2.1.1/src/rp2_common/pico_double/double_aeabi_dcp.S.o
                0x10002b3c                double2float
                0x10002b3c                __wrap___aeabi_d2f
 .text.__wrap___aeabi_i2d
                0x10002b50       0x24 CMakeFiles/Pico_gen.dir/Users/mcanulty/.pico-sdk/sdk/2.1.1/src/rp2_common/pico_double/double_aeabi_dcp.S.o
                0x10002b58                __wrap___aeabi_i2d
                0x10002b58                int2double
 .text.__wrap___aeabi_ui2d
                0x10002b74       0x24 CMakeFiles/Pico_gen.dir/Users/mcanulty/.pico-sdk/sdk/2.1.1/src/rp2_common/pico_double/double_aeabi_dcp.S.o
                0x10002b7c                __wrap___aeabi_ui2d
                0x10002b7c                uint2double
 .text.__wrap___aeabi_d2iz
                0x10002b98       0x24 CMakeFiles/Pico_gen.dir/Users/mcanulty/.pico-sdk/sdk/2.1.1/src/rp2_common/pico_double/double_aeabi_dcp.S.o
                0x10002ba0                __wrap___aeabi_d2iz
                0x10002ba0                double2int_z
 .text.__wrap___aeabi_d2uiz
                0x10002bbc       0x24 CMakeFiles/Pico_gen.dir/Users/mcanulty/.pico-sdk/sdk/2.1.1/src/rp2_common/pico_double/double_aeabi_dcp.S.o
                0x10002bc4                double2uint_z
                0x10002bc4                double2uint
                0x10002bc4                __wrap___aeabi_d2uiz
 .text.__wrap___aeabi_dcmpun
                0x10002be0       0x24 CMakeFiles/Pico_gen.dir/Users/mcanulty/.pico-sdk/sdk/2.1.1/src/rp2_common/pico_double/double_aeabi_dcp.S.o
                0x10002be8                __wrap___aeabi_dcmpun
 .text.__wrap___aeabi_dcmpeq
                0x10002c04       0x24 CMakeFiles/Pico_gen.dir/Users/mcanulty/.pico-sdk/sdk/2.1.1/src/rp2_common/pico_double/double_aeabi_dcp.S.o
                0x10002c0c                __wrap___aeabi_dcmpeq
 .text.__wrap___aeabi_dcmplt
                0x10002c28       0x28 CMakeFiles/Pico_gen.dir/Users/mcanulty/.pico-sdk/sdk/2.1.1/src/rp2_common/pico_double/double_aeabi_dcp.S.o
                0x10002c30                __wrap___aeabi_dcmplt
 .text.__wrap___aeabi_dcmple
                0x10002c50       0x28 CMakeFiles/Pico_gen.dir/Users/mcanulty/.pico-sdk/sdk/2.1.1/src/rp2_common/pico_double/double_aeabi_dcp.S.o
                0x10002c58                __wrap___aeabi_dcmple
 .text.__wrap___aeabi_dcmpge
                0x10002c78       0x28 CMakeFiles/Pico_gen.dir/Users/mcanulty/.pico-sdk/sdk/2.1.1/src/rp2_common/pico_double/double_aeabi_dcp.S.o
                0x10002c80                __wrap___aeabi_dcmpge
 .text.__wrap___aeabi_dcmpgt
                0x10002ca0       0x28 CMakeFiles/Pico_gen.dir/Users/mcanulty/.pico-sdk/sdk/2.1.1/src/rp2_common/pico_double/double_aeabi_dcp.S.o
                0x10002ca8                __wrap___aeabi_dcmpgt
 .text.rtwopi   0x10002cc8       0xa0 CMakeFiles/Pico_gen.dir/Users/mcanulty/.pico-sdk/sdk/2.1.1/src/rp2_common/pico_double/double_sci_m33.S.o
                0x10002ccc                rtwopi
 .text.drrcore  0x10002d68       0x64 CMakeFiles/Pico_gen.dir/Users/mcanulty/.pico-sdk/sdk/2.1.1/src/rp2_common/pico_double/double_sci_m33.S.o
 .text.__wrap_sin_cos
                0x10002dcc      0x434 CMakeFiles/Pico_gen.dir/Users/mcanulty/.pico-sdk/sdk/2.1.1/src/rp2_common/pico_double/double_sci_m33.S.o
                0x10002f60                __wrap_sincos
                0x10002f7c                __wrap_sin
                0x10002f86                __wrap_cos
 .text.dpack    0x10003200       0x58 CMakeFiles/Pico_gen.dir/Users/mcanulty/.pico-sdk/sdk/2.1.1/src/rp2_common/pico_double/double_sci_m33.S.o
 .text.trigtab  0x10003258      0x200 CMakeFiles/Pico_gen.dir/Users/mcanulty/.pico-sdk/sdk/2.1.1/src/rp2_common/pico_double/double_sci_m33.S.o
                0x10003258                trigtab
 .text.__wrap_conv_dtoui64
                0x10003458       0x72 CMakeFiles/Pico_gen.dir/Users/mcanulty/.pico-sdk/sdk/2.1.1/src/rp2_common/pico_double/double_conv_m33.S.o
                0x10003458                __wrap___aeabi_d2ulz
                0x10003458                double2uint64_z
                0x10003458                double2uint64
                0x1000345a                double2ufix64
                0x1000345a                double2ufix64_z
 .text.__wrap_conv_tof
                0x100034ca      0x1d4 CMakeFiles/Pico_gen.dir/Users/mcanulty/.pico-sdk/sdk/2.1.1/src/rp2_common/pico_float/float_common_m33.S.o
                0x100034ca                __wrap___aeabi_l2f
                0x100034ca                int642float
                0x100034cc                fix642float
                0x1000355a                fix2float
                0x100035c6                ufix2float
                0x10003622                uint642float
                0x10003622                __wrap___aeabi_ul2f
                0x10003624                ufix642float
 *fill*         0x1000369e        0x2 
 .text.check_alloc
                0x100036a0       0x20 CMakeFiles/Pico_gen.dir/Users/mcanulty/.pico-sdk/sdk/2.1.1/src/rp2_common/pico_malloc/malloc.c.o
 .text.__wrap_malloc
                0x100036c0       0x2c CMakeFiles/Pico_gen.dir/Users/mcanulty/.pico-sdk/sdk/2.1.1/src/rp2_common/pico_malloc/malloc.c.o
                0x100036c0                __wrap_malloc
 .text.__wrap_realloc
                0x100036ec       0x30 CMakeFiles/Pico_gen.dir/Users/mcanulty/.pico-sdk/sdk/2.1.1/src/rp2_common/pico_malloc/malloc.c.o
                0x100036ec                __wrap_realloc
 .text.__wrap_free
                0x1000371c       0x20 CMakeFiles/Pico_gen.dir/Users/mcanulty/.pico-sdk/sdk/2.1.1/src/rp2_common/pico_malloc/malloc.c.o
                0x1000371c                __wrap_free
 .text._Znwj    0x1000373c        0x8 CMakeFiles/Pico_gen.dir/Users/mcanulty/.pico-sdk/sdk/2.1.1/src/rp2_common/pico_cxx_options/new_delete.cpp.o
                0x1000373c                operator new(unsigned int)
 .text._out_null
                0x10003744        0x2 CMakeFiles/Pico_gen.dir/Users/mcanulty/.pico-sdk/sdk/2.1.1/src/rp2_common/pico_printf/printf.c.o
 .text._out_fct
                0x10003746        0xe CMakeFiles/Pico_gen.dir/Users/mcanulty/.pico-sdk/sdk/2.1.1/src/rp2_common/pico_printf/printf.c.o
 .text._atoi    0x10003754       0x26 CMakeFiles/Pico_gen.dir/Users/mcanulty/.pico-sdk/sdk/2.1.1/src/rp2_common/pico_printf/printf.c.o
 .text._out_rev
                0x1000377a       0x7e CMakeFiles/Pico_gen.dir/Users/mcanulty/.pico-sdk/sdk/2.1.1/src/rp2_common/pico_printf/printf.c.o
 .text._ntoa_format
                0x100037f8      0x134 CMakeFiles/Pico_gen.dir/Users/mcanulty/.pico-sdk/sdk/2.1.1/src/rp2_common/pico_printf/printf.c.o
 .text._ntoa_long
                0x1000392c       0x94 CMakeFiles/Pico_gen.dir/Users/mcanulty/.pico-sdk/sdk/2.1.1/src/rp2_common/pico_printf/printf.c.o
 .text._ntoa_long_long
                0x100039c0       0xc2 CMakeFiles/Pico_gen.dir/Users/mcanulty/.pico-sdk/sdk/2.1.1/src/rp2_common/pico_printf/printf.c.o
 *fill*         0x10003a82        0x6 
 .text._etoa    0x10003a88      0x420 CMakeFiles/Pico_gen.dir/Users/mcanulty/.pico-sdk/sdk/2.1.1/src/rp2_common/pico_printf/printf.c.o
 .text._ftoa    0x10003ea8      0x398 CMakeFiles/Pico_gen.dir/Users/mcanulty/.pico-sdk/sdk/2.1.1/src/rp2_common/pico_printf/printf.c.o
 .text._vsnprintf
                0x10004240      0x6d8 CMakeFiles/Pico_gen.dir/Users/mcanulty/.pico-sdk/sdk/2.1.1/src/rp2_common/pico_printf/printf.c.o
 .text.vfctprintf
                0x10004918       0x24 CMakeFiles/Pico_gen.dir/Users/mcanulty/.pico-sdk/sdk/2.1.1/src/rp2_common/pico_printf/printf.c.o
                0x10004918                vfctprintf
 .text._exit    0x1000493c        0x4 CMakeFiles/Pico_gen.dir/Users/mcanulty/.pico-sdk/sdk/2.1.1/src/rp2_common/pico_clib_interface/newlib_interface.c.o
                0x1000493c                _exit
 .text._sbrk    0x10004940       0x34 CMakeFiles/Pico_gen.dir/Users/mcanulty/.pico-sdk/sdk/2.1.1/src/rp2_common/pico_clib_interface/newlib_interface.c.o
                0x10004940                _sbrk
 .text._read    0x10004974       0x20 CMakeFiles/Pico_gen.dir/Users/mcanulty/.pico-sdk/sdk/2.1.1/src/rp2_common/pico_clib_interface/newlib_interface.c.o
                0x10004974                _read
 .text._write   0x10004994       0x20 CMakeFiles/Pico_gen.dir/Users/mcanulty/.pico-sdk/sdk/2.1.1/src/rp2_common/pico_clib_interface/newlib_interface.c.o
                0x10004994                _write
 .text._close   0x100049b4        0x6 CMakeFiles/Pico_gen.dir/Users/mcanulty/.pico-sdk/sdk/2.1.1/src/rp2_common/pico_clib_interface/newlib_interface.c.o
                0x100049b4                _close
 .text._lseek   0x100049ba        0x6 CMakeFiles/Pico_gen.dir/Users/mcanulty/.pico-sdk/sdk/2.1.1/src/rp2_common/pico_clib_interface/newlib_interface.c.o
                0x100049ba                _lseek
 .text._fstat   0x100049c0        0x6 CMakeFiles/Pico_gen.dir/Users/mcanulty/.pico-sdk/sdk/2.1.1/src/rp2_common/pico_clib_interface/newlib_interface.c.o
                0x100049c0                _fstat
 .text._isatty  0x100049c6        0xa CMakeFiles/Pico_gen.dir/Users/mcanulty/.pico-sdk/sdk/2.1.1/src/rp2_common/pico_clib_interface/newlib_interface.c.o
                0x100049c6                _isatty
 .text.exit     0x100049d0        0x6 CMakeFiles/Pico_gen.dir/Users/mcanulty/.pico-sdk/sdk/2.1.1/src/rp2_common/pico_clib_interface/newlib_interface.c.o
                0x100049d0                exit
 *fill*         0x100049d6        0x2 
 .text.__assert_func
                0x100049d8       0x34 CMakeFiles/Pico_gen.dir/Users/mcanulty/.pico-sdk/sdk/2.1.1/src/rp2_common/pico_clib_interface/newlib_interface.c.o
                0x100049d8                __assert_func
 .text.runtime_init
                0x10004a0c       0x2c CMakeFiles/Pico_gen.dir/Users/mcanulty/.pico-sdk/sdk/2.1.1/src/rp2_common/pico_clib_interface/newlib_interface.c.o
                0x10004a0c                runtime_init
 .text.stdio_out_chars_no_crlf
                0x10004a38        0xe CMakeFiles/Pico_gen.dir/Users/mcanulty/.pico-sdk/sdk/2.1.1/src/rp2_common/pico_stdio/stdio.c.o
 *fill*         0x10004a46        0x2 
 .text.stdio_out_chars_crlf
                0x10004a48       0x80 CMakeFiles/Pico_gen.dir/Users/mcanulty/.pico-sdk/sdk/2.1.1/src/rp2_common/pico_stdio/stdio.c.o
 .text.stdio_stack_buffer_flush
                0x10004ac8       0x40 CMakeFiles/Pico_gen.dir/Users/mcanulty/.pico-sdk/sdk/2.1.1/src/rp2_common/pico_stdio/stdio.c.o
 .text.stdio_buffered_printer
                0x10004b08       0x20 CMakeFiles/Pico_gen.dir/Users/mcanulty/.pico-sdk/sdk/2.1.1/src/rp2_common/pico_stdio/stdio.c.o
 .text.stdout_serialize_begin
                0x10004b28       0x2c CMakeFiles/Pico_gen.dir/Users/mcanulty/.pico-sdk/sdk/2.1.1/src/rp2_common/pico_stdio/stdio.c.o
                0x10004b28                stdout_serialize_begin
 .text.stdout_serialize_end
                0x10004b54       0x10 CMakeFiles/Pico_gen.dir/Users/mcanulty/.pico-sdk/sdk/2.1.1/src/rp2_common/pico_stdio/stdio.c.o
                0x10004b54                stdout_serialize_end
 .text.stdio_put_string
                0x10004b64       0x8c CMakeFiles/Pico_gen.dir/Users/mcanulty/.pico-sdk/sdk/2.1.1/src/rp2_common/pico_stdio/stdio.c.o
                0x10004b64                stdio_put_string
 .text.stdio_get_until
                0x10004bf0       0x6c CMakeFiles/Pico_gen.dir/Users/mcanulty/.pico-sdk/sdk/2.1.1/src/rp2_common/pico_stdio/stdio.c.o
                0x10004bf0                stdio_get_until
 .text.stdio_set_driver_enabled
                0x10004c5c       0x2c CMakeFiles/Pico_gen.dir/Users/mcanulty/.pico-sdk/sdk/2.1.1/src/rp2_common/pico_stdio/stdio.c.o
                0x10004c5c                stdio_set_driver_enabled
 .text.stdio_flush
                0x10004c88       0x1c CMakeFiles/Pico_gen.dir/Users/mcanulty/.pico-sdk/sdk/2.1.1/src/rp2_common/pico_stdio/stdio.c.o
                0x10004c88                stdio_flush
 .text.stdio_init_all
                0x10004ca4        0x8 CMakeFiles/Pico_gen.dir/Users/mcanulty/.pico-sdk/sdk/2.1.1/src/rp2_common/pico_stdio/stdio.c.o
                0x10004ca4                stdio_init_all
 .text.__wrap_puts
                0x10004cac       0x1e CMakeFiles/Pico_gen.dir/Users/mcanulty/.pico-sdk/sdk/2.1.1/src/rp2_common/pico_stdio/stdio.c.o
                0x10004cac                __wrap_puts
                0x10004cac                stdio_puts
 *fill*         0x10004cca        0x2 
 .text.__wrap_vprintf
                0x10004ccc       0x40 CMakeFiles/Pico_gen.dir/Users/mcanulty/.pico-sdk/sdk/2.1.1/src/rp2_common/pico_stdio/stdio.c.o
                0x10004ccc                __wrap_vprintf
                0x10004ccc                stdio_vprintf
 .text.__wrap_printf
                0x10004d0c       0x1c CMakeFiles/Pico_gen.dir/Users/mcanulty/.pico-sdk/sdk/2.1.1/src/rp2_common/pico_stdio/stdio.c.o
                0x10004d0c                stdio_printf
                0x10004d0c                __wrap_printf
 .text.stdio_usb_set_chars_available_callback
                0x10004d28       0x14 CMakeFiles/Pico_gen.dir/Users/mcanulty/.pico-sdk/sdk/2.1.1/src/rp2_common/pico_stdio_usb/stdio_usb.c.o
                0x10004d28                stdio_usb_set_chars_available_callback
 .text.stdio_usb_out_flush
                0x10004d3c       0x48 CMakeFiles/Pico_gen.dir/Users/mcanulty/.pico-sdk/sdk/2.1.1/src/rp2_common/pico_stdio_usb/stdio_usb.c.o
 .text.stdio_usb_init
                0x10004d84       0x6c CMakeFiles/Pico_gen.dir/Users/mcanulty/.pico-sdk/sdk/2.1.1/src/rp2_common/pico_stdio_usb/stdio_usb.c.o
                0x10004d84                stdio_usb_init
 .text.stdio_usb_connected
                0x10004df0        0xa CMakeFiles/Pico_gen.dir/Users/mcanulty/.pico-sdk/sdk/2.1.1/src/rp2_common/pico_stdio_usb/stdio_usb.c.o
                0x10004df0                stdio_usb_connected
 *fill*         0x10004dfa        0x2 
 .text.stdio_usb_in_chars
                0x10004dfc       0x8c CMakeFiles/Pico_gen.dir/Users/mcanulty/.pico-sdk/sdk/2.1.1/src/rp2_common/pico_stdio_usb/stdio_usb.c.o
                0x10004dfc                stdio_usb_in_chars
 .text.stdio_usb_out_chars
                0x10004e88       0xd4 CMakeFiles/Pico_gen.dir/Users/mcanulty/.pico-sdk/sdk/2.1.1/src/rp2_common/pico_stdio_usb/stdio_usb.c.o
 .text._retrieve_unique_id_on_boot
                0x10004f5c       0x58 CMakeFiles/Pico_gen.dir/Users/mcanulty/.pico-sdk/sdk/2.1.1/src/rp2_common/pico_unique_id/unique_id.c.o
 .text.pico_get_unique_board_id
                0x10004fb4       0x10 CMakeFiles/Pico_gen.dir/Users/mcanulty/.pico-sdk/sdk/2.1.1/src/rp2_common/pico_unique_id/unique_id.c.o
                0x10004fb4                pico_get_unique_board_id
 .text.hw_endpoint_init
                0x10004fc4       0xbc CMakeFiles/Pico_gen.dir/Users/mcanulty/.pico-sdk/sdk/2.1.1/lib/tinyusb/src/portable/raspberrypi/rp2040/dcd_rp2040.c.o
 .text.hw_endpoint_alloc
                0x10005080       0x48 CMakeFiles/Pico_gen.dir/Users/mcanulty/.pico-sdk/sdk/2.1.1/lib/tinyusb/src/portable/raspberrypi/rp2040/dcd_rp2040.c.o
 .text.hw_endpoint_open
                0x100050c8       0x44 CMakeFiles/Pico_gen.dir/Users/mcanulty/.pico-sdk/sdk/2.1.1/lib/tinyusb/src/portable/raspberrypi/rp2040/dcd_rp2040.c.o
 .text.hw_endpoint_xfer
                0x1000510c       0x1c CMakeFiles/Pico_gen.dir/Users/mcanulty/.pico-sdk/sdk/2.1.1/lib/tinyusb/src/portable/raspberrypi/rp2040/dcd_rp2040.c.o
 .text.dcd_int_enable
                0x10005128       0x28 CMakeFiles/Pico_gen.dir/Users/mcanulty/.pico-sdk/sdk/2.1.1/lib/tinyusb/src/portable/raspberrypi/rp2040/dcd_rp2040.c.o
                0x10005128                dcd_int_enable
 .text.dcd_set_address
                0x10005150       0x2c CMakeFiles/Pico_gen.dir/Users/mcanulty/.pico-sdk/sdk/2.1.1/lib/tinyusb/src/portable/raspberrypi/rp2040/dcd_rp2040.c.o
                0x10005150                dcd_set_address
 .text.dcd_connect
                0x1000517c       0x10 CMakeFiles/Pico_gen.dir/Users/mcanulty/.pico-sdk/sdk/2.1.1/lib/tinyusb/src/portable/raspberrypi/rp2040/dcd_rp2040.c.o
                0x1000517c                dcd_connect
 .text.dcd_init
                0x1000518c       0x84 CMakeFiles/Pico_gen.dir/Users/mcanulty/.pico-sdk/sdk/2.1.1/lib/tinyusb/src/portable/raspberrypi/rp2040/dcd_rp2040.c.o
                0x1000518c                dcd_init
 .text.dcd_sof_enable
                0x10005210       0x1c CMakeFiles/Pico_gen.dir/Users/mcanulty/.pico-sdk/sdk/2.1.1/lib/tinyusb/src/portable/raspberrypi/rp2040/dcd_rp2040.c.o
                0x10005210                dcd_sof_enable
 .text.dcd_edpt0_status_complete
                0x1000522c       0x20 CMakeFiles/Pico_gen.dir/Users/mcanulty/.pico-sdk/sdk/2.1.1/lib/tinyusb/src/portable/raspberrypi/rp2040/dcd_rp2040.c.o
                0x1000522c                dcd_edpt0_status_complete
 .text.dcd_edpt_open
                0x1000524c       0x22 CMakeFiles/Pico_gen.dir/Users/mcanulty/.pico-sdk/sdk/2.1.1/lib/tinyusb/src/portable/raspberrypi/rp2040/dcd_rp2040.c.o
                0x1000524c                dcd_edpt_open
 *fill*         0x1000526e        0x2 
 .text.dcd_edpt_iso_alloc
                0x10005270       0x30 CMakeFiles/Pico_gen.dir/Users/mcanulty/.pico-sdk/sdk/2.1.1/lib/tinyusb/src/portable/raspberrypi/rp2040/dcd_rp2040.c.o
                0x10005270                dcd_edpt_iso_alloc
 .text.dcd_edpt_iso_activate
                0x100052a0       0x88 CMakeFiles/Pico_gen.dir/Users/mcanulty/.pico-sdk/sdk/2.1.1/lib/tinyusb/src/portable/raspberrypi/rp2040/dcd_rp2040.c.o
                0x100052a0                dcd_edpt_iso_activate
 .text.dcd_edpt_close_all
                0x10005328        0x8 CMakeFiles/Pico_gen.dir/Users/mcanulty/.pico-sdk/sdk/2.1.1/lib/tinyusb/src/portable/raspberrypi/rp2040/dcd_rp2040.c.o
                0x10005328                dcd_edpt_close_all
 .text.dcd_edpt_xfer
                0x10005330       0x2c CMakeFiles/Pico_gen.dir/Users/mcanulty/.pico-sdk/sdk/2.1.1/lib/tinyusb/src/portable/raspberrypi/rp2040/dcd_rp2040.c.o
                0x10005330                dcd_edpt_xfer
 .text.dcd_edpt_stall
                0x1000535c       0x38 CMakeFiles/Pico_gen.dir/Users/mcanulty/.pico-sdk/sdk/2.1.1/lib/tinyusb/src/portable/raspberrypi/rp2040/dcd_rp2040.c.o
                0x1000535c                dcd_edpt_stall
 .text.dcd_edpt_clear_stall
                0x10005394       0x28 CMakeFiles/Pico_gen.dir/Users/mcanulty/.pico-sdk/sdk/2.1.1/lib/tinyusb/src/portable/raspberrypi/rp2040/dcd_rp2040.c.o
                0x10005394                dcd_edpt_clear_stall
 .text.unaligned_memcpy
                0x100053bc       0x14 CMakeFiles/Pico_gen.dir/Users/mcanulty/.pico-sdk/sdk/2.1.1/lib/tinyusb/src/portable/raspberrypi/rp2040/rp2040_usb.c.o
 .text.rp2040_usb_init
                0x100053d0       0x40 CMakeFiles/Pico_gen.dir/Users/mcanulty/.pico-sdk/sdk/2.1.1/lib/tinyusb/src/portable/raspberrypi/rp2040/rp2040_usb.c.o
                0x100053d0                rp2040_usb_init
 .text.hw_endpoint_xfer_start
                0x10005410       0x58 CMakeFiles/Pico_gen.dir/Users/mcanulty/.pico-sdk/sdk/2.1.1/lib/tinyusb/src/portable/raspberrypi/rp2040/rp2040_usb.c.o
                0x10005410                hw_endpoint_xfer_start
 .text.critical_section_enter_blocking
                0x10005468       0x26 CMakeFiles/Pico_gen.dir/Users/mcanulty/.pico-sdk/sdk/2.1.1/lib/tinyusb/src/device/usbd.c.o
 .text.tud_vendor_control_xfer_cb
                0x1000548e        0x4 CMakeFiles/Pico_gen.dir/Users/mcanulty/.pico-sdk/sdk/2.1.1/lib/tinyusb/src/device/usbd.c.o
                0x1000548e                tud_vendor_control_xfer_cb
 *fill*         0x10005492        0x2 
 .text.configuration_reset
                0x10005494       0x90 CMakeFiles/Pico_gen.dir/Users/mcanulty/.pico-sdk/sdk/2.1.1/lib/tinyusb/src/device/usbd.c.o
 .text.usbd_reset
                0x10005524        0xc CMakeFiles/Pico_gen.dir/Users/mcanulty/.pico-sdk/sdk/2.1.1/lib/tinyusb/src/device/usbd.c.o
 .text.invoke_class_control
                0x10005530       0x1a CMakeFiles/Pico_gen.dir/Users/mcanulty/.pico-sdk/sdk/2.1.1/lib/tinyusb/src/device/usbd.c.o
 *fill*         0x1000554a        0x2 
 .text.process_set_config
                0x1000554c      0x1d8 CMakeFiles/Pico_gen.dir/Users/mcanulty/.pico-sdk/sdk/2.1.1/lib/tinyusb/src/device/usbd.c.o
 .text.tud_event_hook_cb
                0x10005724        0x2 CMakeFiles/Pico_gen.dir/Users/mcanulty/.pico-sdk/sdk/2.1.1/lib/tinyusb/src/device/usbd.c.o
                0x10005724                tud_event_hook_cb
 .text.tud_sof_cb
                0x10005726        0x2 CMakeFiles/Pico_gen.dir/Users/mcanulty/.pico-sdk/sdk/2.1.1/lib/tinyusb/src/device/usbd.c.o
                0x10005726                tud_sof_cb
 .text.tud_descriptor_bos_cb
                0x10005728        0x4 CMakeFiles/Pico_gen.dir/Users/mcanulty/.pico-sdk/sdk/2.1.1/lib/tinyusb/src/device/usbd.c.o
                0x10005728                tud_descriptor_bos_cb
 .text.tud_descriptor_device_qualifier_cb
                0x1000572c        0x4 CMakeFiles/Pico_gen.dir/Users/mcanulty/.pico-sdk/sdk/2.1.1/lib/tinyusb/src/device/usbd.c.o
                0x1000572c                tud_descriptor_device_qualifier_cb
 .text.tud_descriptor_other_speed_configuration_cb
                0x10005730        0x4 CMakeFiles/Pico_gen.dir/Users/mcanulty/.pico-sdk/sdk/2.1.1/lib/tinyusb/src/device/usbd.c.o
                0x10005730                tud_descriptor_other_speed_configuration_cb
 .text.process_get_descriptor
                0x10005734       0xf8 CMakeFiles/Pico_gen.dir/Users/mcanulty/.pico-sdk/sdk/2.1.1/lib/tinyusb/src/device/usbd.c.o
 .text.tud_mount_cb
                0x1000582c        0x2 CMakeFiles/Pico_gen.dir/Users/mcanulty/.pico-sdk/sdk/2.1.1/lib/tinyusb/src/device/usbd.c.o
                0x1000582c                tud_mount_cb
 .text.tud_umount_cb
                0x1000582e        0x2 CMakeFiles/Pico_gen.dir/Users/mcanulty/.pico-sdk/sdk/2.1.1/lib/tinyusb/src/device/usbd.c.o
                0x1000582e                tud_umount_cb
 .text.tud_suspend_cb
                0x10005830        0x2 CMakeFiles/Pico_gen.dir/Users/mcanulty/.pico-sdk/sdk/2.1.1/lib/tinyusb/src/device/usbd.c.o
                0x10005830                tud_suspend_cb
 .text.tud_resume_cb
                0x10005832        0x2 CMakeFiles/Pico_gen.dir/Users/mcanulty/.pico-sdk/sdk/2.1.1/lib/tinyusb/src/device/usbd.c.o
                0x10005832                tud_resume_cb
 .text.tud_speed_get
                0x10005834        0xc CMakeFiles/Pico_gen.dir/Users/mcanulty/.pico-sdk/sdk/2.1.1/lib/tinyusb/src/device/usbd.c.o
                0x10005834                tud_speed_get
 .text.tud_mounted
                0x10005840       0x14 CMakeFiles/Pico_gen.dir/Users/mcanulty/.pico-sdk/sdk/2.1.1/lib/tinyusb/src/device/usbd.c.o
                0x10005840                tud_mounted
 .text.tud_suspended
                0x10005854       0x10 CMakeFiles/Pico_gen.dir/Users/mcanulty/.pico-sdk/sdk/2.1.1/lib/tinyusb/src/device/usbd.c.o
                0x10005854                tud_suspended
 .text.tud_inited
                0x10005864       0x10 CMakeFiles/Pico_gen.dir/Users/mcanulty/.pico-sdk/sdk/2.1.1/lib/tinyusb/src/device/usbd.c.o
                0x10005864                tud_inited
 .text.tud_rhport_init
                0x10005874      0x128 CMakeFiles/Pico_gen.dir/Users/mcanulty/.pico-sdk/sdk/2.1.1/lib/tinyusb/src/device/usbd.c.o
                0x10005874                tud_rhport_init
 .text.usbd_edpt_open
                0x1000599c       0x7c CMakeFiles/Pico_gen.dir/Users/mcanulty/.pico-sdk/sdk/2.1.1/lib/tinyusb/src/device/usbd.c.o
                0x1000599c                usbd_edpt_open
 .text.usbd_open_edpt_pair
                0x10005a18       0xa4 CMakeFiles/Pico_gen.dir/Users/mcanulty/.pico-sdk/sdk/2.1.1/lib/tinyusb/src/device/usbd.c.o
                0x10005a18                usbd_open_edpt_pair
 .text.usbd_edpt_claim
                0x10005abc       0x28 CMakeFiles/Pico_gen.dir/Users/mcanulty/.pico-sdk/sdk/2.1.1/lib/tinyusb/src/device/usbd.c.o
                0x10005abc                usbd_edpt_claim
 .text.usbd_edpt_release
                0x10005ae4       0x28 CMakeFiles/Pico_gen.dir/Users/mcanulty/.pico-sdk/sdk/2.1.1/lib/tinyusb/src/device/usbd.c.o
                0x10005ae4                usbd_edpt_release
 .text.usbd_edpt_xfer
                0x10005b0c       0x90 CMakeFiles/Pico_gen.dir/Users/mcanulty/.pico-sdk/sdk/2.1.1/lib/tinyusb/src/device/usbd.c.o
                0x10005b0c                usbd_edpt_xfer
 .text.usbd_edpt_stall
                0x10005b9c       0x3c CMakeFiles/Pico_gen.dir/Users/mcanulty/.pico-sdk/sdk/2.1.1/lib/tinyusb/src/device/usbd.c.o
                0x10005b9c                usbd_edpt_stall
 .text.usbd_edpt_clear_stall
                0x10005bd8       0x3c CMakeFiles/Pico_gen.dir/Users/mcanulty/.pico-sdk/sdk/2.1.1/lib/tinyusb/src/device/usbd.c.o
                0x10005bd8                usbd_edpt_clear_stall
 .text.usbd_edpt_stalled
                0x10005c14       0x1c CMakeFiles/Pico_gen.dir/Users/mcanulty/.pico-sdk/sdk/2.1.1/lib/tinyusb/src/device/usbd.c.o
                0x10005c14                usbd_edpt_stalled
 .text.process_control_request
                0x10005c30      0x404 CMakeFiles/Pico_gen.dir/Users/mcanulty/.pico-sdk/sdk/2.1.1/lib/tinyusb/src/device/usbd.c.o
 .text.tud_task_ext
                0x10006034      0x238 CMakeFiles/Pico_gen.dir/Users/mcanulty/.pico-sdk/sdk/2.1.1/lib/tinyusb/src/device/usbd.c.o
                0x10006034                tud_task_ext
 .text.usbd_edpt_iso_alloc
                0x1000626c       0x40 CMakeFiles/Pico_gen.dir/Users/mcanulty/.pico-sdk/sdk/2.1.1/lib/tinyusb/src/device/usbd.c.o
                0x1000626c                usbd_edpt_iso_alloc
 .text.usbd_edpt_iso_activate
                0x100062ac       0xb0 CMakeFiles/Pico_gen.dir/Users/mcanulty/.pico-sdk/sdk/2.1.1/lib/tinyusb/src/device/usbd.c.o
                0x100062ac                usbd_edpt_iso_activate
 .text.status_stage_xact
                0x1000635c       0x1a CMakeFiles/Pico_gen.dir/Users/mcanulty/.pico-sdk/sdk/2.1.1/lib/tinyusb/src/device/usbd_control.c.o
 *fill*         0x10006376        0x2 
 .text.data_stage_xact
                0x10006378       0x5c CMakeFiles/Pico_gen.dir/Users/mcanulty/.pico-sdk/sdk/2.1.1/lib/tinyusb/src/device/usbd_control.c.o
 .text.tud_control_status
                0x100063d4       0x28 CMakeFiles/Pico_gen.dir/Users/mcanulty/.pico-sdk/sdk/2.1.1/lib/tinyusb/src/device/usbd_control.c.o
                0x100063d4                tud_control_status
 .text.tud_control_xfer
                0x100063fc       0xac CMakeFiles/Pico_gen.dir/Users/mcanulty/.pico-sdk/sdk/2.1.1/lib/tinyusb/src/device/usbd_control.c.o
                0x100063fc                tud_control_xfer
 .text.usbd_control_reset
                0x100064a8       0x14 CMakeFiles/Pico_gen.dir/Users/mcanulty/.pico-sdk/sdk/2.1.1/lib/tinyusb/src/device/usbd_control.c.o
                0x100064a8                usbd_control_reset
 .text.usbd_control_set_complete_callback
                0x100064bc        0xc CMakeFiles/Pico_gen.dir/Users/mcanulty/.pico-sdk/sdk/2.1.1/lib/tinyusb/src/device/usbd_control.c.o
                0x100064bc                usbd_control_set_complete_callback
 .text.usbd_control_set_request
                0x100064c8       0x1c CMakeFiles/Pico_gen.dir/Users/mcanulty/.pico-sdk/sdk/2.1.1/lib/tinyusb/src/device/usbd_control.c.o
                0x100064c8                usbd_control_set_request
 .text.usbd_control_xfer_cb
                0x100064e4      0x10c CMakeFiles/Pico_gen.dir/Users/mcanulty/.pico-sdk/sdk/2.1.1/lib/tinyusb/src/device/usbd_control.c.o
                0x100064e4                usbd_control_xfer_cb
 .text.audiod_get_AS_interface_index
                0x100065f0       0x58 CMakeFiles/Pico_gen.dir/Users/mcanulty/.pico-sdk/sdk/2.1.1/lib/tinyusb/src/class/audio/audio_device.c.o
 .text.audiod_get_AS_interface_index_global
                0x10006648       0x3c CMakeFiles/Pico_gen.dir/Users/mcanulty/.pico-sdk/sdk/2.1.1/lib/tinyusb/src/class/audio/audio_device.c.o
 .text.audiod_verify_entity_exists
                0x10006684       0x60 CMakeFiles/Pico_gen.dir/Users/mcanulty/.pico-sdk/sdk/2.1.1/lib/tinyusb/src/class/audio/audio_device.c.o
 .text.audiod_verify_itf_exists
                0x100066e4       0x58 CMakeFiles/Pico_gen.dir/Users/mcanulty/.pico-sdk/sdk/2.1.1/lib/tinyusb/src/class/audio/audio_device.c.o
 .text.audiod_verify_ep_exists
                0x1000673c       0x5c CMakeFiles/Pico_gen.dir/Users/mcanulty/.pico-sdk/sdk/2.1.1/lib/tinyusb/src/class/audio/audio_device.c.o
 .text.audiod_parse_for_AS_params
                0x10006798       0x96 CMakeFiles/Pico_gen.dir/Users/mcanulty/.pico-sdk/sdk/2.1.1/lib/tinyusb/src/class/audio/audio_device.c.o
 *fill*         0x1000682e        0x2 
 .text.audiod_tx_packet_size
                0x10006830       0x88 CMakeFiles/Pico_gen.dir/Users/mcanulty/.pico-sdk/sdk/2.1.1/lib/tinyusb/src/class/audio/audio_device.c.o
 .text.audiod_get_audio_fct_idx
                0x100068b8       0x20 CMakeFiles/Pico_gen.dir/Users/mcanulty/.pico-sdk/sdk/2.1.1/lib/tinyusb/src/class/audio/audio_device.c.o
 .text.audiod_get_interface
                0x100068d8       0x4c CMakeFiles/Pico_gen.dir/Users/mcanulty/.pico-sdk/sdk/2.1.1/lib/tinyusb/src/class/audio/audio_device.c.o
 .text.audiod_calc_tx_packet_sz
                0x10006924      0x104 CMakeFiles/Pico_gen.dir/Users/mcanulty/.pico-sdk/sdk/2.1.1/lib/tinyusb/src/class/audio/audio_device.c.o
 .text.tud_audio_tx_done_post_load_cb
                0x10006a28        0x4 CMakeFiles/Pico_gen.dir/Users/mcanulty/.pico-sdk/sdk/2.1.1/lib/tinyusb/src/class/audio/audio_device.c.o
                0x10006a28                tud_audio_tx_done_post_load_cb
 .text.audiod_tx_done_cb
                0x10006a2c       0x9e CMakeFiles/Pico_gen.dir/Users/mcanulty/.pico-sdk/sdk/2.1.1/lib/tinyusb/src/class/audio/audio_device.c.o
 .text.tud_audio_rx_done_post_read_cb
                0x10006aca        0x4 CMakeFiles/Pico_gen.dir/Users/mcanulty/.pico-sdk/sdk/2.1.1/lib/tinyusb/src/class/audio/audio_device.c.o
                0x10006aca                tud_audio_rx_done_post_read_cb
 .text.audiod_rx_done_cb
                0x10006ace       0x80 CMakeFiles/Pico_gen.dir/Users/mcanulty/.pico-sdk/sdk/2.1.1/lib/tinyusb/src/class/audio/audio_device.c.o
 *fill*         0x10006b4e        0x2 
 .text.audiod_set_interface
                0x10006b50      0x23c CMakeFiles/Pico_gen.dir/Users/mcanulty/.pico-sdk/sdk/2.1.1/lib/tinyusb/src/class/audio/audio_device.c.o
 .text.tud_audio_set_req_ep_cb
                0x10006d8c        0x4 CMakeFiles/Pico_gen.dir/Users/mcanulty/.pico-sdk/sdk/2.1.1/lib/tinyusb/src/class/audio/audio_device.c.o
                0x10006d8c                tud_audio_set_req_ep_cb
 .text.tud_audio_set_req_itf_cb
                0x10006d90        0x4 CMakeFiles/Pico_gen.dir/Users/mcanulty/.pico-sdk/sdk/2.1.1/lib/tinyusb/src/class/audio/audio_device.c.o
                0x10006d90                tud_audio_set_req_itf_cb
 .text.audiod_control_complete
                0x10006d94       0xec CMakeFiles/Pico_gen.dir/Users/mcanulty/.pico-sdk/sdk/2.1.1/lib/tinyusb/src/class/audio/audio_device.c.o
 .text.tud_audio_get_req_ep_cb
                0x10006e80        0x4 CMakeFiles/Pico_gen.dir/Users/mcanulty/.pico-sdk/sdk/2.1.1/lib/tinyusb/src/class/audio/audio_device.c.o
                0x10006e80                tud_audio_get_req_ep_cb
 .text.tud_audio_get_req_itf_cb
                0x10006e84        0x4 CMakeFiles/Pico_gen.dir/Users/mcanulty/.pico-sdk/sdk/2.1.1/lib/tinyusb/src/class/audio/audio_device.c.o
                0x10006e84                tud_audio_get_req_itf_cb
 .text.audiod_control_request
                0x10006e88      0x108 CMakeFiles/Pico_gen.dir/Users/mcanulty/.pico-sdk/sdk/2.1.1/lib/tinyusb/src/class/audio/audio_device.c.o
 .text.tud_audio_n_read
                0x10006f90       0x30 CMakeFiles/Pico_gen.dir/Users/mcanulty/.pico-sdk/sdk/2.1.1/lib/tinyusb/src/class/audio/audio_device.c.o
                0x10006f90                tud_audio_n_read
 .text.tud_audio_n_write
                0x10006fc0       0x30 CMakeFiles/Pico_gen.dir/Users/mcanulty/.pico-sdk/sdk/2.1.1/lib/tinyusb/src/class/audio/audio_device.c.o
                0x10006fc0                tud_audio_n_write
 .text.audiod_init
                0x10006ff0       0xc8 CMakeFiles/Pico_gen.dir/Users/mcanulty/.pico-sdk/sdk/2.1.1/lib/tinyusb/src/class/audio/audio_device.c.o
                0x10006ff0                audiod_init
 .text.audiod_deinit
                0x100070b8        0x4 CMakeFiles/Pico_gen.dir/Users/mcanulty/.pico-sdk/sdk/2.1.1/lib/tinyusb/src/class/audio/audio_device.c.o
                0x100070b8                audiod_deinit
 .text.audiod_reset
                0x100070bc       0x40 CMakeFiles/Pico_gen.dir/Users/mcanulty/.pico-sdk/sdk/2.1.1/lib/tinyusb/src/class/audio/audio_device.c.o
                0x100070bc                audiod_reset
 .text.audiod_open
                0x100070fc      0x1ec CMakeFiles/Pico_gen.dir/Users/mcanulty/.pico-sdk/sdk/2.1.1/lib/tinyusb/src/class/audio/audio_device.c.o
                0x100070fc                audiod_open
 .text.audiod_control_xfer_cb
                0x100072e8       0x1e CMakeFiles/Pico_gen.dir/Users/mcanulty/.pico-sdk/sdk/2.1.1/lib/tinyusb/src/class/audio/audio_device.c.o
                0x100072e8                audiod_control_xfer_cb
 *fill*         0x10007306        0x2 
 .text.audiod_xfer_cb
                0x10007308       0x58 CMakeFiles/Pico_gen.dir/Users/mcanulty/.pico-sdk/sdk/2.1.1/lib/tinyusb/src/class/audio/audio_device.c.o
                0x10007308                audiod_xfer_cb
 .text.tud_audio_buffer_and_schedule_control_xfer
                0x10007360      0x110 CMakeFiles/Pico_gen.dir/Users/mcanulty/.pico-sdk/sdk/2.1.1/lib/tinyusb/src/class/audio/audio_device.c.o
                0x10007360                tud_audio_buffer_and_schedule_control_xfer
 .text._prep_out_transaction
                0x10007470       0x94 CMakeFiles/Pico_gen.dir/Users/mcanulty/.pico-sdk/sdk/2.1.1/lib/tinyusb/src/class/cdc/cdc_device.c.o
 .text.tud_cdc_n_connected
                0x10007504       0x34 CMakeFiles/Pico_gen.dir/Users/mcanulty/.pico-sdk/sdk/2.1.1/lib/tinyusb/src/class/cdc/cdc_device.c.o
                0x10007504                tud_cdc_n_connected
 .text.tud_cdc_n_available
                0x10007538       0x18 CMakeFiles/Pico_gen.dir/Users/mcanulty/.pico-sdk/sdk/2.1.1/lib/tinyusb/src/class/cdc/cdc_device.c.o
                0x10007538                tud_cdc_n_available
 .text.tud_cdc_n_read
                0x10007550       0x34 CMakeFiles/Pico_gen.dir/Users/mcanulty/.pico-sdk/sdk/2.1.1/lib/tinyusb/src/class/cdc/cdc_device.c.o
                0x10007550                tud_cdc_n_read
 .text.tud_cdc_n_write_flush
                0x10007584       0xb8 CMakeFiles/Pico_gen.dir/Users/mcanulty/.pico-sdk/sdk/2.1.1/lib/tinyusb/src/class/cdc/cdc_device.c.o
                0x10007584                tud_cdc_n_write_flush
 .text.tud_cdc_n_write
                0x1000763c       0x44 CMakeFiles/Pico_gen.dir/Users/mcanulty/.pico-sdk/sdk/2.1.1/lib/tinyusb/src/class/cdc/cdc_device.c.o
                0x1000763c                tud_cdc_n_write
 .text.tud_cdc_n_write_available
                0x10007680       0x1c CMakeFiles/Pico_gen.dir/Users/mcanulty/.pico-sdk/sdk/2.1.1/lib/tinyusb/src/class/cdc/cdc_device.c.o
                0x10007680                tud_cdc_n_write_available
 .text.cdcd_init
                0x1000769c       0xa4 CMakeFiles/Pico_gen.dir/Users/mcanulty/.pico-sdk/sdk/2.1.1/lib/tinyusb/src/class/cdc/cdc_device.c.o
                0x1000769c                cdcd_init
 .text.cdcd_deinit
                0x10007740       0x40 CMakeFiles/Pico_gen.dir/Users/mcanulty/.pico-sdk/sdk/2.1.1/lib/tinyusb/src/class/cdc/cdc_device.c.o
                0x10007740                cdcd_deinit
 .text.cdcd_reset
                0x10007780       0x78 CMakeFiles/Pico_gen.dir/Users/mcanulty/.pico-sdk/sdk/2.1.1/lib/tinyusb/src/class/cdc/cdc_device.c.o
                0x10007780                cdcd_reset
 .text.cdcd_open
                0x100077f8      0x124 CMakeFiles/Pico_gen.dir/Users/mcanulty/.pico-sdk/sdk/2.1.1/lib/tinyusb/src/class/cdc/cdc_device.c.o
                0x100077f8                cdcd_open
 .text.cdcd_control_xfer_cb
                0x1000791c      0x120 CMakeFiles/Pico_gen.dir/Users/mcanulty/.pico-sdk/sdk/2.1.1/lib/tinyusb/src/class/cdc/cdc_device.c.o
                0x1000791c                cdcd_control_xfer_cb
 .text.cdcd_xfer_cb
                0x10007a3c      0x138 CMakeFiles/Pico_gen.dir/Users/mcanulty/.pico-sdk/sdk/2.1.1/lib/tinyusb/src/class/cdc/cdc_device.c.o
                0x10007a3c                cdcd_xfer_cb
 .text._prep_out_transaction
                0x10007b74       0x70 CMakeFiles/Pico_gen.dir/Users/mcanulty/.pico-sdk/sdk/2.1.1/lib/tinyusb/src/class/midi/midi_device.c.o
 .text.write_flush
                0x10007be4       0xa4 CMakeFiles/Pico_gen.dir/Users/mcanulty/.pico-sdk/sdk/2.1.1/lib/tinyusb/src/class/midi/midi_device.c.o
 .text.tud_midi_n_available
                0x10007c88       0x28 CMakeFiles/Pico_gen.dir/Users/mcanulty/.pico-sdk/sdk/2.1.1/lib/tinyusb/src/class/midi/midi_device.c.o
                0x10007c88                tud_midi_n_available
 .text.tud_midi_n_packet_read
                0x10007cb0       0x3c CMakeFiles/Pico_gen.dir/Users/mcanulty/.pico-sdk/sdk/2.1.1/lib/tinyusb/src/class/midi/midi_device.c.o
                0x10007cb0                tud_midi_n_packet_read
 .text.tud_midi_n_stream_write
                0x10007cec      0x250 CMakeFiles/Pico_gen.dir/Users/mcanulty/.pico-sdk/sdk/2.1.1/lib/tinyusb/src/class/midi/midi_device.c.o
                0x10007cec                tud_midi_n_stream_write
 .text.tud_midi_n_packet_write
                0x10007f3c       0x4c CMakeFiles/Pico_gen.dir/Users/mcanulty/.pico-sdk/sdk/2.1.1/lib/tinyusb/src/class/midi/midi_device.c.o
                0x10007f3c                tud_midi_n_packet_write
 .text.midid_init
                0x10007f88       0x84 CMakeFiles/Pico_gen.dir/Users/mcanulty/.pico-sdk/sdk/2.1.1/lib/tinyusb/src/class/midi/midi_device.c.o
                0x10007f88                midid_init
 .text.midid_deinit
                0x1000800c       0x40 CMakeFiles/Pico_gen.dir/Users/mcanulty/.pico-sdk/sdk/2.1.1/lib/tinyusb/src/class/midi/midi_device.c.o
                0x1000800c                midid_deinit
 .text.midid_reset
                0x1000804c       0x3c CMakeFiles/Pico_gen.dir/Users/mcanulty/.pico-sdk/sdk/2.1.1/lib/tinyusb/src/class/midi/midi_device.c.o
                0x1000804c                midid_reset
 .text.midid_open
                0x10008088      0x15c CMakeFiles/Pico_gen.dir/Users/mcanulty/.pico-sdk/sdk/2.1.1/lib/tinyusb/src/class/midi/midi_device.c.o
                0x10008088                midid_open
 .text.midid_control_xfer_cb
                0x100081e4        0x4 CMakeFiles/Pico_gen.dir/Users/mcanulty/.pico-sdk/sdk/2.1.1/lib/tinyusb/src/class/midi/midi_device.c.o
                0x100081e4                midid_control_xfer_cb
 .text.midid_xfer_cb
                0x100081e8       0xdc CMakeFiles/Pico_gen.dir/Users/mcanulty/.pico-sdk/sdk/2.1.1/lib/tinyusb/src/class/midi/midi_device.c.o
                0x100081e8                midid_xfer_cb
 .text.tusb_rhport_init
                0x100082c4       0x68 CMakeFiles/Pico_gen.dir/Users/mcanulty/.pico-sdk/sdk/2.1.1/lib/tinyusb/src/tusb.c.o
                0x100082c4                tusb_rhport_init
 .text.tu_edpt_claim
                0x1000832c       0x50 CMakeFiles/Pico_gen.dir/Users/mcanulty/.pico-sdk/sdk/2.1.1/lib/tinyusb/src/tusb.c.o
                0x1000832c                tu_edpt_claim
 .text.tu_edpt_release
                0x1000837c       0x3c CMakeFiles/Pico_gen.dir/Users/mcanulty/.pico-sdk/sdk/2.1.1/lib/tinyusb/src/tusb.c.o
                0x1000837c                tu_edpt_release
 .text.tu_edpt_validate
                0x100083b8       0xe0 CMakeFiles/Pico_gen.dir/Users/mcanulty/.pico-sdk/sdk/2.1.1/lib/tinyusb/src/tusb.c.o
                0x100083b8                tu_edpt_validate
 .text.tu_edpt_bind_driver
                0x10008498       0x4a CMakeFiles/Pico_gen.dir/Users/mcanulty/.pico-sdk/sdk/2.1.1/lib/tinyusb/src/tusb.c.o
                0x10008498                tu_edpt_bind_driver
 .text.advance_index
                0x100084e2       0x1a CMakeFiles/Pico_gen.dir/Users/mcanulty/.pico-sdk/sdk/2.1.1/lib/tinyusb/src/common/tusb_fifo.c.o
 .text._tu_fifo_peek
                0x100084fc       0x62 CMakeFiles/Pico_gen.dir/Users/mcanulty/.pico-sdk/sdk/2.1.1/lib/tinyusb/src/common/tusb_fifo.c.o
 .text._ff_pull_n
                0x1000855e       0x68 CMakeFiles/Pico_gen.dir/Users/mcanulty/.pico-sdk/sdk/2.1.1/lib/tinyusb/src/common/tusb_fifo.c.o
 .text._tu_fifo_peek_n
                0x100085c6       0x6a CMakeFiles/Pico_gen.dir/Users/mcanulty/.pico-sdk/sdk/2.1.1/lib/tinyusb/src/common/tusb_fifo.c.o
 .text._tu_fifo_read_n
                0x10008630       0x4c CMakeFiles/Pico_gen.dir/Users/mcanulty/.pico-sdk/sdk/2.1.1/lib/tinyusb/src/common/tusb_fifo.c.o
 .text._ff_push_n
                0x1000867c       0x66 CMakeFiles/Pico_gen.dir/Users/mcanulty/.pico-sdk/sdk/2.1.1/lib/tinyusb/src/common/tusb_fifo.c.o
 .text._tu_fifo_write_n
                0x100086e2       0xf0 CMakeFiles/Pico_gen.dir/Users/mcanulty/.pico-sdk/sdk/2.1.1/lib/tinyusb/src/common/tusb_fifo.c.o
 .text.tu_fifo_config
                0x100087d2       0x62 CMakeFiles/Pico_gen.dir/Users/mcanulty/.pico-sdk/sdk/2.1.1/lib/tinyusb/src/common/tusb_fifo.c.o
                0x100087d2                tu_fifo_config
 .text.tu_fifo_count
                0x10008834       0x28 CMakeFiles/Pico_gen.dir/Users/mcanulty/.pico-sdk/sdk/2.1.1/lib/tinyusb/src/common/tusb_fifo.c.o
                0x10008834                tu_fifo_count
 .text.tu_fifo_empty
                0x1000885c       0x12 CMakeFiles/Pico_gen.dir/Users/mcanulty/.pico-sdk/sdk/2.1.1/lib/tinyusb/src/common/tusb_fifo.c.o
                0x1000885c                tu_fifo_empty
 .text.tu_fifo_full
                0x1000886e       0x28 CMakeFiles/Pico_gen.dir/Users/mcanulty/.pico-sdk/sdk/2.1.1/lib/tinyusb/src/common/tusb_fifo.c.o
                0x1000886e                tu_fifo_full
 .text.tu_fifo_remaining
                0x10008896       0x2c CMakeFiles/Pico_gen.dir/Users/mcanulty/.pico-sdk/sdk/2.1.1/lib/tinyusb/src/common/tusb_fifo.c.o
                0x10008896                tu_fifo_remaining
 .text.tu_fifo_read
                0x100088c2       0x3e CMakeFiles/Pico_gen.dir/Users/mcanulty/.pico-sdk/sdk/2.1.1/lib/tinyusb/src/common/tusb_fifo.c.o
                0x100088c2                tu_fifo_read
 .text.tu_fifo_read_n
                0x10008900        0xa CMakeFiles/Pico_gen.dir/Users/mcanulty/.pico-sdk/sdk/2.1.1/lib/tinyusb/src/common/tusb_fifo.c.o
                0x10008900                tu_fifo_read_n
 .text.tu_fifo_write
                0x1000890a       0x5e CMakeFiles/Pico_gen.dir/Users/mcanulty/.pico-sdk/sdk/2.1.1/lib/tinyusb/src/common/tusb_fifo.c.o
                0x1000890a                tu_fifo_write
 .text.tu_fifo_write_n
                0x10008968        0xa CMakeFiles/Pico_gen.dir/Users/mcanulty/.pico-sdk/sdk/2.1.1/lib/tinyusb/src/common/tusb_fifo.c.o
                0x10008968                tu_fifo_write_n
 .text.tu_fifo_clear
                0x10008972       0x36 CMakeFiles/Pico_gen.dir/Users/mcanulty/.pico-sdk/sdk/2.1.1/lib/tinyusb/src/common/tusb_fifo.c.o
                0x10008972                tu_fifo_clear
 .text.tu_fifo_set_overwritable
                0x100089a8       0x3a CMakeFiles/Pico_gen.dir/Users/mcanulty/.pico-sdk/sdk/2.1.1/lib/tinyusb/src/common/tusb_fifo.c.o
                0x100089a8                tu_fifo_set_overwritable
 .text.board_init
                0x100089e2       0x14 CMakeFiles/Pico_gen.dir/Users/mcanulty/.pico-sdk/sdk/2.1.1/lib/tinyusb/hw/bsp/rp2040/family.c.o
                0x100089e2                board_init
 .text.board_led_write
                0x100089f6        0x8 CMakeFiles/Pico_gen.dir/Users/mcanulty/.pico-sdk/sdk/2.1.1/lib/tinyusb/hw/bsp/rp2040/family.c.o
                0x100089f6                board_led_write
 .text.board_get_unique_id
                0x100089fe       0x26 CMakeFiles/Pico_gen.dir/Users/mcanulty/.pico-sdk/sdk/2.1.1/lib/tinyusb/hw/bsp/rp2040/family.c.o
                0x100089fe                board_get_unique_id
 .text.core1_trampoline
                0x10008a24        0x2 CMakeFiles/Pico_gen.dir/Users/mcanulty/.pico-sdk/sdk/2.1.1/src/rp2_common/pico_multicore/multicore.c.o
 .text.core1_wrapper
                0x10008a26        0xc CMakeFiles/Pico_gen.dir/Users/mcanulty/.pico-sdk/sdk/2.1.1/src/rp2_common/pico_multicore/multicore.c.o
                0x10008a26                core1_wrapper
 .text.multicore_fifo_push_blocking
                0x10008a32       0x16 CMakeFiles/Pico_gen.dir/Users/mcanulty/.pico-sdk/sdk/2.1.1/src/rp2_common/pico_multicore/multicore.c.o
                0x10008a32                multicore_fifo_push_blocking
 .text.multicore_fifo_pop_blocking
                0x10008a48       0x18 CMakeFiles/Pico_gen.dir/Users/mcanulty/.pico-sdk/sdk/2.1.1/src/rp2_common/pico_multicore/multicore.c.o
                0x10008a48                multicore_fifo_pop_blocking
 .text.multicore_launch_core1_raw
                0x10008a60       0x7a CMakeFiles/Pico_gen.dir/Users/mcanulty/.pico-sdk/sdk/2.1.1/src/rp2_common/pico_multicore/multicore.c.o
                0x10008a60                multicore_launch_core1_raw
 *fill*         0x10008ada        0x2 
 .text.multicore_launch_core1_with_stack
                0x10008adc       0x50 CMakeFiles/Pico_gen.dir/Users/mcanulty/.pico-sdk/sdk/2.1.1/src/rp2_common/pico_multicore/multicore.c.o
                0x10008adc                multicore_launch_core1_with_stack
 .text.multicore_launch_core1
                0x10008b2c       0x24 CMakeFiles/Pico_gen.dir/Users/mcanulty/.pico-sdk/sdk/2.1.1/src/rp2_common/pico_multicore/multicore.c.o
                0x10008b2c                multicore_launch_core1
 .text._calloc_r
                0x10008b50       0x70 /Users/mcanulty/.pico-sdk/toolchain/14_2_Rel1/bin/../lib/gcc/arm-none-eabi/14.2.1/../../../../arm-none-eabi/lib/thumb/v8-m.main+fp/softfp/libg.a(libc_a-callocr.o)
                0x10008b50                _calloc_r
 .text.malloc   0x10008bc0       0x10 /Users/mcanulty/.pico-sdk/toolchain/14_2_Rel1/bin/../lib/gcc/arm-none-eabi/14.2.1/../../../../arm-none-eabi/lib/thumb/v8-m.main+fp/softfp/libg.a(libc_a-malloc.o)
                0x10008bc0                malloc
 .text.free     0x10008bd0       0x10 /Users/mcanulty/.pico-sdk/toolchain/14_2_Rel1/bin/../lib/gcc/arm-none-eabi/14.2.1/../../../../arm-none-eabi/lib/thumb/v8-m.main+fp/softfp/libg.a(libc_a-malloc.o)
                0x10008bd0                free
 .text._malloc_r
                0x10008be0      0x578 /Users/mcanulty/.pico-sdk/toolchain/14_2_Rel1/bin/../lib/gcc/arm-none-eabi/14.2.1/../../../../arm-none-eabi/lib/thumb/v8-m.main+fp/softfp/libg.a(libc_a-mallocr.o)
                0x10008be0                _malloc_r
 .text.__malloc_lock
                0x10009158        0xc /Users/mcanulty/.pico-sdk/toolchain/14_2_Rel1/bin/../lib/gcc/arm-none-eabi/14.2.1/../../../../arm-none-eabi/lib/thumb/v8-m.main+fp/softfp/libg.a(libc_a-mlock.o)
                0x10009158                __malloc_lock
 .text.__malloc_unlock
                0x10009164        0xc /Users/mcanulty/.pico-sdk/toolchain/14_2_Rel1/bin/../lib/gcc/arm-none-eabi/14.2.1/../../../../arm-none-eabi/lib/thumb/v8-m.main+fp/softfp/libg.a(libc_a-mlock.o)
                0x10009164                __malloc_unlock
 .text.realloc  0x10009170       0x10 /Users/mcanulty/.pico-sdk/toolchain/14_2_Rel1/bin/../lib/gcc/arm-none-eabi/14.2.1/../../../../arm-none-eabi/lib/thumb/v8-m.main+fp/softfp/libg.a(libc_a-realloc.o)
                0x10009170                realloc
 .text._realloc_r
                0x10009180      0x374 /Users/mcanulty/.pico-sdk/toolchain/14_2_Rel1/bin/../lib/gcc/arm-none-eabi/14.2.1/../../../../arm-none-eabi/lib/thumb/v8-m.main+fp/softfp/libg.a(libc_a-reallocr.o)
                0x10009180                _realloc_r
 .text.fprintf  0x100094f4       0x28 /Users/mcanulty/.pico-sdk/toolchain/14_2_Rel1/bin/../lib/gcc/arm-none-eabi/14.2.1/../../../../arm-none-eabi/lib/thumb/v8-m.main+fp/softfp/libg.a(libc_a-fprintf.o)
                0x100094f4                fprintf
 .text.memmove  0x1000951c       0xfc /Users/mcanulty/.pico-sdk/toolchain/14_2_Rel1/bin/../lib/gcc/arm-none-eabi/14.2.1/../../../../arm-none-eabi/lib/thumb/v8-m.main+fp/softfp/libg.a(libc_a-memmove.o)
                0x1000951c                memmove
 .text.memset   0x10009618       0x9c /Users/mcanulty/.pico-sdk/toolchain/14_2_Rel1/bin/../lib/gcc/arm-none-eabi/14.2.1/../../../../arm-none-eabi/lib/thumb/v8-m.main+fp/softfp/libg.a(libc_a-memset.o)
                0x10009618                memset
 .text._sbrk_r  0x100096b4       0x24 /Users/mcanulty/.pico-sdk/toolchain/14_2_Rel1/bin/../lib/gcc/arm-none-eabi/14.2.1/../../../../arm-none-eabi/lib/thumb/v8-m.main+fp/softfp/libg.a(libc_a-sbrkr.o)
                0x100096b4                _sbrk_r
 .text.__errno  0x100096d8        0xc /Users/mcanulty/.pico-sdk/toolchain/14_2_Rel1/bin/../lib/gcc/arm-none-eabi/14.2.1/../../../../arm-none-eabi/lib/thumb/v8-m.main+fp/softfp/libg.a(libc_a-errno.o)
                0x100096d8                __errno
 .text.sysconf  0x100096e4       0x1c /Users/mcanulty/.pico-sdk/toolchain/14_2_Rel1/bin/../lib/gcc/arm-none-eabi/14.2.1/../../../../arm-none-eabi/lib/thumb/v8-m.main+fp/softfp/libg.a(libc_a-sysconf.o)
                0x100096e4                sysconf
 .text.__retarget_lock_init_recursive
                0x10009700        0x4 /Users/mcanulty/.pico-sdk/toolchain/14_2_Rel1/bin/../lib/gcc/arm-none-eabi/14.2.1/../../../../arm-none-eabi/lib/thumb/v8-m.main+fp/softfp/libg.a(libc_a-lock.o)
                0x10009700                __retarget_lock_init_recursive
 .text.__retarget_lock_close_recursive
                0x10009704        0x4 /Users/mcanulty/.pico-sdk/toolchain/14_2_Rel1/bin/../lib/gcc/arm-none-eabi/14.2.1/../../../../arm-none-eabi/lib/thumb/v8-m.main+fp/softfp/libg.a(libc_a-lock.o)
                0x10009704                __retarget_lock_close_recursive
 .text.__retarget_lock_acquire_recursive
                0x10009708        0x4 /Users/mcanulty/.pico-sdk/toolchain/14_2_Rel1/bin/../lib/gcc/arm-none-eabi/14.2.1/../../../../arm-none-eabi/lib/thumb/v8-m.main+fp/softfp/libg.a(libc_a-lock.o)
                0x10009708                __retarget_lock_acquire_recursive
 .text.__retarget_lock_release_recursive
                0x1000970c        0x4 /Users/mcanulty/.pico-sdk/toolchain/14_2_Rel1/bin/../lib/gcc/arm-none-eabi/14.2.1/../../../../arm-none-eabi/lib/thumb/v8-m.main+fp/softfp/libg.a(libc_a-lock.o)
                0x1000970c                __retarget_lock_release_recursive
 .text          0x10009710       0xec /Users/mcanulty/.pico-sdk/toolchain/14_2_Rel1/bin/../lib/gcc/arm-none-eabi/14.2.1/../../../../arm-none-eabi/lib/thumb/v8-m.main+fp/softfp/libg.a(libc_a-memcpy.o)
                0x10009710                memcpy
 .text.strlen   0x100097fc       0x5c /Users/mcanulty/.pico-sdk/toolchain/14_2_Rel1/bin/../lib/gcc/arm-none-eabi/14.2.1/../../../../arm-none-eabi/lib/thumb/v8-m.main+fp/softfp/libg.a(libc_a-strlen-stub.o)
                0x100097fc                strlen
 .text._malloc_trim_r
                0x10009858       0xb8 /Users/mcanulty/.pico-sdk/toolchain/14_2_Rel1/bin/../lib/gcc/arm-none-eabi/14.2.1/../../../../arm-none-eabi/lib/thumb/v8-m.main+fp/softfp/libg.a(libc_a-freer.o)
                0x10009858                _malloc_trim_r
 .text._free_r  0x10009910      0x1e8 /Users/mcanulty/.pico-sdk/toolchain/14_2_Rel1/bin/../lib/gcc/arm-none-eabi/14.2.1/../../../../arm-none-eabi/lib/thumb/v8-m.main+fp/softfp/libg.a(libc_a-freer.o)
                0x10009910                _free_r
 .text._vfprintf_r
                0x10009af8     0x22ac /Users/mcanulty/.pico-sdk/toolchain/14_2_Rel1/bin/../lib/gcc/arm-none-eabi/14.2.1/../../../../arm-none-eabi/lib/thumb/v8-m.main+fp/softfp/libg.a(libc_a-vfprintf.o)
                0x10009af8                _vfprintf_r
 .text.__sbprintf
                0x1000bda4       0x84 /Users/mcanulty/.pico-sdk/toolchain/14_2_Rel1/bin/../lib/gcc/arm-none-eabi/14.2.1/../../../../arm-none-eabi/lib/thumb/v8-m.main+fp/softfp/libg.a(libc_a-vfprintf.o)
 .text.__sprint_r
                0x1000be28       0x20 /Users/mcanulty/.pico-sdk/toolchain/14_2_Rel1/bin/../lib/gcc/arm-none-eabi/14.2.1/../../../../arm-none-eabi/lib/thumb/v8-m.main+fp/softfp/libg.a(libc_a-sprint_r.o)
                0x1000be28                __sprint_r
 .text.__sflush_r
                0x1000be48      0x134 /Users/mcanulty/.pico-sdk/toolchain/14_2_Rel1/bin/../lib/gcc/arm-none-eabi/14.2.1/../../../../arm-none-eabi/lib/thumb/v8-m.main+fp/softfp/libg.a(libc_a-fflush.o)
                0x1000be48                __sflush_r
 .text._fflush_r
                0x1000bf7c       0x54 /Users/mcanulty/.pico-sdk/toolchain/14_2_Rel1/bin/../lib/gcc/arm-none-eabi/14.2.1/../../../../arm-none-eabi/lib/thumb/v8-m.main+fp/softfp/libg.a(libc_a-fflush.o)
                0x1000bf7c                _fflush_r
 .text.__sread  0x1000bfd0       0x24 /Users/mcanulty/.pico-sdk/toolchain/14_2_Rel1/bin/../lib/gcc/arm-none-eabi/14.2.1/../../../../arm-none-eabi/lib/thumb/v8-m.main+fp/softfp/libg.a(libc_a-stdio.o)
                0x1000bfd0                __sread
 .text.__swrite
                0x1000bff4       0x40 /Users/mcanulty/.pico-sdk/toolchain/14_2_Rel1/bin/../lib/gcc/arm-none-eabi/14.2.1/../../../../arm-none-eabi/lib/thumb/v8-m.main+fp/softfp/libg.a(libc_a-stdio.o)
                0x1000bff4                __swrite
 .text.__sseek  0x1000c034       0x28 /Users/mcanulty/.pico-sdk/toolchain/14_2_Rel1/bin/../lib/gcc/arm-none-eabi/14.2.1/../../../../arm-none-eabi/lib/thumb/v8-m.main+fp/softfp/libg.a(libc_a-stdio.o)
                0x1000c034                __sseek
 .text.__sclose
                0x1000c05c        0x8 /Users/mcanulty/.pico-sdk/toolchain/14_2_Rel1/bin/../lib/gcc/arm-none-eabi/14.2.1/../../../../arm-none-eabi/lib/thumb/v8-m.main+fp/softfp/libg.a(libc_a-stdio.o)
                0x1000c05c                __sclose
 .text.stdio_exit_handler
                0x1000c064       0x18 /Users/mcanulty/.pico-sdk/toolchain/14_2_Rel1/bin/../lib/gcc/arm-none-eabi/14.2.1/../../../../arm-none-eabi/lib/thumb/v8-m.main+fp/softfp/libg.a(libc_a-findfp.o)
 .text.cleanup_stdio
                0x1000c07c       0x40 /Users/mcanulty/.pico-sdk/toolchain/14_2_Rel1/bin/../lib/gcc/arm-none-eabi/14.2.1/../../../../arm-none-eabi/lib/thumb/v8-m.main+fp/softfp/libg.a(libc_a-findfp.o)
 .text.global_stdio_init.part.0
                0x1000c0bc       0xf0 /Users/mcanulty/.pico-sdk/toolchain/14_2_Rel1/bin/../lib/gcc/arm-none-eabi/14.2.1/../../../../arm-none-eabi/lib/thumb/v8-m.main+fp/softfp/libg.a(libc_a-findfp.o)
 .text.__sinit  0x1000c1ac       0x3c /Users/mcanulty/.pico-sdk/toolchain/14_2_Rel1/bin/../lib/gcc/arm-none-eabi/14.2.1/../../../../arm-none-eabi/lib/thumb/v8-m.main+fp/softfp/libg.a(libc_a-findfp.o)
                0x1000c1ac                __sinit
 .text.__sfp_lock_acquire
                0x1000c1e8        0xc /Users/mcanulty/.pico-sdk/toolchain/14_2_Rel1/bin/../lib/gcc/arm-none-eabi/14.2.1/../../../../arm-none-eabi/lib/thumb/v8-m.main+fp/softfp/libg.a(libc_a-findfp.o)
                0x1000c1e8                __sfp_lock_acquire
 .text.__sfp_lock_release
                0x1000c1f4        0xc /Users/mcanulty/.pico-sdk/toolchain/14_2_Rel1/bin/../lib/gcc/arm-none-eabi/14.2.1/../../../../arm-none-eabi/lib/thumb/v8-m.main+fp/softfp/libg.a(libc_a-findfp.o)
                0x1000c1f4                __sfp_lock_release
 .text.__swsetup_r
                0x1000c200      0x100 /Users/mcanulty/.pico-sdk/toolchain/14_2_Rel1/bin/../lib/gcc/arm-none-eabi/14.2.1/../../../../arm-none-eabi/lib/thumb/v8-m.main+fp/softfp/libg.a(libc_a-wsetup.o)
                0x1000c200                __swsetup_r
 .text.strncpy  0x1000c300       0x64 /Users/mcanulty/.pico-sdk/toolchain/14_2_Rel1/bin/../lib/gcc/arm-none-eabi/14.2.1/../../../../arm-none-eabi/lib/thumb/v8-m.main+fp/softfp/libg.a(libc_a-strncpy.o)
                0x1000c300                strncpy
 .text.__locale_mb_cur_max
                0x1000c364        0xc /Users/mcanulty/.pico-sdk/toolchain/14_2_Rel1/bin/../lib/gcc/arm-none-eabi/14.2.1/../../../../arm-none-eabi/lib/thumb/v8-m.main+fp/softfp/libg.a(libc_a-locale.o)
                0x1000c364                __locale_mb_cur_max
 .text._localeconv_r
                0x1000c370        0x8 /Users/mcanulty/.pico-sdk/toolchain/14_2_Rel1/bin/../lib/gcc/arm-none-eabi/14.2.1/../../../../arm-none-eabi/lib/thumb/v8-m.main+fp/softfp/libg.a(libc_a-localeconv.o)
                0x1000c370                _localeconv_r
 .text._close_r
                0x1000c378       0x24 /Users/mcanulty/.pico-sdk/toolchain/14_2_Rel1/bin/../lib/gcc/arm-none-eabi/14.2.1/../../../../arm-none-eabi/lib/thumb/v8-m.main+fp/softfp/libg.a(libc_a-closer.o)
                0x1000c378                _close_r
 .text._lseek_r
                0x1000c39c       0x2c /Users/mcanulty/.pico-sdk/toolchain/14_2_Rel1/bin/../lib/gcc/arm-none-eabi/14.2.1/../../../../arm-none-eabi/lib/thumb/v8-m.main+fp/softfp/libg.a(libc_a-lseekr.o)
                0x1000c39c                _lseek_r
 .text._read_r  0x1000c3c8       0x2c /Users/mcanulty/.pico-sdk/toolchain/14_2_Rel1/bin/../lib/gcc/arm-none-eabi/14.2.1/../../../../arm-none-eabi/lib/thumb/v8-m.main+fp/softfp/libg.a(libc_a-readr.o)
                0x1000c3c8                _read_r
 .text._write_r
                0x1000c3f4       0x2c /Users/mcanulty/.pico-sdk/toolchain/14_2_Rel1/bin/../lib/gcc/arm-none-eabi/14.2.1/../../../../arm-none-eabi/lib/thumb/v8-m.main+fp/softfp/libg.a(libc_a-writer.o)
                0x1000c3f4                _write_r
 .text.memchr   0x1000c420       0x80 /Users/mcanulty/.pico-sdk/toolchain/14_2_Rel1/bin/../lib/gcc/arm-none-eabi/14.2.1/../../../../arm-none-eabi/lib/thumb/v8-m.main+fp/softfp/libg.a(libc_a-memchr-stub.o)
                0x1000c420                memchr
 .text._wcrtomb_r
                0x1000c4a0       0x4c /Users/mcanulty/.pico-sdk/toolchain/14_2_Rel1/bin/../lib/gcc/arm-none-eabi/14.2.1/../../../../arm-none-eabi/lib/thumb/v8-m.main+fp/softfp/libg.a(libc_a-wcrtomb.o)
                0x1000c4a0                _wcrtomb_r
 .text._wcsrtombs_r
                0x1000c4ec       0x18 /Users/mcanulty/.pico-sdk/toolchain/14_2_Rel1/bin/../lib/gcc/arm-none-eabi/14.2.1/../../../../arm-none-eabi/lib/thumb/v8-m.main+fp/softfp/libg.a(libc_a-wcsrtombs.o)
                0x1000c4ec                _wcsrtombs_r
 .text.frexp    0x1000c504       0x6c /Users/mcanulty/.pico-sdk/toolchain/14_2_Rel1/bin/../lib/gcc/arm-none-eabi/14.2.1/../../../../arm-none-eabi/lib/thumb/v8-m.main+fp/softfp/libg.a(libm_a-s_frexp.o)
                0x1000c504                frexp
 .text.quorem   0x1000c570      0x138 /Users/mcanulty/.pico-sdk/toolchain/14_2_Rel1/bin/../lib/gcc/arm-none-eabi/14.2.1/../../../../arm-none-eabi/lib/thumb/v8-m.main+fp/softfp/libg.a(libc_a-dtoa.o)
 .text._dtoa_r  0x1000c6a8      0xffc /Users/mcanulty/.pico-sdk/toolchain/14_2_Rel1/bin/../lib/gcc/arm-none-eabi/14.2.1/../../../../arm-none-eabi/lib/thumb/v8-m.main+fp/softfp/libg.a(libc_a-dtoa.o)
                0x1000c6a8                _dtoa_r
 .text.__ascii_mbtowc
                0x1000d6a4       0x2c /Users/mcanulty/.pico-sdk/toolchain/14_2_Rel1/bin/../lib/gcc/arm-none-eabi/14.2.1/../../../../arm-none-eabi/lib/thumb/v8-m.main+fp/softfp/libg.a(libc_a-mbtowc_r.o)
                0x1000d6a4                __ascii_mbtowc
 .text.__sfvwrite_r
                0x1000d6d0      0x2e4 /Users/mcanulty/.pico-sdk/toolchain/14_2_Rel1/bin/../lib/gcc/arm-none-eabi/14.2.1/../../../../arm-none-eabi/lib/thumb/v8-m.main+fp/softfp/libg.a(libc_a-fvwrite.o)
                0x1000d6d0                __sfvwrite_r
 .text._fwalk_sglue
                0x1000d9b4       0x44 /Users/mcanulty/.pico-sdk/toolchain/14_2_Rel1/bin/../lib/gcc/arm-none-eabi/14.2.1/../../../../arm-none-eabi/lib/thumb/v8-m.main+fp/softfp/libg.a(libc_a-fwalk.o)
                0x1000d9b4                _fwalk_sglue
 .text._Balloc  0x1000d9f8       0x4c /Users/mcanulty/.pico-sdk/toolchain/14_2_Rel1/bin/../lib/gcc/arm-none-eabi/14.2.1/../../../../arm-none-eabi/lib/thumb/v8-m.main+fp/softfp/libg.a(libc_a-mprec.o)
                0x1000d9f8                _Balloc
 .text._Bfree   0x1000da44       0x14 /Users/mcanulty/.pico-sdk/toolchain/14_2_Rel1/bin/../lib/gcc/arm-none-eabi/14.2.1/../../../../arm-none-eabi/lib/thumb/v8-m.main+fp/softfp/libg.a(libc_a-mprec.o)
                0x1000da44                _Bfree
 .text.__multadd
                0x1000da58       0xa4 /Users/mcanulty/.pico-sdk/toolchain/14_2_Rel1/bin/../lib/gcc/arm-none-eabi/14.2.1/../../../../arm-none-eabi/lib/thumb/v8-m.main+fp/softfp/libg.a(libc_a-mprec.o)
                0x1000da58                __multadd
 .text.__hi0bits
                0x1000dafc       0x54 /Users/mcanulty/.pico-sdk/toolchain/14_2_Rel1/bin/../lib/gcc/arm-none-eabi/14.2.1/../../../../arm-none-eabi/lib/thumb/v8-m.main+fp/softfp/libg.a(libc_a-mprec.o)
                0x1000dafc                __hi0bits
 .text.__lo0bits
                0x1000db50       0x80 /Users/mcanulty/.pico-sdk/toolchain/14_2_Rel1/bin/../lib/gcc/arm-none-eabi/14.2.1/../../../../arm-none-eabi/lib/thumb/v8-m.main+fp/softfp/libg.a(libc_a-mprec.o)
                0x1000db50                __lo0bits
 .text.__i2b    0x1000dbd0       0x5c /Users/mcanulty/.pico-sdk/toolchain/14_2_Rel1/bin/../lib/gcc/arm-none-eabi/14.2.1/../../../../arm-none-eabi/lib/thumb/v8-m.main+fp/softfp/libg.a(libc_a-mprec.o)
                0x1000dbd0                __i2b
 .text.__multiply