Archive member included to satisfy reference by file (symbol)

/Users/mcanulty/.pico-sdk/toolchain/14_2_Rel1/bin/../lib/gcc/arm-none-eabi/14.2.1/../../../../arm-none-eabi/lib/thumb/v8-m.main+fp/softfp/libm.a(libm_a-wf_sqrt.o)
                              CMakeFiles/Pico_gen.dir/Users/mcanulty/.pico-sdk/sdk/2.1.1/src/rp2_common/pico_float/float_math.c.o (sqrtf)
/Users/mcanulty/.pico-sdk/toolchain/14_2_Rel1/bin/../lib/gcc/arm-none-eabi/14.2.1/../../../../arm-none-eabi/lib/thumb/v8-m.main+fp/softfp/libm.a(libm_a-ef_sqrt.o)
                              /Users/mcanulty/.pico-sdk/toolchain/14_2_Rel1/bin/../lib/gcc/arm-none-eabi/14.2.1/../../../../arm-none-eabi/lib/thumb/v8-m.main+fp/softfp/libm.a(libm_a-wf_sqrt.o) (__ieee754_sqrtf)
/Users/mcanulty/.pico-sdk/toolchain/14_2_Rel1/bin/../lib/gcc/arm-none-eabi/14.2.1/thumb/v8-m.main+fp/softfp/libgcc.a(_arm_addsubdf3.o)
                              CMakeFiles/Pico_gen.dir/Users/mcanulty/.pico-sdk/sdk/2.1.1/src/rp2_common/pico_float/float_math.c.o (__aeabi_f2d)
/Users/mcanulty/.pico-sdk/toolchain/14_2_Rel1/bin/../lib/gcc/arm-none-eabi/14.2.1/thumb/v8-m.main+fp/softfp/libgcc.a(_aeabi_ldivmod.o)
                              CMakeFiles/Pico_gen.dir/Users/mcanulty/.pico-sdk/sdk/2.1.1/src/common/pico_time/time.c.o (__aeabi_ldivmod)
/Users/mcanulty/.pico-sdk/toolchain/14_2_Rel1/bin/../lib/gcc/arm-none-eabi/14.2.1/thumb/v8-m.main+fp/softfp/libgcc.a(_aeabi_uldivmod.o)
                              CMakeFiles/Pico_gen.dir/main.cpp.o (__aeabi_uldivmod)
/Users/mcanulty/.pico-sdk/toolchain/14_2_Rel1/bin/../lib/gcc/arm-none-eabi/14.2.1/thumb/v8-m.main+fp/softfp/libgcc.a(_udivmoddi4.o)
                              /Users/mcanulty/.pico-sdk/toolchain/14_2_Rel1/bin/../lib/gcc/arm-none-eabi/14.2.1/thumb/v8-m.main+fp/softfp/libgcc.a(_aeabi_ldivmod.o) (__udivmoddi4)
/Users/mcanulty/.pico-sdk/toolchain/14_2_Rel1/bin/../lib/gcc/arm-none-eabi/14.2.1/thumb/v8-m.main+fp/softfp/libgcc.a(_dvmd_tls.o)
                              /Users/mcanulty/.pico-sdk/toolchain/14_2_Rel1/bin/../lib/gcc/arm-none-eabi/14.2.1/thumb/v8-m.main+fp/softfp/libgcc.a(_aeabi_ldivmod.o) (__aeabi_ldiv0)
/Users/mcanulty/.pico-sdk/toolchain/14_2_Rel1/bin/../lib/gcc/arm-none-eabi/14.2.1/../../../../arm-none-eabi/lib/thumb/v8-m.main+fp/softfp/libg.a(libc_a-calloc.o)
                              CMakeFiles/Pico_gen.dir/Users/mcanulty/.pico-sdk/sdk/2.1.1/src/rp2_common/pico_malloc/malloc.c.o (calloc)
/Users/mcanulty/.pico-sdk/toolchain/14_2_Rel1/bin/../lib/gcc/arm-none-eabi/14.2.1/../../../../arm-none-eabi/lib/thumb/v8-m.main+fp/softfp/libg.a(libc_a-callocr.o)
                              /Users/mcanulty/.pico-sdk/toolchain/14_2_Rel1/bin/../lib/gcc/arm-none-eabi/14.2.1/../../../../arm-none-eabi/lib/thumb/v8-m.main+fp/softfp/libg.a(libc_a-calloc.o) (_calloc_r)
/Users/mcanulty/.pico-sdk/toolchain/14_2_Rel1/bin/../lib/gcc/arm-none-eabi/14.2.1/../../../../arm-none-eabi/lib/thumb/v8-m.main+fp/softfp/libg.a(libc_a-malloc.o)
                              CMakeFiles/Pico_gen.dir/Users/mcanulty/.pico-sdk/sdk/2.1.1/src/rp2_common/pico_malloc/malloc.c.o (malloc)
/Users/mcanulty/.pico-sdk/toolchain/14_2_Rel1/bin/../lib/gcc/arm-none-eabi/14.2.1/../../../../arm-none-eabi/lib/thumb/v8-m.main+fp/softfp/libg.a(libc_a-mallocr.o)
                              /Users/mcanulty/.pico-sdk/toolchain/14_2_Rel1/bin/../lib/gcc/arm-none-eabi/14.2.1/../../../../arm-none-eabi/lib/thumb/v8-m.main+fp/softfp/libg.a(libc_a-callocr.o) (_malloc_r)
/Users/mcanulty/.pico-sdk/toolchain/14_2_Rel1/bin/../lib/gcc/arm-none-eabi/14.2.1/../../../../arm-none-eabi/lib/thumb/v8-m.main+fp/softfp/libg.a(libc_a-mlock.o)
                              /Users/mcanulty/.pico-sdk/toolchain/14_2_Rel1/bin/../lib/gcc/arm-none-eabi/14.2.1/../../../../arm-none-eabi/lib/thumb/v8-m.main+fp/softfp/libg.a(libc_a-mallocr.o) (__malloc_lock)
/Users/mcanulty/.pico-sdk/toolchain/14_2_Rel1/bin/../lib/gcc/arm-none-eabi/14.2.1/../../../../arm-none-eabi/lib/thumb/v8-m.main+fp/softfp/libg.a(libc_a-realloc.o)
                              CMakeFiles/Pico_gen.dir/Users/mcanulty/.pico-sdk/sdk/2.1.1/src/rp2_common/pico_malloc/malloc.c.o (realloc)
/Users/mcanulty/.pico-sdk/toolchain/14_2_Rel1/bin/../lib/gcc/arm-none-eabi/14.2.1/../../../../arm-none-eabi/lib/thumb/v8-m.main+fp/softfp/libg.a(libc_a-reallocr.o)
                              /Users/mcanulty/.pico-sdk/toolchain/14_2_Rel1/bin/../lib/gcc/arm-none-eabi/14.2.1/../../../../arm-none-eabi/lib/thumb/v8-m.main+fp/softfp/libg.a(libc_a-realloc.o) (_realloc_r)
/Users/mcanulty/.pico-sdk/toolchain/14_2_Rel1/bin/../lib/gcc/arm-none-eabi/14.2.1/../../../../arm-none-eabi/lib/thumb/v8-m.main+fp/softfp/libg.a(libc_a-memcmp.o)
                              CMakeFiles/Pico_gen.dir/Users/mcanulty/.pico-sdk/sdk/2.1.1/src/rp2_common/pico_atomic/atomic.c.o (memcmp)
/Users/mcanulty/.pico-sdk/toolchain/14_2_Rel1/bin/../lib/gcc/arm-none-eabi/14.2.1/../../../../arm-none-eabi/lib/thumb/v8-m.main+fp/softfp/libg.a(libc_a-memmove.o)
[...]
Memory Configuration

Name             Origin             Length             Attributes
FLASH            0x10000000         0x00400000         xr
RAM              0x20000000         0x00080000         xrw
SCRATCH_X        0x20080000         0x00001000         xrw
SCRATCH_Y        0x20081000         0x00001000         xrw
*default*        0x00000000         0xffffffff

Linker script and memory map

LOAD /Users/mcanulty/.pico-sdk/toolchain/14_2_Rel1/bin/../lib/gcc/arm-none-eabi/14.2.1/thumb/v8-m.main+fp/softfp/crti.o
LOAD /Users/mcanulty/.pico-sdk/toolchain/14_2_Rel1/bin/../lib/gcc/arm-none-eabi/14.2.1/thumb/v8-m.main+fp/softfp/crtbegin.o
LOAD /Users/mcanulty/.pico-sdk/toolchain/14_2_Rel1/bin/../lib/gcc/arm-none-eabi/14.2.1/../../../../arm-none-eabi/lib/thumb/v8-m.main+fp/softfp/crt0.o

.flash_begin    0x10000000        0x0
                0x10000000                        __flash_binary_start = .

.text           0x10000000     0x7700
                0x10000000                        __logical_binary_start = .
 *(.vectors)
 .vectors       0x10000000      0x124 CMakeFiles/Pico_gen.dir/Users/mcanulty/.pico-sdk/sdk/2.1.1/src/rp2_common/pico_crt0/crt0.S.o
                0x10000000                __vectors
                0x10000000                __VECTOR_TABLE
                0x10000110                __default_isrs_start
                0x10000110                isr_invalid
                0x10000112                isr_nmi
                0x10000114                isr_hardfault
                0x10000116                isr_svcall
                0x10000118                isr_pendsv
                0x1000011a                isr_systick
                0x1000011c                isr_irq5
                0x1000011c                isr_irq11
                0x1000011c                isr_irq23
                0x1000011c                isr_irq48
                0x1000011c                isr_irq35
                0x1000011c                isr_irq18
                0x1000011c                isr_irq50
                0x1000011c                isr_irq40
                0x1000011c                isr_irq28
                0x1000011c                isr_irq19
                0x1000011c                isr_irq36
                0x1000011c                isr_irq41
                0x1000011c                isr_irq0
                0x1000011c                isr_irq6
                0x1000011c                isr_irq37
                0x1000011c                isr_irq42
                0x1000011c                isr_irq22
                0x1000011c                isr_irq17
                0x1000011c                isr_irq38
                0x1000011c                isr_irq14
                0x1000011c                isr_irq2
                0x1000011c                isr_irq10
                0x1000011c                isr_irq8
                0x1000011c                isr_irq24
                0x1000011c                isr_irq46
                0x1000011c                isr_irq1
                0x1000011c                isr_irq47
                0x1000011c                isr_irq51
                0x1000011c                isr_irq7
                0x1000011c                isr_irq21
                0x1000011c                isr_irq39
                0x1000011c                isr_irq20
                0x1000011c                isr_irq15
                0x1000011c                isr_irq25
                0x1000011c                isr_irq34
                0x1000011c                isr_irq4
                0x1000011c                isr_irq16
                0x1000011c                isr_irq44
                0x1000011c                isr_irq29
                0x1000011c                isr_irq26
                0x1000011c                __default_isrs_end
                0x1000011c                isr_irq33
                0x1000011c                isr_irq3
                0x1000011c                isr_irq9
                0x1000011c                __unhandled_user_irq
                0x1000011c                isr_irq49
                0x1000011c                isr_irq13
                0x1000011c                isr_irq43
                0x1000011c                isr_irq45
                0x1000011c                isr_irq27
                0x1000011c                isr_irq32
                0x1000011c                isr_irq31
                0x1000011c                isr_irq30
                0x1000011c                isr_irq12
                0x10000122                unhandled_user_irq_num_in_r0
 *(.binary_info_header)
 .binary_info_header
                0x10000124       0x14 CMakeFiles/Pico_gen.dir/Users/mcanulty/.pico-sdk/sdk/2.1.1/src/rp2_common/pico_crt0/crt0.S.o
                0x10000138                        __binary_info_header_end = .
 *(.embedded_block)
 .embedded_block
                0x10000138       0x14 CMakeFiles/Pico_gen.dir/Users/mcanulty/.pico-sdk/sdk/2.1.1/src/rp2_common/pico_crt0/crt0.S.o
                0x1000014c                        __embedded_block_end = .
 *(.reset)
 .reset         0x1000014c       0xa0 CMakeFiles/Pico_gen.dir/Users/mcanulty/.pico-sdk/sdk/2.1.1/src/rp2_common/pico_crt0/crt0.S.o
                0x1000014c                _entry_point
 *(.init)
 .init          0x100001ec        0x4 /Users/mcanulty/.pico-sdk/toolchain/14_2_Rel1/bin/../lib/gcc/arm-none-eabi/14.2.1/thumb/v8-m.main+fp/softfp/crti.o
                0x100001ec                _init
 SORT_BY_NAME(REVERSE(*libgcc.a:cmse_nonsecure_call.o))()
 *(EXCLUDE_FILE(*libm.a: *libc.a:*lib_a-mem*.o *libgcc.a:) .text*)
 .text.register_tm_clones
                0x100001f0       0x28 /Users/mcanulty/.pico-sdk/toolchain/14_2_Rel1/bin/../lib/gcc/arm-none-eabi/14.2.1/thumb/v8-m.main+fp/softfp/crtbegin.o
 .text.frame_dummy
                0x10000218       0x24 /Users/mcanulty/.pico-sdk/toolchain/14_2_Rel1/bin/../lib/gcc/arm-none-eabi/14.2.1/thumb/v8-m.main+fp/softfp/crtbegin.o
 .text.board_millis
                0x1000023c       0x24 CMakeFiles/Pico_gen.dir/main.cpp.o
 .text._Z10core1_mainv
                0x10000260       0xcc CMakeFiles/Pico_gen.dir/main.cpp.o
                0x10000260                core1_main()
 .text.main     0x1000032c       0xe8 CMakeFiles/Pico_gen.dir/main.cpp.o
                0x1000032c                main
 .text._Z15init_gen_devicev
                0x10000414        0x2 CMakeFiles/Pico_gen.dir/audio_process.cpp.o
                0x10000414                init_gen_device()
 *fill*         0x10000416        0x2 
 .text._Z13process_audiov
                0x10000418       0x90 CMakeFiles/Pico_gen.dir/audio_process.cpp.o
                0x10000418                process_audio()
 .text._Z13pico_led_initv
                0x100004a8       0x16 CMakeFiles/Pico_gen.dir/blink.cpp.o
                0x100004a8                pico_led_init()
 .text._Z12pico_set_ledb
                0x100004be        0x8 CMakeFiles/Pico_gen.dir/blink.cpp.o
                0x100004be                pico_set_led(bool)
 *fill*         0x100004c6        0x2 
 .text.board_millis
                0x100004c8       0x24 CMakeFiles/Pico_gen.dir/cdc_app.c.o
 .text.board_delay
                0x100004ec       0x22 CMakeFiles/Pico_gen.dir/cdc_app.c.o
 .text.tud_cdc_line_state_cb
                0x1000050e        0x2 CMakeFiles/Pico_gen.dir/cdc_app.c.o
                0x1000050e                tud_cdc_line_state_cb
 .text.tud_cdc_rx_cb
                0x10000510       0x56 CMakeFiles/Pico_gen.dir/cdc_app.c.o
                0x10000510                tud_cdc_rx_cb
 *fill*         0x10000566        0x2 
 .text.tud_audio_feature_unit_set_request
                0x10000568       0xbc CMakeFiles/Pico_gen.dir/uac2_app.c.o
 .text.tud_audio_clock_set_request
                0x10000624       0x78 CMakeFiles/Pico_gen.dir/uac2_app.c.o
 .text.tud_audio_clock_get_request
                0x1000069c      0x114 CMakeFiles/Pico_gen.dir/uac2_app.c.o
 .text.tud_audio_feature_unit_get_request
                0x100007b0       0xf0 CMakeFiles/Pico_gen.dir/uac2_app.c.o
 .text.tud_audio_get_req_entity_cb
                0x100008a0       0x30 CMakeFiles/Pico_gen.dir/uac2_app.c.o
                0x100008a0                tud_audio_get_req_entity_cb
 .text.tud_audio_set_req_entity_cb
                0x100008d0       0x34 CMakeFiles/Pico_gen.dir/uac2_app.c.o
                0x100008d0                tud_audio_set_req_entity_cb
 .text.tud_audio_set_itf_close_EP_cb
                0x10000904       0x24 CMakeFiles/Pico_gen.dir/uac2_app.c.o
                0x10000904                tud_audio_set_itf_close_EP_cb
 .text.tud_audio_set_itf_cb
                0x10000928       0x44 CMakeFiles/Pico_gen.dir/uac2_app.c.o
                0x10000928                tud_audio_set_itf_cb
 .text.tud_audio_rx_done_pre_read_cb
                0x1000096c       0xc4 CMakeFiles/Pico_gen.dir/uac2_app.c.o
                0x1000096c                tud_audio_rx_done_pre_read_cb
 .text.tud_audio_tx_done_pre_load_cb
                0x10000a30        0x4 CMakeFiles/Pico_gen.dir/uac2_app.c.o
                0x10000a30                tud_audio_tx_done_pre_load_cb
 .text.board_usb_get_serial
                0x10000a34       0x8c CMakeFiles/Pico_gen.dir/usb_descriptors.c.o
 .text.tud_descriptor_device_cb
                0x10000ac0        0x8 CMakeFiles/Pico_gen.dir/usb_descriptors.c.o
                0x10000ac0                tud_descriptor_device_cb
 .text.tud_descriptor_configuration_cb
                0x10000ac8        0x8 CMakeFiles/Pico_gen.dir/usb_descriptors.c.o
                0x10000ac8                tud_descriptor_configuration_cb
 .text.tud_descriptor_string_cb
                0x10000ad0       0x68 CMakeFiles/Pico_gen.dir/usb_descriptors.c.o
                0x10000ad0                tud_descriptor_string_cb
 .text._Z13usb_midi_taskv
                0x10000b38       0x48 CMakeFiles/Pico_gen.dir/midi.cpp.o
                0x10000b38                usb_midi_task()
 .text._Z12send_test_ccv
                0x10000b80       0x28 CMakeFiles/Pico_gen.dir/midi.cpp.o
                0x10000b80                send_test_cc()
 .text.gpio_set_function
                0x10000ba8       0x38 CMakeFiles/Pico_gen.dir/Users/mcanulty/.pico-sdk/sdk/2.1.1/src/rp2_common/hardware_gpio/gpio.c.o
                0x10000ba8                gpio_set_function
 .text.gpio_init
                0x10000be0       0x16 CMakeFiles/Pico_gen.dir/Users/mcanulty/.pico-sdk/sdk/2.1.1/src/rp2_common/hardware_gpio/gpio.c.o
                0x10000be0                gpio_init
 *fill*         0x10000bf6        0x2 
 .text.panic    0x10000bf8       0x30 CMakeFiles/Pico_gen.dir/Users/mcanulty/.pico-sdk/sdk/2.1.1/src/rp2_common/pico_platform_panic/panic.c.o
                0x10000bf8                panic
 .text.hw_claim_lock
                0x10000c28       0x24 CMakeFiles/Pico_gen.dir/Users/mcanulty/.pico-sdk/sdk/2.1.1/src/common/hardware_claim/claim.c.o
                0x10000c28                hw_claim_lock
 .text.hw_claim_unlock
                0x10000c4c       0x14 CMakeFiles/Pico_gen.dir/Users/mcanulty/.pico-sdk/sdk/2.1.1/src/common/hardware_claim/claim.c.o
                0x10000c4c                hw_claim_unlock
 .text.hw_claim_or_assert
                0x10000c60       0x32 CMakeFiles/Pico_gen.dir/Users/mcanulty/.pico-sdk/sdk/2.1.1/src/common/hardware_claim/claim.c.o
                0x10000c60                hw_claim_or_assert
 .text.hw_claim_unused_from_range
                0x10000c92       0x4e CMakeFiles/Pico_gen.dir/Users/mcanulty/.pico-sdk/sdk/2.1.1/src/common/hardware_claim/claim.c.o
                0x10000c92                hw_claim_unused_from_range
 .text.next_striped_spin_lock_num
                0x10000ce0       0x1c CMakeFiles/Pico_gen.dir/Users/mcanulty/.pico-sdk/sdk/2.1.1/src/rp2_common/hardware_sync/sync.c.o
                0x10000ce0                next_striped_spin_lock_num
 .text.spin_lock_claim_unused
                0x10000cfc       0x24 CMakeFiles/Pico_gen.dir/Users/mcanulty/.pico-sdk/sdk/2.1.1/src/rp2_common/hardware_sync/sync.c.o
                0x10000cfc                spin_lock_claim_unused
 .text.spinlock_set_extexclall
                0x10000d20        0xe CMakeFiles/Pico_gen.dir/Users/mcanulty/.pico-sdk/sdk/2.1.1/src/rp2_common/hardware_sync_spin_lock/sync_spin_lock.c.o
 *fill*         0x10000d2e        0x2 
 .text.spin_locks_reset
                0x10000d30       0x1c CMakeFiles/Pico_gen.dir/Users/mcanulty/.pico-sdk/sdk/2.1.1/src/rp2_common/hardware_sync_spin_lock/sync_spin_lock.c.o
                0x10000d30                spin_locks_reset
 .text.set_raw_irq_handler_and_unlock
                0x10000d4c       0x24 CMakeFiles/Pico_gen.dir/Users/mcanulty/.pico-sdk/sdk/2.1.1/src/rp2_common/hardware_irq/irq.c.o
 .text.nvic_ipr0
                0x10000d70        0x8 CMakeFiles/Pico_gen.dir/Users/mcanulty/.pico-sdk/sdk/2.1.1/src/rp2_common/hardware_irq/irq.c.o
 .text.runtime_init_per_core_irq_priorities
                0x10000d78       0x1a CMakeFiles/Pico_gen.dir/Users/mcanulty/.pico-sdk/sdk/2.1.1/src/rp2_common/hardware_irq/irq.c.o
                0x10000d78                runtime_init_per_core_irq_priorities
 *fill*         0x10000d92        0x2 
 .text.resolve_j_16
                0x10000d94       0x40 CMakeFiles/Pico_gen.dir/Users/mcanulty/.pico-sdk/sdk/2.1.1/src/rp2_common/hardware_irq/irq.c.o
 .text.make_j_16
                0x10000dd4       0x3c CMakeFiles/Pico_gen.dir/Users/mcanulty/.pico-sdk/sdk/2.1.1/src/rp2_common/hardware_irq/irq.c.o
 .text.irq_is_enabled
                0x10000e10       0x20 CMakeFiles/Pico_gen.dir/Users/mcanulty/.pico-sdk/sdk/2.1.1/src/rp2_common/hardware_irq/irq.c.o
                0x10000e10                irq_is_enabled
 .text.irq_set_mask_n_enabled
                0x10000e30       0x20 CMakeFiles/Pico_gen.dir/Users/mcanulty/.pico-sdk/sdk/2.1.1/src/rp2_common/hardware_irq/irq.c.o
                0x10000e30                irq_set_mask_n_enabled
 .text.irq_set_enabled
                0x10000e50       0x14 CMakeFiles/Pico_gen.dir/Users/mcanulty/.pico-sdk/sdk/2.1.1/src/rp2_common/hardware_irq/irq.c.o
                0x10000e50                irq_set_enabled
 .text.irq_get_vtable_handler
                0x10000e64       0x10 CMakeFiles/Pico_gen.dir/Users/mcanulty/.pico-sdk/sdk/2.1.1/src/rp2_common/hardware_irq/irq.c.o
                0x10000e64                irq_get_vtable_handler
 .text.irq_set_exclusive_handler
                0x10000e74       0x60 CMakeFiles/Pico_gen.dir/Users/mcanulty/.pico-sdk/sdk/2.1.1/src/rp2_common/hardware_irq/irq.c.o
                0x10000e74                irq_set_exclusive_handler
 .text.irq_add_shared_handler
                0x10000ed4      0x234 CMakeFiles/Pico_gen.dir/Users/mcanulty/.pico-sdk/sdk/2.1.1/src/rp2_common/hardware_irq/irq.c.o
                0x10000ed4                irq_add_shared_handler
 .text.irq_add_tail_to_free_list
                0x10001108       0xf8 CMakeFiles/Pico_gen.dir/Users/mcanulty/.pico-sdk/sdk/2.1.1/src/rp2_common/hardware_irq/irq.c.o
                0x10001108                irq_add_tail_to_free_list
 .text.lock_init
                0x10001200        0xc CMakeFiles/Pico_gen.dir/Users/mcanulty/.pico-sdk/sdk/2.1.1/src/common/pico_sync/lock_core.c.o
                0x10001200                lock_init
 .text.mutex_init
                0x1000120c       0x1a CMakeFiles/Pico_gen.dir/Users/mcanulty/.pico-sdk/sdk/2.1.1/src/common/pico_sync/mutex.c.o
                0x1000120c                mutex_init
 .text.recursive_mutex_init
                0x10001226       0x1e CMakeFiles/Pico_gen.dir/Users/mcanulty/.pico-sdk/sdk/2.1.1/src/common/pico_sync/mutex.c.o
                0x10001226                recursive_mutex_init
 .text.runtime_init_mutex
                0x10001244       0x4c CMakeFiles/Pico_gen.dir/Users/mcanulty/.pico-sdk/sdk/2.1.1/src/common/pico_sync/mutex.c.o
                0x10001244                runtime_init_mutex
 .text.critical_section_init_with_lock_num
                0x10001290       0x10 CMakeFiles/Pico_gen.dir/Users/mcanulty/.pico-sdk/sdk/2.1.1/src/common/pico_sync/critical_section.c.o
                0x10001290                critical_section_init_with_lock_num
 .text.critical_section_init
                0x100012a0       0x14 CMakeFiles/Pico_gen.dir/Users/mcanulty/.pico-sdk/sdk/2.1.1/src/common/pico_sync/critical_section.c.o
                0x100012a0                critical_section_init
 .text.ta_from_current_irq
                0x100012b4       0x24 CMakeFiles/Pico_gen.dir/Users/mcanulty/.pico-sdk/sdk/2.1.1/src/common/pico_time/time.c.o
 .text.ta_set_timeout
                0x100012d8       0x2a CMakeFiles/Pico_gen.dir/Users/mcanulty/.pico-sdk/sdk/2.1.1/src/common/pico_time/time.c.o
 .text.make_alarm_id
                0x10001302        0x6 CMakeFiles/Pico_gen.dir/Users/mcanulty/.pico-sdk/sdk/2.1.1/src/common/pico_time/time.c.o
 .text.sleep_until_callback
                0x10001308       0x3c CMakeFiles/Pico_gen.dir/Users/mcanulty/.pico-sdk/sdk/2.1.1/src/common/pico_time/time.c.o
 .text.alarm_pool_irq_handler
                0x10001344      0x2ec CMakeFiles/Pico_gen.dir/Users/mcanulty/.pico-sdk/sdk/2.1.1/src/common/pico_time/time.c.o
 .text.ta_enable_irq_handler
                0x10001630       0x38 CMakeFiles/Pico_gen.dir/Users/mcanulty/.pico-sdk/sdk/2.1.1/src/common/pico_time/time.c.o
 .text.alarm_pool_post_alloc_init
                0x10001668       0x7c CMakeFiles/Pico_gen.dir/Users/mcanulty/.pico-sdk/sdk/2.1.1/src/common/pico_time/time.c.o
 .text.alarm_pool_get_default
                0x100016e4       0x28 CMakeFiles/Pico_gen.dir/Users/mcanulty/.pico-sdk/sdk/2.1.1/src/common/pico_time/time.c.o
                0x100016e4                alarm_pool_get_default
 .text.alarm_pool_add_alarm_at_force_in_context
                0x1000170c       0xc0 CMakeFiles/Pico_gen.dir/Users/mcanulty/.pico-sdk/sdk/2.1.1/src/common/pico_time/time.c.o
                0x1000170c                alarm_pool_add_alarm_at_force_in_context
 .text.alarm_pool_add_alarm_at
                0x100017cc       0x38 CMakeFiles/Pico_gen.dir/Users/mcanulty/.pico-sdk/sdk/2.1.1/src/common/pico_time/time.c.o
                0x100017cc                alarm_pool_add_alarm_at
 .text.add_alarm_at
                0x10001804       0x26 CMakeFiles/Pico_gen.dir/Users/mcanulty/.pico-sdk/sdk/2.1.1/src/common/pico_time/time.c.o
 .text.alarm_pool_cancel_alarm
                0x1000182a       0x72 CMakeFiles/Pico_gen.dir/Users/mcanulty/.pico-sdk/sdk/2.1.1/src/common/pico_time/time.c.o
                0x1000182a                alarm_pool_cancel_alarm
 .text.cancel_alarm
                0x1000189c       0x10 CMakeFiles/Pico_gen.dir/Users/mcanulty/.pico-sdk/sdk/2.1.1/src/common/pico_time/time.c.o
 .text.alarm_pool_core_num
                0x100018ac        0x4 CMakeFiles/Pico_gen.dir/Users/mcanulty/.pico-sdk/sdk/2.1.1/src/common/pico_time/time.c.o
                0x100018ac                alarm_pool_core_num
 .text.best_effort_wfe_or_timeout
                0x100018b0       0xfc CMakeFiles/Pico_gen.dir/Users/mcanulty/.pico-sdk/sdk/2.1.1/src/common/pico_time/time.c.o
                0x100018b0                best_effort_wfe_or_timeout
 .text.alarm_pool_get_default_timer
                0x100019ac        0x8 CMakeFiles/Pico_gen.dir/Users/mcanulty/.pico-sdk/sdk/2.1.1/src/common/pico_time/time.c.o
                0x100019ac                alarm_pool_get_default_timer
 .text.runtime_init_default_alarm_pool
                0x100019b4       0x34 CMakeFiles/Pico_gen.dir/Users/mcanulty/.pico-sdk/sdk/2.1.1/src/common/pico_time/time.c.o
                0x100019b4                runtime_init_default_alarm_pool
 .text.timer_hardware_alarm_claim
                0x100019e8       0x24 CMakeFiles/Pico_gen.dir/Users/mcanulty/.pico-sdk/sdk/2.1.1/src/rp2_common/hardware_timer/timer.c.o
                0x100019e8                timer_hardware_alarm_claim
 .text.timer_time_us_64
                0x10001a0c       0x10 CMakeFiles/Pico_gen.dir/Users/mcanulty/.pico-sdk/sdk/2.1.1/src/rp2_common/hardware_timer/timer.c.o
                0x10001a0c                timer_time_us_64
 .text.time_us_64
                0x10001a1c       0x10 CMakeFiles/Pico_gen.dir/Users/mcanulty/.pico-sdk/sdk/2.1.1/src/rp2_common/hardware_timer/timer.c.o
                0x10001a1c                time_us_64
 .text.clock_configure_internal
                0x10001a2c       0xb8 CMakeFiles/Pico_gen.dir/Users/mcanulty/.pico-sdk/sdk/2.1.1/src/rp2_common/hardware_clocks/clocks.c.o
 .text.clock_configure_undivided
                0x10001ae4       0x12 CMakeFiles/Pico_gen.dir/Users/mcanulty/.pico-sdk/sdk/2.1.1/src/rp2_common/hardware_clocks/clocks.c.o
                0x10001ae4                clock_configure_undivided
 *fill*         0x10001af6        0x2 
 .text.clock_get_hz
                0x10001af8        0xc CMakeFiles/Pico_gen.dir/Users/mcanulty/.pico-sdk/sdk/2.1.1/src/rp2_common/hardware_clocks/clocks.c.o
                0x10001af8                clock_get_hz
 .text.pll_init
                0x10001b04      0x108 CMakeFiles/Pico_gen.dir/Users/mcanulty/.pico-sdk/sdk/2.1.1/src/rp2_common/hardware_pll/pll.c.o
                0x10001b04                pll_init
 .text.tick_start
                0x10001c0c       0x1c CMakeFiles/Pico_gen.dir/Users/mcanulty/.pico-sdk/sdk/2.1.1/src/rp2_common/hardware_ticks/ticks.c.o
                0x10001c0c                tick_start
 .text.rom_func_lookup
                0x10001c28       0x1e CMakeFiles/Pico_gen.dir/Users/mcanulty/.pico-sdk/sdk/2.1.1/src/rp2_common/pico_bootrom/bootrom.c.o
                0x10001c28                rom_func_lookup
 *fill*         0x10001c46        0x2 
 .text.runtime_init_bootrom_locking_enable
                0x10001c48       0x14 CMakeFiles/Pico_gen.dir/Users/mcanulty/.pico-sdk/sdk/2.1.1/src/rp2_common/pico_bootrom/bootrom_lock.c.o
                0x10001c48                runtime_init_bootrom_locking_enable
 .text.boot_locks_reset
                0x10001c5c       0x20 CMakeFiles/Pico_gen.dir/Users/mcanulty/.pico-sdk/sdk/2.1.1/src/rp2_common/hardware_boot_lock/boot_lock.c.o
                0x10001c5c                boot_locks_reset
 .text.runtime_init_boot_locks_reset
                0x10001c7c        0x8 CMakeFiles/Pico_gen.dir/Users/mcanulty/.pico-sdk/sdk/2.1.1/src/rp2_common/hardware_boot_lock/boot_lock.c.o
                0x10001c7c                runtime_init_boot_locks_reset
 .text.xosc_init
                0x10001c84       0x28 CMakeFiles/Pico_gen.dir/Users/mcanulty/.pico-sdk/sdk/2.1.1/src/rp2_common/hardware_xosc/xosc.c.o
                0x10001c84                xosc_init
 .text.runtime_run_initializers_from
                0x10001cac       0x18 CMakeFiles/Pico_gen.dir/Users/mcanulty/.pico-sdk/sdk/2.1.1/src/rp2_common/pico_runtime/runtime.c.o
 .text.first_per_core_initializer
                0x10001cc4        0x2 CMakeFiles/Pico_gen.dir/Users/mcanulty/.pico-sdk/sdk/2.1.1/src/rp2_common/pico_runtime/runtime.c.o
 *fill*         0x10001cc6        0x2 
 .text.runtime_run_initializers
                0x10001cc8       0x10 CMakeFiles/Pico_gen.dir/Users/mcanulty/.pico-sdk/sdk/2.1.1/src/rp2_common/pico_runtime/runtime.c.o
                0x10001cc8                runtime_run_initializers
 .text.runtime_run_per_core_initializers
                0x10001cd8       0x10 CMakeFiles/Pico_gen.dir/Users/mcanulty/.pico-sdk/sdk/2.1.1/src/rp2_common/pico_runtime/runtime.c.o
                0x10001cd8                runtime_run_per_core_initializers
 .text.runtime_init_early_resets
                0x10001ce8       0x2c CMakeFiles/Pico_gen.dir/Users/mcanulty/.pico-sdk/sdk/2.1.1/src/rp2_common/pico_runtime_init/runtime_init.c.o
                0x10001ce8                runtime_init_early_resets
 .text.runtime_init_usb_power_down
                0x10001d14       0x20 CMakeFiles/Pico_gen.dir/Users/mcanulty/.pico-sdk/sdk/2.1.1/src/rp2_common/pico_runtime_init/runtime_init.c.o
                0x10001d14                runtime_init_usb_power_down
 .text.runtime_init_per_core_enable_coprocessors
                0x10001d34       0x1c CMakeFiles/Pico_gen.dir/Users/mcanulty/.pico-sdk/sdk/2.1.1/src/rp2_common/pico_runtime_init/runtime_init.c.o
                0x10001d34                runtime_init_per_core_enable_coprocessors
 .text.runtime_init_post_clock_resets
                0x10001d50       0x20 CMakeFiles/Pico_gen.dir/Users/mcanulty/.pico-sdk/sdk/2.1.1/src/rp2_common/pico_runtime_init/runtime_init.c.o
                0x10001d50                runtime_init_post_clock_resets
 .text.runtime_init_bootrom_reset
                0x10001d70       0x12 CMakeFiles/Pico_gen.dir/Users/mcanulty/.pico-sdk/sdk/2.1.1/src/rp2_common/pico_runtime_init/runtime_init.c.o
                0x10001d70                runtime_init_bootrom_reset
 .text.runtime_init_per_core_bootrom_reset
                0x10001d82       0x12 CMakeFiles/Pico_gen.dir/Users/mcanulty/.pico-sdk/sdk/2.1.1/src/rp2_common/pico_runtime_init/runtime_init.c.o
                0x10001d82                runtime_init_per_core_bootrom_reset
 .text.runtime_init_spin_locks_reset
                0x10001d94        0x8 CMakeFiles/Pico_gen.dir/Users/mcanulty/.pico-sdk/sdk/2.1.1/src/rp2_common/pico_runtime_init/runtime_init.c.o
                0x10001d94                runtime_init_spin_locks_reset
 .text.runtime_init_install_ram_vector_table
                0x10001d9c       0x20 CMakeFiles/Pico_gen.dir/Users/mcanulty/.pico-sdk/sdk/2.1.1/src/rp2_common/pico_runtime_init/runtime_init.c.o
                0x10001d9c                runtime_init_install_ram_vector_table
 .text.start_all_ticks
                0x10001dbc       0x28 CMakeFiles/Pico_gen.dir/Users/mcanulty/.pico-sdk/sdk/2.1.1/src/rp2_common/pico_runtime_init/runtime_init_clocks.c.o
 .text.runtime_init_clocks
                0x10001de4       0xc4 CMakeFiles/Pico_gen.dir/Users/mcanulty/.pico-sdk/sdk/2.1.1/src/rp2_common/pico_runtime_init/runtime_init_clocks.c.o
                0x10001de4                runtime_init_clocks
 .text.__rp2350_dcp_engaged_state_save_restore
                0x10001ea8       0x3a CMakeFiles/Pico_gen.dir/Users/mcanulty/.pico-sdk/sdk/2.1.1/src/rp2_common/pico_double/double_aeabi_dcp.S.o
 *fill*         0x10001ee2        0x2 
 .text.__wrap___aeabi_dadd
                0x10001ee4       0x28 CMakeFiles/Pico_gen.dir/Users/mcanulty/.pico-sdk/sdk/2.1.1/src/rp2_common/pico_double/double_aeabi_dcp.S.o
                0x10001eec                __wrap___aeabi_dadd
 .text.__wrap___aeabi_dsub
                0x10001f0c       0x28 CMakeFiles/Pico_gen.dir/Users/mcanulty/.pico-sdk/sdk/2.1.1/src/rp2_common/pico_double/double_aeabi_dcp.S.o
                0x10001f14                __wrap___aeabi_dsub
 .text.__wrap___aeabi_dmul
                0x10001f34       0x4c CMakeFiles/Pico_gen.dir/Users/mcanulty/.pico-sdk/sdk/2.1.1/src/rp2_common/pico_double/double_aeabi_dcp.S.o
                0x10001f3c                __wrap___aeabi_dmul
 .text.__wrap___aeabi_ddiv
                0x10001f80       0x9c CMakeFiles/Pico_gen.dir/Users/mcanulty/.pico-sdk/sdk/2.1.1/src/rp2_common/pico_double/double_aeabi_dcp.S.o
                0x10001f88                __wrap___aeabi_ddiv
 .text.__wrap___aeabi_i2d
                0x1000201c       0x24 CMakeFiles/Pico_gen.dir/Users/mcanulty/.pico-sdk/sdk/2.1.1/src/rp2_common/pico_double/double_aeabi_dcp.S.o
                0x10002024                __wrap___aeabi_i2d
                0x10002024                int2double
 .text.__wrap___aeabi_ui2d
                0x10002040       0x24 CMakeFiles/Pico_gen.dir/Users/mcanulty/.pico-sdk/sdk/2.1.1/src/rp2_common/pico_double/double_aeabi_dcp.S.o
                0x10002048                __wrap___aeabi_ui2d
                0x10002048                uint2double
 .text.__wrap___aeabi_d2iz
                0x10002064       0x24 CMakeFiles/Pico_gen.dir/Users/mcanulty/.pico-sdk/sdk/2.1.1/src/rp2_common/pico_double/double_aeabi_dcp.S.o
                0x1000206c                __wrap___aeabi_d2iz
                0x1000206c                double2int_z
 .text.__wrap___aeabi_d2uiz
                0x10002088       0x24 CMakeFiles/Pico_gen.dir/Users/mcanulty/.pico-sdk/sdk/2.1.1/src/rp2_common/pico_double/double_aeabi_dcp.S.o
                0x10002090                double2uint_z
                0x10002090                double2uint
                0x10002090                __wrap___aeabi_d2uiz
 .text.__wrap___aeabi_dcmpun
                0x100020ac       0x24 CMakeFiles/Pico_gen.dir/Users/mcanulty/.pico-sdk/sdk/2.1.1/src/rp2_common/pico_double/double_aeabi_dcp.S.o
                0x100020b4                __wrap___aeabi_dcmpun
 .text.__wrap___aeabi_dcmplt
                0x100020d0       0x28 CMakeFiles/Pico_gen.dir/Users/mcanulty/.pico-sdk/sdk/2.1.1/src/rp2_common/pico_double/double_aeabi_dcp.S.o
                0x100020d8                __wrap___aeabi_dcmplt
 .text.__wrap___aeabi_dcmple
                0x100020f8       0x28 CMakeFiles/Pico_gen.dir/Users/mcanulty/.pico-sdk/sdk/2.1.1/src/rp2_common/pico_double/double_aeabi_dcp.S.o
                0x10002100                __wrap___aeabi_dcmple
 .text.__wrap___aeabi_dcmpge
                0x10002120       0x28 CMakeFiles/Pico_gen.dir/Users/mcanulty/.pico-sdk/sdk/2.1.1/src/rp2_common/pico_double/double_aeabi_dcp.S.o
                0x10002128                __wrap___aeabi_dcmpge
 .text.__wrap___aeabi_dcmpgt
                0x10002148       0x28 CMakeFiles/Pico_gen.dir/Users/mcanulty/.pico-sdk/sdk/2.1.1/src/rp2_common/pico_double/double_aeabi_dcp.S.o
                0x10002150                __wrap___aeabi_dcmpgt
 .text._out_null
                0x10002170        0x2 CMakeFiles/Pico_gen.dir/Users/mcanulty/.pico-sdk/sdk/2.1.1/src/rp2_common/pico_printf/printf.c.o
 .text._out_fct
                0x10002172        0xe CMakeFiles/Pico_gen.dir/Users/mcanulty/.pico-sdk/sdk/2.1.1/src/rp2_common/pico_printf/printf.c.o
 .text._atoi    0x10002180       0x26 CMakeFiles/Pico_gen.dir/Users/mcanulty/.pico-sdk/sdk/2.1.1/src/rp2_common/pico_printf/printf.c.o
 .text._out_rev
                0x100021a6       0x7e CMakeFiles/Pico_gen.dir/Users/mcanulty/.pico-sdk/sdk/2.1.1/src/rp2_common/pico_printf/printf.c.o
 .text._ntoa_format
                0x10002224      0x134 CMakeFiles/Pico_gen.dir/Users/mcanulty/.pico-sdk/sdk/2.1.1/src/rp2_common/pico_printf/printf.c.o
 .text._ntoa_long
                0x10002358       0x94 CMakeFiles/Pico_gen.dir/Users/mcanulty/.pico-sdk/sdk/2.1.1/src/rp2_common/pico_printf/printf.c.o
 .text._ntoa_long_long
                0x100023ec       0xc2 CMakeFiles/Pico_gen.dir/Users/mcanulty/.pico-sdk/sdk/2.1.1/src/rp2_common/pico_printf/printf.c.o
 *fill*         0x100024ae        0x2 
 .text._etoa    0x100024b0      0x420 CMakeFiles/Pico_gen.dir/Users/mcanulty/.pico-sdk/sdk/2.1.1/src/rp2_common/pico_printf/printf.c.o
 .text._ftoa    0x100028d0      0x398 CMakeFiles/Pico_gen.dir/Users/mcanulty/.pico-sdk/sdk/2.1.1/src/rp2_common/pico_printf/printf.c.o
 .text._vsnprintf
                0x10002c68      0x6d8 CMakeFiles/Pico_gen.dir/Users/mcanulty/.pico-sdk/sdk/2.1.1/src/rp2_common/pico_printf/printf.c.o
 .text.vfctprintf
                0x10003340       0x24 CMakeFiles/Pico_gen.dir/Users/mcanulty/.pico-sdk/sdk/2.1.1/src/rp2_common/pico_printf/printf.c.o
                0x10003340                vfctprintf
 .text._exit    0x10003364        0x4 CMakeFiles/Pico_gen.dir/Users/mcanulty/.pico-sdk/sdk/2.1.1/src/rp2_common/pico_clib_interface/newlib_interface.c.o
                0x10003364                _exit
 .text.exit     0x10003368        0x6 CMakeFiles/Pico_gen.dir/Users/mcanulty/.pico-sdk/sdk/2.1.1/src/rp2_common/pico_clib_interface/newlib_interface.c.o
                0x10003368                exit
 *fill*         0x1000336e        0x2 
 .text.__assert_func
                0x10003370       0x34 CMakeFiles/Pico_gen.dir/Users/mcanulty/.pico-sdk/sdk/2.1.1/src/rp2_common/pico_clib_interface/newlib_interface.c.o
                0x10003370                __assert_func
 .text.runtime_init
                0x100033a4       0x2c CMakeFiles/Pico_gen.dir/Users/mcanulty/.pico-sdk/sdk/2.1.1/src/rp2_common/pico_clib_interface/newlib_interface.c.o
                0x100033a4                runtime_init
 .text.stdio_out_chars_no_crlf
                0x100033d0        0xe CMakeFiles/Pico_gen.dir/Users/mcanulty/.pico-sdk/sdk/2.1.1/src/rp2_common/pico_stdio/stdio.c.o
 *fill*         0x100033de        0x2 
 .text.stdio_out_chars_crlf
                0x100033e0       0x80 CMakeFiles/Pico_gen.dir/Users/mcanulty/.pico-sdk/sdk/2.1.1/src/rp2_common/pico_stdio/stdio.c.o
 .text.stdio_stack_buffer_flush
                0x10003460       0x40 CMakeFiles/Pico_gen.dir/Users/mcanulty/.pico-sdk/sdk/2.1.1/src/rp2_common/pico_stdio/stdio.c.o
 .text.stdio_buffered_printer
                0x100034a0       0x20 CMakeFiles/Pico_gen.dir/Users/mcanulty/.pico-sdk/sdk/2.1.1/src/rp2_common/pico_stdio/stdio.c.o
 .text.stdout_serialize_begin
                0x100034c0       0x2c CMakeFiles/Pico_gen.dir/Users/mcanulty/.pico-sdk/sdk/2.1.1/src/rp2_common/pico_stdio/stdio.c.o
                0x100034c0                stdout_serialize_begin
 .text.stdout_serialize_end
                0x100034ec       0x10 CMakeFiles/Pico_gen.dir/Users/mcanulty/.pico-sdk/sdk/2.1.1/src/rp2_common/pico_stdio/stdio.c.o
                0x100034ec                stdout_serialize_end
 .text.stdio_put_string
                0x100034fc       0x8c CMakeFiles/Pico_gen.dir/Users/mcanulty/.pico-sdk/sdk/2.1.1/src/rp2_common/pico_stdio/stdio.c.o
                0x100034fc                stdio_put_string
 .text.stdio_set_driver_enabled
                0x10003588       0x2c CMakeFiles/Pico_gen.dir/Users/mcanulty/.pico-sdk/sdk/2.1.1/src/rp2_common/pico_stdio/stdio.c.o
                0x10003588                stdio_set_driver_enabled
 .text.stdio_flush
                0x100035b4       0x1c CMakeFiles/Pico_gen.dir/Users/mcanulty/.pico-sdk/sdk/2.1.1/src/rp2_common/pico_stdio/stdio.c.o
                0x100035b4                stdio_flush
 .text.stdio_init_all
                0x100035d0        0x8 CMakeFiles/Pico_gen.dir/Users/mcanulty/.pico-sdk/sdk/2.1.1/src/rp2_common/pico_stdio/stdio.c.o
                0x100035d0                stdio_init_all
 .text.__wrap_puts
                0x100035d8       0x1e CMakeFiles/Pico_gen.dir/Users/mcanulty/.pico-sdk/sdk/2.1.1/src/rp2_common/pico_stdio/stdio.c.o
                0x100035d8                __wrap_puts
                0x100035d8                stdio_puts
 *fill*         0x100035f6        0x2 
 .text.__wrap_vprintf
                0x100035f8       0x40 CMakeFiles/Pico_gen.dir/Users/mcanulty/.pico-sdk/sdk/2.1.1/src/rp2_common/pico_stdio/stdio.c.o
                0x100035f8                __wrap_vprintf
                0x100035f8                stdio_vprintf
 .text.__wrap_printf
                0x10003638       0x1c CMakeFiles/Pico_gen.dir/Users/mcanulty/.pico-sdk/sdk/2.1.1/src/rp2_common/pico_stdio/stdio.c.o
                0x10003638                stdio_printf
                0x10003638                __wrap_printf
 .text.stdio_usb_set_chars_available_callback
                0x10003654       0x14 CMakeFiles/Pico_gen.dir/Users/mcanulty/.pico-sdk/sdk/2.1.1/src/rp2_common/pico_stdio_usb/stdio_usb.c.o
                0x10003654                stdio_usb_set_chars_available_callback
 .text.stdio_usb_out_flush
                0x10003668       0x48 CMakeFiles/Pico_gen.dir/Users/mcanulty/.pico-sdk/sdk/2.1.1/src/rp2_common/pico_stdio_usb/stdio_usb.c.o
 .text.stdio_usb_init
                0x100036b0       0x6c CMakeFiles/Pico_gen.dir/Users/mcanulty/.pico-sdk/sdk/2.1.1/src/rp2_common/pico_stdio_usb/stdio_usb.c.o
                0x100036b0                stdio_usb_init
 .text.stdio_usb_connected
                0x1000371c        0xa CMakeFiles/Pico_gen.dir/Users/mcanulty/.pico-sdk/sdk/2.1.1/src/rp2_common/pico_stdio_usb/stdio_usb.c.o
                0x1000371c                stdio_usb_connected
 *fill*         0x10003726        0x2 
 .text.stdio_usb_in_chars
                0x10003728       0x8c CMakeFiles/Pico_gen.dir/Users/mcanulty/.pico-sdk/sdk/2.1.1/src/rp2_common/pico_stdio_usb/stdio_usb.c.o
                0x10003728                stdio_usb_in_chars
 .text.stdio_usb_out_chars
                0x100037b4       0xd4 CMakeFiles/Pico_gen.dir/Users/mcanulty/.pico-sdk/sdk/2.1.1/src/rp2_common/pico_stdio_usb/stdio_usb.c.o
 .text._retrieve_unique_id_on_boot
                0x10003888       0x58 CMakeFiles/Pico_gen.dir/Users/mcanulty/.pico-sdk/sdk/2.1.1/src/rp2_common/pico_unique_id/unique_id.c.o
 .text.pico_get_unique_board_id
                0x100038e0       0x10 CMakeFiles/Pico_gen.dir/Users/mcanulty/.pico-sdk/sdk/2.1.1/src/rp2_common/pico_unique_id/unique_id.c.o
                0x100038e0                pico_get_unique_board_id
 .text.hw_endpoint_init
                0x100038f0       0xbc CMakeFiles/Pico_gen.dir/Users/mcanulty/.pico-sdk/sdk/2.1.1/lib/tinyusb/src/portable/raspberrypi/rp2040/dcd_rp2040.c.o
 .text.hw_endpoint_alloc
                0x100039ac       0x48 CMakeFiles/Pico_gen.dir/Users/mcanulty/.pico-sdk/sdk/2.1.1/lib/tinyusb/src/portable/raspberrypi/rp2040/dcd_rp2040.c.o
 .text.hw_endpoint_open
                0x100039f4       0x44 CMakeFiles/Pico_gen.dir/Users/mcanulty/.pico-sdk/sdk/2.1.1/lib/tinyusb/src/portable/raspberrypi/rp2040/dcd_rp2040.c.o
 .text.hw_endpoint_xfer
                0x10003a38       0x1c CMakeFiles/Pico_gen.dir/Users/mcanulty/.pico-sdk/sdk/2.1.1/lib/tinyusb/src/portable/raspberrypi/rp2040/dcd_rp2040.c.o
 .text.dcd_int_enable
                0x10003a54       0x28 CMakeFiles/Pico_gen.dir/Users/mcanulty/.pico-sdk/sdk/2.1.1/lib/tinyusb/src/portable/raspberrypi/rp2040/dcd_rp2040.c.o
                0x10003a54                dcd_int_enable
 .text.dcd_set_address
                0x10003a7c       0x2c CMakeFiles/Pico_gen.dir/Users/mcanulty/.pico-sdk/sdk/2.1.1/lib/tinyusb/src/portable/raspberrypi/rp2040/dcd_rp2040.c.o
                0x10003a7c                dcd_set_address
 .text.dcd_connect
                0x10003aa8       0x10 CMakeFiles/Pico_gen.dir/Users/mcanulty/.pico-sdk/sdk/2.1.1/lib/tinyusb/src/portable/raspberrypi/rp2040/dcd_rp2040.c.o
                0x10003aa8                dcd_connect
 .text.dcd_init
                0x10003ab8       0x84 CMakeFiles/Pico_gen.dir/Users/mcanulty/.pico-sdk/sdk/2.1.1/lib/tinyusb/src/portable/raspberrypi/rp2040/dcd_rp2040.c.o
                0x10003ab8                dcd_init
 .text.dcd_sof_enable
                0x10003b3c       0x1c CMakeFiles/Pico_gen.dir/Users/mcanulty/.pico-sdk/sdk/2.1.1/lib/tinyusb/src/portable/raspberrypi/rp2040/dcd_rp2040.c.o
                0x10003b3c                dcd_sof_enable
 .text.dcd_edpt0_status_complete
                0x10003b58       0x20 CMakeFiles/Pico_gen.dir/Users/mcanulty/.pico-sdk/sdk/2.1.1/lib/tinyusb/src/portable/raspberrypi/rp2040/dcd_rp2040.c.o
                0x10003b58                dcd_edpt0_status_complete
 .text.dcd_edpt_open
                0x10003b78       0x22 CMakeFiles/Pico_gen.dir/Users/mcanulty/.pico-sdk/sdk/2.1.1/lib/tinyusb/src/portable/raspberrypi/rp2040/dcd_rp2040.c.o
                0x10003b78                dcd_edpt_open
 *fill*         0x10003b9a        0x2 
 .text.dcd_edpt_iso_alloc
                0x10003b9c       0x30 CMakeFiles/Pico_gen.dir/Users/mcanulty/.pico-sdk/sdk/2.1.1/lib/tinyusb/src/portable/raspberrypi/rp2040/dcd_rp2040.c.o
                0x10003b9c                dcd_edpt_iso_alloc
 .text.dcd_edpt_iso_activate
                0x10003bcc       0x88 CMakeFiles/Pico_gen.dir/Users/mcanulty/.pico-sdk/sdk/2.1.1/lib/tinyusb/src/portable/raspberrypi/rp2040/dcd_rp2040.c.o
                0x10003bcc                dcd_edpt_iso_activate
 .text.dcd_edpt_close_all
                0x10003c54        0x8 CMakeFiles/Pico_gen.dir/Users/mcanulty/.pico-sdk/sdk/2.1.1/lib/tinyusb/src/portable/raspberrypi/rp2040/dcd_rp2040.c.o
                0x10003c54                dcd_edpt_close_all
 .text.dcd_edpt_xfer
                0x10003c5c       0x2c CMakeFiles/Pico_gen.dir/Users/mcanulty/.pico-sdk/sdk/2.1.1/lib/tinyusb/src/portable/raspberrypi/rp2040/dcd_rp2040.c.o
                0x10003c5c                dcd_edpt_xfer
 .text.dcd_edpt_stall
                0x10003c88       0x38 CMakeFiles/Pico_gen.dir/Users/mcanulty/.pico-sdk/sdk/2.1.1/lib/tinyusb/src/portable/raspberrypi/rp2040/dcd_rp2040.c.o
                0x10003c88                dcd_edpt_stall
 .text.dcd_edpt_clear_stall
                0x10003cc0       0x28 CMakeFiles/Pico_gen.dir/Users/mcanulty/.pico-sdk/sdk/2.1.1/lib/tinyusb/src/portable/raspberrypi/rp2040/dcd_rp2040.c.o
                0x10003cc0                dcd_edpt_clear_stall
 .text.unaligned_memcpy
                0x10003ce8       0x14 CMakeFiles/Pico_gen.dir/Users/mcanulty/.pico-sdk/sdk/2.1.1/lib/tinyusb/src/portable/raspberrypi/rp2040/rp2040_usb.c.o
 .text.rp2040_usb_init
                0x10003cfc       0x40 CMakeFiles/Pico_gen.dir/Users/mcanulty/.pico-sdk/sdk/2.1.1/lib/tinyusb/src/portable/raspberrypi/rp2040/rp2040_usb.c.o
                0x10003cfc                rp2040_usb_init
 .text.hw_endpoint_xfer_start
                0x10003d3c       0x58 CMakeFiles/Pico_gen.dir/Users/mcanulty/.pico-sdk/sdk/2.1.1/lib/tinyusb/src/portable/raspberrypi/rp2040/rp2040_usb.c.o
                0x10003d3c                hw_endpoint_xfer_start
 .text.critical_section_enter_blocking
                0x10003d94       0x26 CMakeFiles/Pico_gen.dir/Users/mcanulty/.pico-sdk/sdk/2.1.1/lib/tinyusb/src/device/usbd.c.o
 .text.tud_vendor_control_xfer_cb
                0x10003dba        0x4 CMakeFiles/Pico_gen.dir/Users/mcanulty/.pico-sdk/sdk/2.1.1/lib/tinyusb/src/device/usbd.c.o
                0x10003dba                tud_vendor_control_xfer_cb
 *fill*         0x10003dbe        0x2 
 .text.configuration_reset
                0x10003dc0       0x90 CMakeFiles/Pico_gen.dir/Users/mcanulty/.pico-sdk/sdk/2.1.1/lib/tinyusb/src/device/usbd.c.o
 .text.usbd_reset
                0x10003e50        0xc CMakeFiles/Pico_gen.dir/Users/mcanulty/.pico-sdk/sdk/2.1.1/lib/tinyusb/src/device/usbd.c.o
 .text.invoke_class_control
                0x10003e5c       0x1a CMakeFiles/Pico_gen.dir/Users/mcanulty/.pico-sdk/sdk/2.1.1/lib/tinyusb/src/device/usbd.c.o
 *fill*         0x10003e76        0x2 
 .text.process_set_config
                0x10003e78      0x1d8 CMakeFiles/Pico_gen.dir/Users/mcanulty/.pico-sdk/sdk/2.1.1/lib/tinyusb/src/device/usbd.c.o
 .text.tud_event_hook_cb
                0x10004050        0x2 CMakeFiles/Pico_gen.dir/Users/mcanulty/.pico-sdk/sdk/2.1.1/lib/tinyusb/src/device/usbd.c.o
                0x10004050                tud_event_hook_cb
 .text.tud_sof_cb
                0x10004052        0x2 CMakeFiles/Pico_gen.dir/Users/mcanulty/.pico-sdk/sdk/2.1.1/lib/tinyusb/src/device/usbd.c.o
                0x10004052                tud_sof_cb
 .text.tud_descriptor_bos_cb
                0x10004054        0x4 CMakeFiles/Pico_gen.dir/Users/mcanulty/.pico-sdk/sdk/2.1.1/lib/tinyusb/src/device/usbd.c.o
                0x10004054                tud_descriptor_bos_cb
 .text.tud_descriptor_device_qualifier_cb
                0x10004058        0x4 CMakeFiles/Pico_gen.dir/Users/mcanulty/.pico-sdk/sdk/2.1.1/lib/tinyusb/src/device/usbd.c.o
                0x10004058                tud_descriptor_device_qualifier_cb
 .text.tud_descriptor_other_speed_configuration_cb
                0x1000405c        0x4 CMakeFiles/Pico_gen.dir/Users/mcanulty/.pico-sdk/sdk/2.1.1/lib/tinyusb/src/device/usbd.c.o
                0x1000405c                tud_descriptor_other_speed_configuration_cb
 .text.process_get_descriptor
                0x10004060       0xf8 CMakeFiles/Pico_gen.dir/Users/mcanulty/.pico-sdk/sdk/2.1.1/lib/tinyusb/src/device/usbd.c.o
 .text.tud_mount_cb
                0x10004158        0x2 CMakeFiles/Pico_gen.dir/Users/mcanulty/.pico-sdk/sdk/2.1.1/lib/tinyusb/src/device/usbd.c.o
                0x10004158                tud_mount_cb
 .text.tud_umount_cb
                0x1000415a        0x2 CMakeFiles/Pico_gen.dir/Users/mcanulty/.pico-sdk/sdk/2.1.1/lib/tinyusb/src/device/usbd.c.o
                0x1000415a                tud_umount_cb
 .text.tud_suspend_cb
                0x1000415c        0x2 CMakeFiles/Pico_gen.dir/Users/mcanulty/.pico-sdk/sdk/2.1.1/lib/tinyusb/src/device/usbd.c.o
                0x1000415c                tud_suspend_cb
 .text.tud_resume_cb
                0x1000415e        0x2 CMakeFiles/Pico_gen.dir/Users/mcanulty/.pico-sdk/sdk/2.1.1/lib/tinyusb/src/device/usbd.c.o
                0x1000415e                tud_resume_cb
 .text.tud_speed_get
                0x10004160        0xc CMakeFiles/Pico_gen.dir/Users/mcanulty/.pico-sdk/sdk/2.1.1/lib/tinyusb/src/device/usbd.c.o
                0x10004160                tud_speed_get
 .text.tud_mounted
                0x1000416c       0x14 CMakeFiles/Pico_gen.dir/Users/mcanulty/.pico-sdk/sdk/2.1.1/lib/tinyusb/src/device/usbd.c.o
                0x1000416c                tud_mounted
 .text.tud_suspended
                0x10004180       0x10 CMakeFiles/Pico_gen.dir/Users/mcanulty/.pico-sdk/sdk/2.1.1/lib/tinyusb/src/device/usbd.c.o
                0x10004180                tud_suspended
 .text.tud_inited
                0x10004190       0x10 CMakeFiles/Pico_gen.dir/Users/mcanulty/.pico-sdk/sdk/2.1.1/lib/tinyusb/src/device/usbd.c.o
                0x10004190                tud_inited
 .text.tud_rhport_init
                0x100041a0      0x128 CMakeFiles/Pico_gen.dir/Users/mcanulty/.pico-sdk/sdk/2.1.1/lib/tinyusb/src/device/usbd.c.o
                0x100041a0                tud_rhport_init
 .text.usbd_edpt_open
                0x100042c8       0x7c CMakeFiles/Pico_gen.dir/Users/mcanulty/.pico-sdk/sdk/2.1.1/lib/tinyusb/src/device/usbd.c.o
                0x100042c8                usbd_edpt_open
 .text.usbd_open_edpt_pair
                0x10004344       0xa4 CMakeFiles/Pico_gen.dir/Users/mcanulty/.pico-sdk/sdk/2.1.1/lib/tinyusb/src/device/usbd.c.o
                0x10004344                usbd_open_edpt_pair
 .text.usbd_edpt_claim
                0x100043e8       0x28 CMakeFiles/Pico_gen.dir/Users/mcanulty/.pico-sdk/sdk/2.1.1/lib/tinyusb/src/device/usbd.c.o
                0x100043e8                usbd_edpt_claim
 .text.usbd_edpt_release
                0x10004410       0x28 CMakeFiles/Pico_gen.dir/Users/mcanulty/.pico-sdk/sdk/2.1.1/lib/tinyusb/src/device/usbd.c.o
                0x10004410                usbd_edpt_release
 .text.usbd_edpt_xfer
                0x10004438       0x90 CMakeFiles/Pico_gen.dir/Users/mcanulty/.pico-sdk/sdk/2.1.1/lib/tinyusb/src/device/usbd.c.o
                0x10004438                usbd_edpt_xfer
 .text.usbd_edpt_stall
                0x100044c8       0x3c CMakeFiles/Pico_gen.dir/Users/mcanulty/.pico-sdk/sdk/2.1.1/lib/tinyusb/src/device/usbd.c.o
                0x100044c8                usbd_edpt_stall
 .text.usbd_edpt_clear_stall
                0x10004504       0x3c CMakeFiles/Pico_gen.dir/Users/mcanulty/.pico-sdk/sdk/2.1.1/lib/tinyusb/src/device/usbd.c.o
                0x10004504                usbd_edpt_clear_stall
 .text.usbd_edpt_stalled
                0x10004540       0x1c CMakeFiles/Pico_gen.dir/Users/mcanulty/.pico-sdk/sdk/2.1.1/lib/tinyusb/src/device/usbd.c.o
                0x10004540                usbd_edpt_stalled
 .text.process_control_request
                0x1000455c      0x404 CMakeFiles/Pico_gen.dir/Users/mcanulty/.pico-sdk/sdk/2.1.1/lib/tinyusb/src/device/usbd.c.o
 .text.tud_task_ext
                0x10004960      0x238 CMakeFiles/Pico_gen.dir/Users/mcanulty/.pico-sdk/sdk/2.1.1/lib/tinyusb/src/device/usbd.c.o
                0x10004960                tud_task_ext
 .text.usbd_edpt_iso_alloc
                0x10004b98       0x40 CMakeFiles/Pico_gen.dir/Users/mcanulty/.pico-sdk/sdk/2.1.1/lib/tinyusb/src/device/usbd.c.o
                0x10004b98                usbd_edpt_iso_alloc
 .text.usbd_edpt_iso_activate
                0x10004bd8       0xb0 CMakeFiles/Pico_gen.dir/Users/mcanulty/.pico-sdk/sdk/2.1.1/lib/tinyusb/src/device/usbd.c.o
                0x10004bd8                usbd_edpt_iso_activate
 .text.status_stage_xact
                0x10004c88       0x1a CMakeFiles/Pico_gen.dir/Users/mcanulty/.pico-sdk/sdk/2.1.1/lib/tinyusb/src/device/usbd_control.c.o
 *fill*         0x10004ca2        0x2 
 .text.data_stage_xact
                0x10004ca4       0x5c CMakeFiles/Pico_gen.dir/Users/mcanulty/.pico-sdk/sdk/2.1.1/lib/tinyusb/src/device/usbd_control.c.o
 .text.tud_control_status
                0x10004d00       0x28 CMakeFiles/Pico_gen.dir/Users/mcanulty/.pico-sdk/sdk/2.1.1/lib/tinyusb/src/device/usbd_control.c.o
                0x10004d00                tud_control_status
 .text.tud_control_xfer
                0x10004d28       0xac CMakeFiles/Pico_gen.dir/Users/mcanulty/.pico-sdk/sdk/2.1.1/lib/tinyusb/src/device/usbd_control.c.o
                0x10004d28                tud_control_xfer
 .text.usbd_control_reset
                0x10004dd4       0x14 CMakeFiles/Pico_gen.dir/Users/mcanulty/.pico-sdk/sdk/2.1.1/lib/tinyusb/src/device/usbd_control.c.o
                0x10004dd4                usbd_control_reset
 .text.usbd_control_set_complete_callback
                0x10004de8        0xc CMakeFiles/Pico_gen.dir/Users/mcanulty/.pico-sdk/sdk/2.1.1/lib/tinyusb/src/device/usbd_control.c.o
                0x10004de8                usbd_control_set_complete_callback
 .text.usbd_control_set_request
                0x10004df4       0x1c CMakeFiles/Pico_gen.dir/Users/mcanulty/.pico-sdk/sdk/2.1.1/lib/tinyusb/src/device/usbd_control.c.o
                0x10004df4                usbd_control_set_request
 .text.usbd_control_xfer_cb
                0x10004e10      0x10c CMakeFiles/Pico_gen.dir/Users/mcanulty/.pico-sdk/sdk/2.1.1/lib/tinyusb/src/device/usbd_control.c.o
                0x10004e10                usbd_control_xfer_cb
 .text.audiod_get_AS_interface_index
                0x10004f1c       0x58 CMakeFiles/Pico_gen.dir/Users/mcanulty/.pico-sdk/sdk/2.1.1/lib/tinyusb/src/class/audio/audio_device.c.o
 .text.audiod_get_AS_interface_index_global
                0x10004f74       0x3c CMakeFiles/Pico_gen.dir/Users/mcanulty/.pico-sdk/sdk/2.1.1/lib/tinyusb/src/class/audio/audio_device.c.o
 .text.audiod_verify_entity_exists
                0x10004fb0       0x60 CMakeFiles/Pico_gen.dir/Users/mcanulty/.pico-sdk/sdk/2.1.1/lib/tinyusb/src/class/audio/audio_device.c.o
 .text.audiod_verify_itf_exists
                0x10005010       0x58 CMakeFiles/Pico_gen.dir/Users/mcanulty/.pico-sdk/sdk/2.1.1/lib/tinyusb/src/class/audio/audio_device.c.o
 .text.audiod_verify_ep_exists
                0x10005068       0x5c CMakeFiles/Pico_gen.dir/Users/mcanulty/.pico-sdk/sdk/2.1.1/lib/tinyusb/src/class/audio/audio_device.c.o
 .text.audiod_parse_for_AS_params
                0x100050c4       0x96 CMakeFiles/Pico_gen.dir/Users/mcanulty/.pico-sdk/sdk/2.1.1/lib/tinyusb/src/class/audio/audio_device.c.o
 *fill*         0x1000515a        0x2 
 .text.audiod_tx_packet_size
                0x1000515c       0x88 CMakeFiles/Pico_gen.dir/Users/mcanulty/.pico-sdk/sdk/2.1.1/lib/tinyusb/src/class/audio/audio_device.c.o
 .text.audiod_get_audio_fct_idx
                0x100051e4       0x20 CMakeFiles/Pico_gen.dir/Users/mcanulty/.pico-sdk/sdk/2.1.1/lib/tinyusb/src/class/audio/audio_device.c.o
 .text.audiod_get_interface
                0x10005204       0x4c CMakeFiles/Pico_gen.dir/Users/mcanulty/.pico-sdk/sdk/2.1.1/lib/tinyusb/src/class/audio/audio_device.c.o
 .text.audiod_calc_tx_packet_sz
                0x10005250      0x104 CMakeFiles/Pico_gen.dir/Users/mcanulty/.pico-sdk/sdk/2.1.1/lib/tinyusb/src/class/audio/audio_device.c.o
 .text.tud_audio_tx_done_post_load_cb
                0x10005354        0x4 CMakeFiles/Pico_gen.dir/Users/mcanulty/.pico-sdk/sdk/2.1.1/lib/tinyusb/src/class/audio/audio_device.c.o
                0x10005354                tud_audio_tx_done_post_load_cb
 .text.audiod_tx_done_cb
                0x10005358       0x9e CMakeFiles/Pico_gen.dir/Users/mcanulty/.pico-sdk/sdk/2.1.1/lib/tinyusb/src/class/audio/audio_device.c.o
 .text.tud_audio_rx_done_post_read_cb
                0x100053f6        0x4 CMakeFiles/Pico_gen.dir/Users/mcanulty/.pico-sdk/sdk/2.1.1/lib/tinyusb/src/class/audio/audio_device.c.o
                0x100053f6                tud_audio_rx_done_post_read_cb
 .text.audiod_rx_done_cb
                0x100053fa       0x80 CMakeFiles/Pico_gen.dir/Users/mcanulty/.pico-sdk/sdk/2.1.1/lib/tinyusb/src/class/audio/audio_device.c.o
 *fill*         0x1000547a        0x2 
 .text.audiod_set_interface
                0x1000547c      0x23c CMakeFiles/Pico_gen.dir/Users/mcanulty/.pico-sdk/sdk/2.1.1/lib/tinyusb/src/class/audio/audio_device.c.o
 .text.tud_audio_set_req_ep_cb
                0x100056b8        0x4 CMakeFiles/Pico_gen.dir/Users/mcanulty/.pico-sdk/sdk/2.1.1/lib/tinyusb/src/class/audio/audio_device.c.o
                0x100056b8                tud_audio_set_req_ep_cb
 .text.tud_audio_set_req_itf_cb
                0x100056bc        0x4 CMakeFiles/Pico_gen.dir/Users/mcanulty/.pico-sdk/sdk/2.1.1/lib/tinyusb/src/class/audio/audio_device.c.o
                0x100056bc                tud_audio_set_req_itf_cb
 .text.audiod_control_complete
                0x100056c0       0xec CMakeFiles/Pico_gen.dir/Users/mcanulty/.pico-sdk/sdk/2.1.1/lib/tinyusb/src/class/audio/audio_device.c.o
 .text.tud_audio_get_req_ep_cb
                0x100057ac        0x4 CMakeFiles/Pico_gen.dir/Users/mcanulty/.pico-sdk/sdk/2.1.1/lib/tinyusb/src/class/audio/audio_device.c.o
                0x100057ac                tud_audio_get_req_ep_cb
 .text.tud_audio_get_req_itf_cb
                0x100057b0        0x4 CMakeFiles/Pico_gen.dir/Users/mcanulty/.pico-sdk/sdk/2.1.1/lib/tinyusb/src/class/audio/audio_device.c.o
                0x100057b0                tud_audio_get_req_itf_cb
 .text.audiod_control_request
                0x100057b4      0x108 CMakeFiles/Pico_gen.dir/Users/mcanulty/.pico-sdk/sdk/2.1.1/lib/tinyusb/src/class/audio/audio_device.c.o
 .text.tud_audio_n_read
                0x100058bc       0x30 CMakeFiles/Pico_gen.dir/Users/mcanulty/.pico-sdk/sdk/2.1.1/lib/tinyusb/src/class/audio/audio_device.c.o
                0x100058bc                tud_audio_n_read
 .text.tud_audio_n_write
                0x100058ec       0x30 CMakeFiles/Pico_gen.dir/Users/mcanulty/.pico-sdk/sdk/2.1.1/lib/tinyusb/src/class/audio/audio_device.c.o
                0x100058ec                tud_audio_n_write
 .text.audiod_init
                0x1000591c       0xc8 CMakeFiles/Pico_gen.dir/Users/mcanulty/.pico-sdk/sdk/2.1.1/lib/tinyusb/src/class/audio/audio_device.c.o
                0x1000591c                audiod_init
 .text.audiod_deinit
                0x100059e4        0x4 CMakeFiles/Pico_gen.dir/Users/mcanulty/.pico-sdk/sdk/2.1.1/lib/tinyusb/src/class/audio/audio_device.c.o
                0x100059e4                audiod_deinit
 .text.audiod_reset
                0x100059e8       0x40 CMakeFiles/Pico_gen.dir/Users/mcanulty/.pico-sdk/sdk/2.1.1/lib/tinyusb/src/class/audio/audio_device.c.o
                0x100059e8                audiod_reset
 .text.audiod_open
                0x10005a28      0x1ec CMakeFiles/Pico_gen.dir/Users/mcanulty/.pico-sdk/sdk/2.1.1/lib/tinyusb/src/class/audio/audio_device.c.o
                0x10005a28                audiod_open
 .text.audiod_control_xfer_cb
                0x10005c14       0x1e CMakeFiles/Pico_gen.dir/Users/mcanulty/.pico-sdk/sdk/2.1.1/lib/tinyusb/src/class/audio/audio_device.c.o
                0x10005c14                audiod_control_xfer_cb
 *fill*         0x10005c32        0x2 
 .text.audiod_xfer_cb
                0x10005c34       0x58 CMakeFiles/Pico_gen.dir/Users/mcanulty/.pico-sdk/sdk/2.1.1/lib/tinyusb/src/class/audio/audio_device.c.o
                0x10005c34                audiod_xfer_cb
 .text.tud_audio_buffer_and_schedule_control_xfer
                0x10005c8c      0x110 CMakeFiles/Pico_gen.dir/Users/mcanulty/.pico-sdk/sdk/2.1.1/lib/tinyusb/src/class/audio/audio_device.c.o
                0x10005c8c                tud_audio_buffer_and_schedule_control_xfer
 .text._prep_out_transaction
                0x10005d9c       0x94 CMakeFiles/Pico_gen.dir/Users/mcanulty/.pico-sdk/sdk/2.1.1/lib/tinyusb/src/class/cdc/cdc_device.c.o
 .text.tud_cdc_n_connected
                0x10005e30       0x34 CMakeFiles/Pico_gen.dir/Users/mcanulty/.pico-sdk/sdk/2.1.1/lib/tinyusb/src/class/cdc/cdc_device.c.o
                0x10005e30                tud_cdc_n_connected
 .text.tud_cdc_n_available
                0x10005e64       0x18 CMakeFiles/Pico_gen.dir/Users/mcanulty/.pico-sdk/sdk/2.1.1/lib/tinyusb/src/class/cdc/cdc_device.c.o
                0x10005e64                tud_cdc_n_available
 .text.tud_cdc_n_read
                0x10005e7c       0x34 CMakeFiles/Pico_gen.dir/Users/mcanulty/.pico-sdk/sdk/2.1.1/lib/tinyusb/src/class/cdc/cdc_device.c.o
                0x10005e7c                tud_cdc_n_read
 .text.tud_cdc_n_write_flush
                0x10005eb0       0xb8 CMakeFiles/Pico_gen.dir/Users/mcanulty/.pico-sdk/sdk/2.1.1/lib/tinyusb/src/class/cdc/cdc_device.c.o
                0x10005eb0                tud_cdc_n_write_flush
 .text.tud_cdc_n_write
                0x10005f68       0x44 CMakeFiles/Pico_gen.dir/Users/mcanulty/.pico-sdk/sdk/2.1.1/lib/tinyusb/src/class/cdc/cdc_device.c.o
                0x10005f68                tud_cdc_n_write
 .text.tud_cdc_n_write_available
                0x10005fac       0x1c CMakeFiles/Pico_gen.dir/Users/mcanulty/.pico-sdk/sdk/2.1.1/lib/tinyusb/src/class/cdc/cdc_device.c.o
                0x10005fac                tud_cdc_n_write_available
 .text.cdcd_init
                0x10005fc8       0xa4 CMakeFiles/Pico_gen.dir/Users/mcanulty/.pico-sdk/sdk/2.1.1/lib/tinyusb/src/class/cdc/cdc_device.c.o
                0x10005fc8                cdcd_init
 .text.cdcd_deinit
                0x1000606c       0x40 CMakeFiles/Pico_gen.dir/Users/mcanulty/.pico-sdk/sdk/2.1.1/lib/tinyusb/src/class/cdc/cdc_device.c.o
                0x1000606c                cdcd_deinit
 .text.cdcd_reset
                0x100060ac       0x78 CMakeFiles/Pico_gen.dir/Users/mcanulty/.pico-sdk/sdk/2.1.1/lib/tinyusb/src/class/cdc/cdc_device.c.o
                0x100060ac                cdcd_reset
 .text.cdcd_open
                0x10006124      0x124 CMakeFiles/Pico_gen.dir/Users/mcanulty/.pico-sdk/sdk/2.1.1/lib/tinyusb/src/class/cdc/cdc_device.c.o
                0x10006124                cdcd_open
 .text.cdcd_control_xfer_cb
                0x10006248      0x120 CMakeFiles/Pico_gen.dir/Users/mcanulty/.pico-sdk/sdk/2.1.1/lib/tinyusb/src/class/cdc/cdc_device.c.o
                0x10006248                cdcd_control_xfer_cb
 .text.cdcd_xfer_cb
                0x10006368      0x138 CMakeFiles/Pico_gen.dir/Users/mcanulty/.pico-sdk/sdk/2.1.1/lib/tinyusb/src/class/cdc/cdc_device.c.o
                0x10006368                cdcd_xfer_cb
 .text._prep_out_transaction
                0x100064a0       0x70 CMakeFiles/Pico_gen.dir/Users/mcanulty/.pico-sdk/sdk/2.1.1/lib/tinyusb/src/class/midi/midi_device.c.o
 .text.write_flush
                0x10006510       0xa4 CMakeFiles/Pico_gen.dir/Users/mcanulty/.pico-sdk/sdk/2.1.1/lib/tinyusb/src/class/midi/midi_device.c.o
 .text.tud_midi_n_available
                0x100065b4       0x28 CMakeFiles/Pico_gen.dir/Users/mcanulty/.pico-sdk/sdk/2.1.1/lib/tinyusb/src/class/midi/midi_device.c.o
                0x100065b4                tud_midi_n_available
 .text.tud_midi_n_packet_read
                0x100065dc       0x3c CMakeFiles/Pico_gen.dir/Users/mcanulty/.pico-sdk/sdk/2.1.1/lib/tinyusb/src/class/midi/midi_device.c.o
                0x100065dc                tud_midi_n_packet_read
 .text.tud_midi_n_stream_write
                0x10006618      0x250 CMakeFiles/Pico_gen.dir/Users/mcanulty/.pico-sdk/sdk/2.1.1/lib/tinyusb/src/class/midi/midi_device.c.o
                0x10006618                tud_midi_n_stream_write
 .text.tud_midi_n_packet_write
                0x10006868       0x4c CMakeFiles/Pico_gen.dir/Users/mcanulty/.pico-sdk/sdk/2.1.1/lib/tinyusb/src/class/midi/midi_device.c.o
                0x10006868                tud_midi_n_packet_write
 .text.midid_init
                0x100068b4       0x84 CMakeFiles/Pico_gen.dir/Users/mcanulty/.pico-sdk/sdk/2.1.1/lib/tinyusb/src/class/midi/midi_device.c.o
                0x100068b4                midid_init
 .text.midid_deinit
                0x10006938       0x40 CMakeFiles/Pico_gen.dir/Users/mcanulty/.pico-sdk/sdk/2.1.1/lib/tinyusb/src/class/midi/midi_device.c.o
                0x10006938                midid_deinit
 .text.midid_reset
                0x10006978       0x3c CMakeFiles/Pico_gen.dir/Users/mcanulty/.pico-sdk/sdk/2.1.1/lib/tinyusb/src/class/midi/midi_device.c.o
                0x10006978                midid_reset
 .text.midid_open
                0x100069b4      0x15c CMakeFiles/Pico_gen.dir/Users/mcanulty/.pico-sdk/sdk/2.1.1/lib/tinyusb/src/class/midi/midi_device.c.o
                0x100069b4                midid_open
 .text.midid_control_xfer_cb
                0x10006b10        0x4 CMakeFiles/Pico_gen.dir/Users/mcanulty/.pico-sdk/sdk/2.1.1/lib/tinyusb/src/class/midi/midi_device.c.o
                0x10006b10                midid_control_xfer_cb
 .text.midid_xfer_cb
                0x10006b14       0xdc CMakeFiles/Pico_gen.dir/Users/mcanulty/.pico-sdk/sdk/2.1.1/lib/tinyusb/src/class/midi/midi_device.c.o
                0x10006b14                midid_xfer_cb
 .text.tusb_rhport_init
                0x10006bf0       0x68 CMakeFiles/Pico_gen.dir/Users/mcanulty/.pico-sdk/sdk/2.1.1/lib/tinyusb/src/tusb.c.o
                0x10006bf0                tusb_rhport_init
 .text.tu_edpt_claim
                0x10006c58       0x50 CMakeFiles/Pico_gen.dir/Users/mcanulty/.pico-sdk/sdk/2.1.1/lib/tinyusb/src/tusb.c.o
                0x10006c58                tu_edpt_claim
 .text.tu_edpt_release
                0x10006ca8       0x3c CMakeFiles/Pico_gen.dir/Users/mcanulty/.pico-sdk/sdk/2.1.1/lib/tinyusb/src/tusb.c.o
                0x10006ca8                tu_edpt_release
 .text.tu_edpt_validate
                0x10006ce4       0xe0 CMakeFiles/Pico_gen.dir/Users/mcanulty/.pico-sdk/sdk/2.1.1/lib/tinyusb/src/tusb.c.o
                0x10006ce4                tu_edpt_validate
 .text.tu_edpt_bind_driver
                0x10006dc4       0x4a CMakeFiles/Pico_gen.dir/Users/mcanulty/.pico-sdk/sdk/2.1.1/lib/tinyusb/src/tusb.c.o
                0x10006dc4                tu_edpt_bind_driver
 .text.advance_index
                0x10006e0e       0x1a CMakeFiles/Pico_gen.dir/Users/mcanulty/.pico-sdk/sdk/2.1.1/lib/tinyusb/src/common/tusb_fifo.c.o
 .text._tu_fifo_peek
                0x10006e28       0x62 CMakeFiles/Pico_gen.dir/Users/mcanulty/.pico-sdk/sdk/2.1.1/lib/tinyusb/src/common/tusb_fifo.c.o
 .text._ff_pull_n
                0x10006e8a       0x68 CMakeFiles/Pico_gen.dir/Users/mcanulty/.pico-sdk/sdk/2.1.1/lib/tinyusb/src/common/tusb_fifo.c.o
 .text._tu_fifo_peek_n
                0x10006ef2       0x6a CMakeFiles/Pico_gen.dir/Users/mcanulty/.pico-sdk/sdk/2.1.1/lib/tinyusb/src/common/tusb_fifo.c.o
 .text._tu_fifo_read_n
                0x10006f5c       0x4c CMakeFiles/Pico_gen.dir/Users/mcanulty/.pico-sdk/sdk/2.1.1/lib/tinyusb/src/common/tusb_fifo.c.o
 .text._ff_push_n
                0x10006fa8       0x66 CMakeFiles/Pico_gen.dir/Users/mcanulty/.pico-sdk/sdk/2.1.1/lib/tinyusb/src/common/tusb_fifo.c.o
 .text._tu_fifo_write_n
                0x1000700e       0xf0 CMakeFiles/Pico_gen.dir/Users/mcanulty/.pico-sdk/sdk/2.1.1/lib/tinyusb/src/common/tusb_fifo.c.o
 .text.tu_fifo_config
                0x100070fe       0x62 CMakeFiles/Pico_gen.dir/Users/mcanulty/.pico-sdk/sdk/2.1.1/lib/tinyusb/src/common/tusb_fifo.c.o
                0x100070fe                tu_fifo_config
 .text.tu_fifo_count
                0x10007160       0x28 CMakeFiles/Pico_gen.dir/Users/mcanulty/.pico-sdk/sdk/2.1.1/lib/tinyusb/src/common/tusb_fifo.c.o
                0x10007160                tu_fifo_count
 .text.tu_fifo_empty
                0x10007188       0x12 CMakeFiles/Pico_gen.dir/Users/mcanulty/.pico-sdk/sdk/2.1.1/lib/tinyusb/src/common/tusb_fifo.c.o
                0x10007188                tu_fifo_empty
 .text.tu_fifo_full
                0x1000719a       0x28 CMakeFiles/Pico_gen.dir/Users/mcanulty/.pico-sdk/sdk/2.1.1/lib/tinyusb/src/common/tusb_fifo.c.o
                0x1000719a                tu_fifo_full
 .text.tu_fifo_remaining
                0x100071c2       0x2c CMakeFiles/Pico_gen.dir/Users/mcanulty/.pico-sdk/sdk/2.1.1/lib/tinyusb/src/common/tusb_fifo.c.o
                0x100071c2                tu_fifo_remaining
 .text.tu_fifo_read
                0x100071ee       0x3e CMakeFiles/Pico_gen.dir/Users/mcanulty/.pico-sdk/sdk/2.1.1/lib/tinyusb/src/common/tusb_fifo.c.o
                0x100071ee                tu_fifo_read
 .text.tu_fifo_read_n
                0x1000722c        0xa CMakeFiles/Pico_gen.dir/Users/mcanulty/.pico-sdk/sdk/2.1.1/lib/tinyusb/src/common/tusb_fifo.c.o
                0x1000722c                tu_fifo_read_n
 .text.tu_fifo_write
                0x10007236       0x5e CMakeFiles/Pico_gen.dir/Users/mcanulty/.pico-sdk/sdk/2.1.1/lib/tinyusb/src/common/tusb_fifo.c.o
                0x10007236                tu_fifo_write
 .text.tu_fifo_write_n
                0x10007294        0xa CMakeFiles/Pico_gen.dir/Users/mcanulty/.pico-sdk/sdk/2.1.1/lib/tinyusb/src/common/tusb_fifo.c.o
                0x10007294                tu_fifo_write_n
 .text.tu_fifo_clear
                0x1000729e       0x36 CMakeFiles/Pico_gen.dir/Users/mcanulty/.pico-sdk/sdk/2.1.1/lib/tinyusb/src/common/tusb_fifo.c.o
                0x1000729e                tu_fifo_clear
 .text.tu_fifo_set_overwritable
                0x100072d4       0x3a CMakeFiles/Pico_gen.dir/Users/mcanulty/.pico-sdk/sdk/2.1.1/lib/tinyusb/src/common/tusb_fifo.c.o
                0x100072d4                tu_fifo_set_overwritable
 .text.board_init
                0x1000730e       0x14 CMakeFiles/Pico_gen.dir/Users/mcanulty/.pico-sdk/sdk/2.1.1/lib/tinyusb/hw/bsp/rp2040/family.c.o
                0x1000730e                board_init
 .text.board_led_write
                0x10007322        0x8 CMakeFiles/Pico_gen.dir/Users/mcanulty/.pico-sdk/sdk/2.1.1/lib/tinyusb/hw/bsp/rp2040/family.c.o
                0x10007322                board_led_write
 .text.board_get_unique_id
                0x1000732a       0x26 CMakeFiles/Pico_gen.dir/Users/mcanulty/.pico-sdk/sdk/2.1.1/lib/tinyusb/hw/bsp/rp2040/family.c.o
                0x1000732a                board_get_unique_id
 .text.core1_trampoline
                0x10007350        0x2 CMakeFiles/Pico_gen.dir/Users/mcanulty/.pico-sdk/sdk/2.1.1/src/rp2_common/pico_multicore/multicore.c.o
 .text.core1_wrapper
                0x10007352        0xc CMakeFiles/Pico_gen.dir/Users/mcanulty/.pico-sdk/sdk/2.1.1/src/rp2_common/pico_multicore/multicore.c.o
                0x10007352                core1_wrapper
 .text.multicore_fifo_push_blocking
                0x1000735e       0x16 CMakeFiles/Pico_gen.dir/Users/mcanulty/.pico-sdk/sdk/2.1.1/src/rp2_common/pico_multicore/multicore.c.o
                0x1000735e                multicore_fifo_push_blocking
 .text.multicore_fifo_pop_blocking
                0x10007374       0x18 CMakeFiles/Pico_gen.dir/Users/mcanulty/.pico-sdk/sdk/2.1.1/src/rp2_common/pico_multicore/multicore.c.o
                0x10007374                multicore_fifo_pop_blocking
 .text.multicore_launch_core1_raw
                0x1000738c       0x7a CMakeFiles/Pico_gen.dir/Users/mcanulty/.pico-sdk/sdk/2.1.1/src/rp2_common/pico_multicore/multicore.c.o
                0x1000738c                multicore_launch_core1_raw
 *fill*         0x10007406        0x2 
 .text.multicore_launch_core1_with_stack
                0x10007408       0x50 CMakeFiles/Pico_gen.dir/Users/mcanulty/.pico-sdk/sdk/2.1.1/src/rp2_common/pico_multicore/multicore.c.o
                0x10007408                multicore_launch_core1_with_stack
 .text.multicore_launch_core1
                0x10007458       0x24 CMakeFiles/Pico_gen.dir/Users/mcanulty/.pico-sdk/sdk/2.1.1/src/rp2_common/pico_multicore/multicore.c.o
                0x10007458                multicore_launch_core1
 .text.memset   0x1000747c       0x9c /Users/mcanulty/.pico-sdk/toolchain/14_2_Rel1/bin/../lib/gcc/arm-none-eabi/14.2.1/../../../../arm-none-eabi/lib/thumb/v8-m.main+fp/softfp/libg.a(libc_a-memset.o)
                0x1000747c                memset
 .text          0x10007518       0xec /Users/mcanulty/.pico-sdk/toolchain/14_2_Rel1/bin/../lib/gcc/arm-none-eabi/14.2.1/../../../../arm-none-eabi/lib/thumb/v8-m.main+fp/softfp/libg.a(libc_a-memcpy.o)
                0x10007518                memcpy
 .text.strlen   0x10007604       0x5c /Users/mcanulty/.pico-sdk/toolchain/14_2_Rel1/bin/../lib/gcc/arm-none-eabi/14.2.1/../../../../arm-none-eabi/lib/thumb/v8-m.main+fp/softfp/libg.a(libc_a-strlen-stub.o)
                0x10007604                strlen
 *(.fini)
 .fini          0x10007660        0x4 /Users/mcanulty/.pico-sdk/toolchain/14_2_Rel1/bin/../lib/gcc/arm-none-eabi/14.2.1/thumb/v8-m.main+fp/softfp/crti.o
                0x10007660                _fini
 *fill*         0x10007664        0x4 
 .fini.__stub   0x10007668       0x50 linker stubs
 *crtbegin.o(.ctors)
 *crtbegin?.o(.ctors)
 *(EXCLUDE_FILE(*crtend.o *crtend?.o) .ctors)
 *(SORT_BY_NAME(.ctors.*))
 *(.ctors)
 *crtbegin.o(.dtors)
 *crtbegin?.o(.dtors)
 *(EXCLUDE_FILE(*crtend.o *crtend?.o) .dtors)
 *(SORT_BY_NAME(.dtors.*))
 *(.dtors)
                0x100076b8                        . = ALIGN (0x4)
                0x100076b8                        PROVIDE (__preinit_array_start = .)
 *(SORT_BY_NAME(.preinit_array.*))
 .preinit_array.00050
                0x100076b8        0x4 CMakeFiles/Pico_gen.dir/Users/mcanulty/.pico-sdk/sdk/2.1.1/src/rp2_common/pico_runtime_init/runtime_init.c.o
                0x100076b8                __pre_init_runtime_init_bootrom_reset
 .preinit_array.00100
                0x100076bc        0x4 CMakeFiles/Pico_gen.dir/Users/mcanulty/.pico-sdk/sdk/2.1.1/src/rp2_common/pico_runtime_init/runtime_init.c.o
                0x100076bc                __pre_init_runtime_init_early_resets
 .preinit_array.00101
                0x100076c0        0x4 CMakeFiles/Pico_gen.dir/Users/mcanulty/.pico-sdk/sdk/2.1.1/src/rp2_common/pico_runtime_init/runtime_init.c.o
                0x100076c0                __pre_init_runtime_init_usb_power_down
 .preinit_array.00500
                0x100076c4        0x4 CMakeFiles/Pico_gen.dir/Users/mcanulty/.pico-sdk/sdk/2.1.1/src/rp2_common/pico_runtime_init/runtime_init.c.o
                0x100076c4                __pre_init_runtime_init_clocks
 .preinit_array.00600
                0x100076c8        0x4 CMakeFiles/Pico_gen.dir/Users/mcanulty/.pico-sdk/sdk/2.1.1/src/rp2_common/pico_runtime_init/runtime_init.c.o
                0x100076c8                __pre_init_runtime_init_post_clock_resets
 .preinit_array.01000
                0x100076cc        0x4 CMakeFiles/Pico_gen.dir/Users/mcanulty/.pico-sdk/sdk/2.1.1/src/rp2_common/hardware_boot_lock/boot_lock.c.o
                0x100076cc                __pre_init_runtime_init_boot_locks_reset
 .preinit_array.01000
                0x100076d0        0x4 CMakeFiles/Pico_gen.dir/Users/mcanulty/.pico-sdk/sdk/2.1.1/src/rp2_common/pico_runtime_init/runtime_init.c.o
                0x100076d0                __pre_init_runtime_init_spin_locks_reset
 .preinit_array.01010
                0x100076d4        0x4 CMakeFiles/Pico_gen.dir/Users/mcanulty/.pico-sdk/sdk/2.1.1/src/rp2_common/pico_bootrom/bootrom_lock.c.o
                0x100076d4                __pre_init_runtime_init_bootrom_locking_enable
 .preinit_array.01100
                0x100076d8        0x4 CMakeFiles/Pico_gen.dir/Users/mcanulty/.pico-sdk/sdk/2.1.1/src/common/pico_sync/mutex.c.o
                0x100076d8                __pre_init_runtime_init_mutex
 .preinit_array.10080
                0x100076dc        0x4 CMakeFiles/Pico_gen.dir/Users/mcanulty/.pico-sdk/sdk/2.1.1/src/rp2_common/pico_runtime_init/runtime_init.c.o
                0x100076dc                __pre_init_runtime_init_install_ram_vector_table
 .preinit_array.11000
                0x100076e0        0x4 CMakeFiles/Pico_gen.dir/Users/mcanulty/.pico-sdk/sdk/2.1.1/src/common/pico_time/time.c.o
                0x100076e0                __pre_init_runtime_init_default_alarm_pool
 .preinit_array.YYYYY
                0x100076e4        0x4 CMakeFiles/Pico_gen.dir/Users/mcanulty/.pico-sdk/sdk/2.1.1/src/rp2_common/pico_runtime/runtime.c.o
                0x100076e4                __pre_init_first_per_core_initializer
 .preinit_array.ZZZZZ.00051
                0x100076e8        0x4 CMakeFiles/Pico_gen.dir/Users/mcanulty/.pico-sdk/sdk/2.1.1/src/rp2_common/pico_runtime_init/runtime_init.c.o
                0x100076e8                __pre_init_runtime_init_per_core_bootrom_reset
 .preinit_array.ZZZZZ.00200
                0x100076ec        0x4 CMakeFiles/Pico_gen.dir/Users/mcanulty/.pico-sdk/sdk/2.1.1/src/rp2_common/pico_runtime_init/runtime_init.c.o
                0x100076ec                __pre_init_runtime_init_per_core_enable_coprocessors
 .preinit_array.ZZZZZ.01000
                0x100076f0        0x4 CMakeFiles/Pico_gen.dir/Users/mcanulty/.pico-sdk/sdk/2.1.1/src/rp2_common/hardware_sync_spin_lock/sync_spin_lock.c.o
                0x100076f0                __pre_init_spinlock_set_extexclall
 .preinit_array.ZZZZZ.01200
                0x100076f4        0x4 CMakeFiles/Pico_gen.dir/Users/mcanulty/.pico-sdk/sdk/2.1.1/src/rp2_common/hardware_irq/irq.c.o
                0x100076f4                __pre_init_runtime_init_per_core_irq_priorities
 *(.preinit_array)
                0x100076f8                        PROVIDE (__preinit_array_end = .)
                0x100076f8                        . = ALIGN (0x4)
                0x100076f8                        PROVIDE (__init_array_start = .)
 *(SORT_BY_NAME(.init_array.*))
 *(.init_array)
 .init_array    0x100076f8        0x4 /Users/mcanulty/.pico-sdk/toolchain/14_2_Rel1/bin/../lib/gcc/arm-none-eabi/14.2.1/thumb/v8-m.main+fp/softfp/crtbegin.o
 .init_array    0x100076fc        0x4 CMakeFiles/Pico_gen.dir/Users/mcanulty/.pico-sdk/sdk/2.1.1/src/rp2_common/pico_unique_id/unique_id.c.o
                0x10007700                        PROVIDE (__init_array_end = .)
                0x10007700                        . = ALIGN (0x4)
                [!provide]                        PROVIDE (__fini_array_start = .)
 *(SORT_BY_NAME(.fini_array.*))
 *(.fini_array)
                [!provide]                        PROVIDE (__fini_array_end = .)
 *(.eh_frame*)
 .eh_frame      0x10007700        0x0 /Users/mcanulty/.pico-sdk/toolchain/14_2_Rel1/bin/../lib/gcc/arm-none-eabi/14.2.1/thumb/v8-m.main+fp/softfp/crtbegin.o
                0x10007700                        . = ALIGN (0x4)

.glue_7         0x10007700        0x0
 .glue_7        0x10007700        0x0 linker stubs

.glue_7t        0x10007700        0x0
 .glue_7t       0x10007700        0x0 linker stubs

.vfp11_veneer   0x10007700        0x0
 .vfp11_veneer  0x10007700        0x0 linker stubs

.v4_bx          0x10007700        0x0
 .v4_bx         0x10007700        0x0 linker stubs

.iplt           0x10007700        0x0
 .iplt          0x10007700        0x0 /Users/mcanulty/.pico-sdk/toolchain/14_2_Rel1/bin/../lib/gcc/arm-none-eabi/14.2.1/thumb/v8-m.main+fp/softfp/crtbegin.o

.boot2          0x10007700        0x0
                0x10007700                        __boot2_start__ = .
 *(.boot2)
                0x10007700                        __boot2_end__ = .
                0x00000001                        ASSERT (((__boot2_end__ - __boot2_start__) <= 0x100), ERROR: Pico second stage bootloader must be no more than 256 bytes in size)

.rodata         0x10007700     0x13c8
 *(EXCLUDE_FILE(*libm.a: *libc.a:*lib_a-mem*.o *libgcc.a:) .rodata*)
 .rodata._Z10core1_mainv.str1.4
                0x10007700      0xc71 CMakeFiles/Pico_gen.dir/main.cpp.o
                                 0x3c (size before relaxing)
 .rodata.main.str1.4
                0x10008371       0x41 CMakeFiles/Pico_gen.dir/main.cpp.o
 *fill*         0x10008371        0x3 
 .rodata        0x10008374        0x2 CMakeFiles/Pico_gen.dir/main.cpp.o
 .rodata.tud_audio_feature_unit_set_request.str1.4
                0x10008376       0xa7 CMakeFiles/Pico_gen.dir/uac2_app.c.o
 .rodata.tud_audio_clock_set_request.str1.4
                0x10008376       0x6c CMakeFiles/Pico_gen.dir/uac2_app.c.o
 .rodata.tud_audio_clock_get_request.str1.4
                0x10008376       0xb8 CMakeFiles/Pico_gen.dir/uac2_app.c.o
 .rodata.tud_audio_feature_unit_get_request.str1.4
                0x10008376       0xbf CMakeFiles/Pico_gen.dir/uac2_app.c.o
 .rodata.tud_audio_get_req_entity_cb.str1.4
                0x10008376       0x44 CMakeFiles/Pico_gen.dir/uac2_app.c.o
 .rodata.tud_audio_set_req_entity_cb.str1.4
                0x10008376       0x44 CMakeFiles/Pico_gen.dir/uac2_app.c.o
 *fill*         0x10008376        0x2 
 .rodata.__func__.2
                0x10008378       0x1c CMakeFiles/Pico_gen.dir/uac2_app.c.o
 .rodata.__func__.3
                0x10008394       0x23 CMakeFiles/Pico_gen.dir/uac2_app.c.o
 *fill*         0x100083b7        0x1 
 .rodata.__func__.4
                0x100083b8       0x23 CMakeFiles/Pico_gen.dir/uac2_app.c.o
 *fill*         0x100083db        0x1 
 .rodata.__func__.5
                0x100083dc       0x1c CMakeFiles/Pico_gen.dir/uac2_app.c.o
 .rodata.resolutions_per_format
                0x100083f8        0x2 CMakeFiles/Pico_gen.dir/uac2_app.c.o
                0x100083f8                resolutions_per_format
 *fill*         0x100083fa        0x2 
 .rodata.sample_rates
                0x100083fc        0x8 CMakeFiles/Pico_gen.dir/uac2_app.c.o
                0x100083fc                sample_rates
 .rodata        0x10008404        0x8 CMakeFiles/Pico_gen.dir/uac2_app.c.o
 .rodata.board_usb_get_serial.str1.4
                0x1000840c       0x11 CMakeFiles/Pico_gen.dir/usb_descriptors.c.o
 .rodata.str1.4
                0x1000840c       0x43 CMakeFiles/Pico_gen.dir/usb_descriptors.c.o
 .rodata.__compound_literal.0
                0x1000840c        0x2 CMakeFiles/Pico_gen.dir/usb_descriptors.c.o
 *fill*         0x1000840e        0x2 
 .rodata.desc_configuration
                0x10008410      0x1df CMakeFiles/Pico_gen.dir/usb_descriptors.c.o
                0x10008410                desc_configuration
 *fill*         0x100085ef        0x1 
 .rodata.desc_device
                0x100085f0       0x12 CMakeFiles/Pico_gen.dir/usb_descriptors.c.o
                0x100085f0                desc_device
 .rodata.panic.str1.4
                0x10008602       0x12 CMakeFiles/Pico_gen.dir/Users/mcanulty/.pico-sdk/sdk/2.1.1/src/rp2_common/pico_platform_panic/panic.c.o
 .rodata.spin_lock_claim_unused.str1.4
                0x10008602       0x1b CMakeFiles/Pico_gen.dir/Users/mcanulty/.pico-sdk/sdk/2.1.1/src/rp2_common/hardware_sync/sync.c.o
 .rodata.resolve_j_16.str1.4
                0x10008602       0x5e CMakeFiles/Pico_gen.dir/Users/mcanulty/.pico-sdk/sdk/2.1.1/src/rp2_common/hardware_irq/irq.c.o
 .rodata.make_j_16.str1.4
                0x10008602       0x30 CMakeFiles/Pico_gen.dir/Users/mcanulty/.pico-sdk/sdk/2.1.1/src/rp2_common/hardware_irq/irq.c.o
 .rodata.irq_set_exclusive_handler.str1.4
                0x10008602       0x36 CMakeFiles/Pico_gen.dir/Users/mcanulty/.pico-sdk/sdk/2.1.1/src/rp2_common/hardware_irq/irq.c.o
 .rodata.irq_add_shared_handler.str1.4
                0x10008602       0xd2 CMakeFiles/Pico_gen.dir/Users/mcanulty/.pico-sdk/sdk/2.1.1/src/rp2_common/hardware_irq/irq.c.o
 .rodata.irq_add_tail_to_free_list.str1.4
                0x10008602       0x3a CMakeFiles/Pico_gen.dir/Users/mcanulty/.pico-sdk/sdk/2.1.1/src/rp2_common/hardware_irq/irq.c.o
 *fill*         0x10008602        0x2 
 .rodata.__func__.0
                0x10008604       0x1a CMakeFiles/Pico_gen.dir/Users/mcanulty/.pico-sdk/sdk/2.1.1/src/rp2_common/hardware_irq/irq.c.o
 *fill*         0x1000861e        0x2 
 .rodata.__func__.3
                0x10008620        0xa CMakeFiles/Pico_gen.dir/Users/mcanulty/.pico-sdk/sdk/2.1.1/src/rp2_common/hardware_irq/irq.c.o
 *fill*         0x1000862a        0x2 
 .rodata.__func__.4
                0x1000862c        0xd CMakeFiles/Pico_gen.dir/Users/mcanulty/.pico-sdk/sdk/2.1.1/src/rp2_common/hardware_irq/irq.c.o
 *fill*         0x10008639        0x3 
 .rodata.__func__.5
                0x1000863c       0x17 CMakeFiles/Pico_gen.dir/Users/mcanulty/.pico-sdk/sdk/2.1.1/src/rp2_common/hardware_irq/irq.c.o
 *fill*         0x10008653        0x1 
 .rodata.__func__.6
                0x10008654       0x1a CMakeFiles/Pico_gen.dir/Users/mcanulty/.pico-sdk/sdk/2.1.1/src/rp2_common/hardware_irq/irq.c.o
 .rodata.runtime_init_mutex.str1.4
                0x1000866e       0x61 CMakeFiles/Pico_gen.dir/Users/mcanulty/.pico-sdk/sdk/2.1.1/src/common/pico_sync/mutex.c.o
 .rodata.str1.4
                0x1000866e       0x51 CMakeFiles/Pico_gen.dir/Users/mcanulty/.pico-sdk/sdk/2.1.1/src/common/pico_sync/mutex.c.o
 *fill*         0x1000866e        0x2 
 .rodata.__func__.1
                0x10008670        0xb CMakeFiles/Pico_gen.dir/Users/mcanulty/.pico-sdk/sdk/2.1.1/src/common/pico_sync/mutex.c.o
 *fill*         0x1000867b        0x1 
 .rodata.__func__.3
                0x1000867c       0x18 CMakeFiles/Pico_gen.dir/Users/mcanulty/.pico-sdk/sdk/2.1.1/src/common/pico_sync/mutex.c.o
 .rodata.__func__.6
                0x10008694       0x13 CMakeFiles/Pico_gen.dir/Users/mcanulty/.pico-sdk/sdk/2.1.1/src/common/pico_sync/mutex.c.o
 .rodata.alarm_pool_irq_handler.str1.4
                0x100086a7       0x6c CMakeFiles/Pico_gen.dir/Users/mcanulty/.pico-sdk/sdk/2.1.1/src/common/pico_time/time.c.o
 .rodata.alarm_pool_get_default.str1.4
                0x100086a7       0x21 CMakeFiles/Pico_gen.dir/Users/mcanulty/.pico-sdk/sdk/2.1.1/src/common/pico_time/time.c.o
 *fill*         0x100086a7        0x1 
 .rodata.__func__.1
                0x100086a8       0x17 CMakeFiles/Pico_gen.dir/Users/mcanulty/.pico-sdk/sdk/2.1.1/src/common/pico_time/time.c.o
 *fill*         0x100086bf        0x1 
 .rodata.__func__.2
                0x100086c0       0x17 CMakeFiles/Pico_gen.dir/Users/mcanulty/.pico-sdk/sdk/2.1.1/src/common/pico_time/time.c.o
 .rodata.timer_hardware_alarm_claim.str1.4
                0x100086d7       0x22 CMakeFiles/Pico_gen.dir/Users/mcanulty/.pico-sdk/sdk/2.1.1/src/rp2_common/hardware_timer/timer.c.o
 .rodata.pll_init.str1.4
                0x100086d7      0x11c CMakeFiles/Pico_gen.dir/Users/mcanulty/.pico-sdk/sdk/2.1.1/src/rp2_common/hardware_pll/pll.c.o
 *fill*         0x100086d7        0x1 
 .rodata.__func__.0
                0x100086d8        0x9 CMakeFiles/Pico_gen.dir/Users/mcanulty/.pico-sdk/sdk/2.1.1/src/rp2_common/hardware_pll/pll.c.o
 .rodata.str1.4
                0x100086e1       0x44 CMakeFiles/Pico_gen.dir/Users/mcanulty/.pico-sdk/sdk/2.1.1/src/rp2_common/pico_standard_binary_info/standard_binary_info.c.o
 *fill*         0x100086e1        0x3 
 .rodata.__bi_84
                0x100086e4        0xc CMakeFiles/Pico_gen.dir/Users/mcanulty/.pico-sdk/sdk/2.1.1/src/rp2_common/pico_standard_binary_info/standard_binary_info.c.o
 .rodata.__bi_78
                0x100086f0        0xc CMakeFiles/Pico_gen.dir/Users/mcanulty/.pico-sdk/sdk/2.1.1/src/rp2_common/pico_standard_binary_info/standard_binary_info.c.o
 .rodata.__bi_60
                0x100086fc        0xc CMakeFiles/Pico_gen.dir/Users/mcanulty/.pico-sdk/sdk/2.1.1/src/rp2_common/pico_standard_binary_info/standard_binary_info.c.o
 .rodata.__bi_54
                0x10008708        0xc CMakeFiles/Pico_gen.dir/Users/mcanulty/.pico-sdk/sdk/2.1.1/src/rp2_common/pico_standard_binary_info/standard_binary_info.c.o
 .rodata.__bi_48
                0x10008714        0xc CMakeFiles/Pico_gen.dir/Users/mcanulty/.pico-sdk/sdk/2.1.1/src/rp2_common/pico_standard_binary_info/standard_binary_info.c.o
 .rodata.__bi_42
                0x10008720        0xc CMakeFiles/Pico_gen.dir/Users/mcanulty/.pico-sdk/sdk/2.1.1/src/rp2_common/pico_standard_binary_info/standard_binary_info.c.o
 .rodata.__bi_34
                0x1000872c        0xc CMakeFiles/Pico_gen.dir/Users/mcanulty/.pico-sdk/sdk/2.1.1/src/rp2_common/pico_standard_binary_info/standard_binary_info.c.o
 .rodata.__bi_26
                0x10008738        0xc CMakeFiles/Pico_gen.dir/Users/mcanulty/.pico-sdk/sdk/2.1.1/src/rp2_common/pico_standard_binary_info/standard_binary_info.c.o
 .rodata._ftoa.str1.4
                0x10008744       0x15 CMakeFiles/Pico_gen.dir/Users/mcanulty/.pico-sdk/sdk/2.1.1/src/rp2_common/pico_printf/printf.c.o
 *fill*         0x10008744        0x4 
 .rodata.pow10.0
                0x10008748       0x50 CMakeFiles/Pico_gen.dir/Users/mcanulty/.pico-sdk/sdk/2.1.1/src/rp2_common/pico_printf/printf.c.o
 .rodata.__assert_func.str1.4
                0x10008798       0x43 CMakeFiles/Pico_gen.dir/Users/mcanulty/.pico-sdk/sdk/2.1.1/src/rp2_common/pico_clib_interface/newlib_interface.c.o
 .rodata.crlf_str.0
                0x10008798        0x2 CMakeFiles/Pico_gen.dir/Users/mcanulty/.pico-sdk/sdk/2.1.1/src/rp2_common/pico_stdio/stdio.c.o
 .rodata.stdio_usb_init.str1.4
                0x1000879a       0x65 CMakeFiles/Pico_gen.dir/Users/mcanulty/.pico-sdk/sdk/2.1.1/src/rp2_common/pico_stdio_usb/stdio_usb.c.o
 .rodata.str1.4
                0x1000879a       0x13 CMakeFiles/Pico_gen.dir/Users/mcanulty/.pico-sdk/sdk/2.1.1/src/rp2_common/pico_stdio_usb/stdio_usb.c.o
 *fill*         0x1000879a        0x2 
 .rodata.__bi_197.1
                0x1000879c        0xc CMakeFiles/Pico_gen.dir/Users/mcanulty/.pico-sdk/sdk/2.1.1/src/rp2_common/pico_stdio_usb/stdio_usb.c.o
 .rodata.__func__.2
                0x100087a8        0xf CMakeFiles/Pico_gen.dir/Users/mcanulty/.pico-sdk/sdk/2.1.1/src/rp2_common/pico_stdio_usb/stdio_usb.c.o
 .rodata._retrieve_unique_id_on_boot.str1.4
                0x100087b7       0x56 CMakeFiles/Pico_gen.dir/Users/mcanulty/.pico-sdk/sdk/2.1.1/src/rp2_common/pico_unique_id/unique_id.c.o
 *fill*         0x100087b7        0x1 
 .rodata.__func__.1
                0x100087b8       0x1c CMakeFiles/Pico_gen.dir/Users/mcanulty/.pico-sdk/sdk/2.1.1/src/rp2_common/pico_unique_id/unique_id.c.o
 .rodata.hw_endpoint_alloc.str1.4
                0x100087d4       0xa1 CMakeFiles/Pico_gen.dir/Users/mcanulty/.pico-sdk/sdk/2.1.1/lib/tinyusb/src/portable/raspberrypi/rp2040/dcd_rp2040.c.o
 .rodata.str1.4
                0x100087d4       0x14 CMakeFiles/Pico_gen.dir/Users/mcanulty/.pico-sdk/sdk/2.1.1/lib/tinyusb/src/portable/raspberrypi/rp2040/dcd_rp2040.c.o
 .rodata.dcd_int_enable.str1.4
                0x100087d4        0xc CMakeFiles/Pico_gen.dir/Users/mcanulty/.pico-sdk/sdk/2.1.1/lib/tinyusb/src/portable/raspberrypi/rp2040/dcd_rp2040.c.o
 .rodata.dcd_edpt_iso_activate.str1.4
                0x100087d4       0x37 CMakeFiles/Pico_gen.dir/Users/mcanulty/.pico-sdk/sdk/2.1.1/lib/tinyusb/src/portable/raspberrypi/rp2040/dcd_rp2040.c.o
 .rodata.__func__.0
                0x100087d4        0xe CMakeFiles/Pico_gen.dir/Users/mcanulty/.pico-sdk/sdk/2.1.1/lib/tinyusb/src/portable/raspberrypi/rp2040/dcd_rp2040.c.o
 *fill*         0x100087e2        0x2 
 .rodata.__func__.1
                0x100087e4       0x16 CMakeFiles/Pico_gen.dir/Users/mcanulty/.pico-sdk/sdk/2.1.1/lib/tinyusb/src/portable/raspberrypi/rp2040/dcd_rp2040.c.o
 *fill*         0x100087fa        0x2 
 .rodata.__func__.3
                0x100087fc       0x10 CMakeFiles/Pico_gen.dir/Users/mcanulty/.pico-sdk/sdk/2.1.1/lib/tinyusb/src/portable/raspberrypi/rp2040/dcd_rp2040.c.o
 .rodata.__func__.5
                0x1000880c        0xf CMakeFiles/Pico_gen.dir/Users/mcanulty/.pico-sdk/sdk/2.1.1/lib/tinyusb/src/portable/raspberrypi/rp2040/dcd_rp2040.c.o
 *fill*         0x1000881b        0x1 
 .rodata.__func__.6
                0x1000881c       0x12 CMakeFiles/Pico_gen.dir/Users/mcanulty/.pico-sdk/sdk/2.1.1/lib/tinyusb/src/portable/raspberrypi/rp2040/dcd_rp2040.c.o
 *fill*         0x1000882e        0x2 
 .rodata.__func__.7
                0x10008830        0x9 CMakeFiles/Pico_gen.dir/Users/mcanulty/.pico-sdk/sdk/2.1.1/lib/tinyusb/src/portable/raspberrypi/rp2040/dcd_rp2040.c.o
 .rodata.str1.4
                0x10008839       0xe8 CMakeFiles/Pico_gen.dir/Users/mcanulty/.pico-sdk/sdk/2.1.1/lib/tinyusb/src/portable/raspberrypi/rp2040/rp2040_usb.c.o
 .rodata.hw_endpoint_xfer_start.str1.4
                0x10008839       0x38 CMakeFiles/Pico_gen.dir/Users/mcanulty/.pico-sdk/sdk/2.1.1/lib/tinyusb/src/portable/raspberrypi/rp2040/rp2040_usb.c.o
 *fill*         0x10008839        0x3 
 .rodata.__func__.0
                0x1000883c        0xf CMakeFiles/Pico_gen.dir/Users/mcanulty/.pico-sdk/sdk/2.1.1/lib/tinyusb/src/portable/raspberrypi/rp2040/rp2040_usb.c.o
 .rodata.configuration_reset.str1.4
                0x1000884b       0x17 CMakeFiles/Pico_gen.dir/Users/mcanulty/.pico-sdk/sdk/2.1.1/lib/tinyusb/src/device/usbd.c.o
 *fill*         0x1000884b        0x1 
 .rodata.__func__.0
                0x1000884c       0x17 CMakeFiles/Pico_gen.dir/Users/mcanulty/.pico-sdk/sdk/2.1.1/lib/tinyusb/src/device/usbd.c.o
 *fill*         0x10008863        0x1 
 .rodata.__func__.1
                0x10008864       0x14 CMakeFiles/Pico_gen.dir/Users/mcanulty/.pico-sdk/sdk/2.1.1/lib/tinyusb/src/device/usbd.c.o
 .rodata.__func__.3
                0x10008878        0xf CMakeFiles/Pico_gen.dir/Users/mcanulty/.pico-sdk/sdk/2.1.1/lib/tinyusb/src/device/usbd.c.o
 *fill*         0x10008887        0x1 
 .rodata.__func__.4
                0x10008888        0xf CMakeFiles/Pico_gen.dir/Users/mcanulty/.pico-sdk/sdk/2.1.1/lib/tinyusb/src/device/usbd.c.o
 *fill*         0x10008897        0x1 
 .rodata.__func__.5
                0x10008898       0x14 CMakeFiles/Pico_gen.dir/Users/mcanulty/.pico-sdk/sdk/2.1.1/lib/tinyusb/src/device/usbd.c.o
 .rodata.__func__.6
                0x100088ac        0xc CMakeFiles/Pico_gen.dir/Users/mcanulty/.pico-sdk/sdk/2.1.1/lib/tinyusb/src/device/usbd.c.o
 .rodata.__func__.7
                0x100088b8       0x17 CMakeFiles/Pico_gen.dir/Users/mcanulty/.pico-sdk/sdk/2.1.1/lib/tinyusb/src/device/usbd.c.o
 *fill*         0x100088cf        0x1 
 .rodata.__func__.8
                0x100088d0       0x13 CMakeFiles/Pico_gen.dir/Users/mcanulty/.pico-sdk/sdk/2.1.1/lib/tinyusb/src/device/usbd.c.o
 *fill*         0x100088e3        0x1 
 .rodata.__func__.9
                0x100088e4       0x18 CMakeFiles/Pico_gen.dir/Users/mcanulty/.pico-sdk/sdk/2.1.1/lib/tinyusb/src/device/usbd.c.o
 .rodata.__func__.10
                0x100088fc       0x14 CMakeFiles/Pico_gen.dir/Users/mcanulty/.pico-sdk/sdk/2.1.1/lib/tinyusb/src/device/usbd.c.o
 .rodata.__func__.11
                0x10008910        0xd CMakeFiles/Pico_gen.dir/Users/mcanulty/.pico-sdk/sdk/2.1.1/lib/tinyusb/src/device/usbd.c.o
 *fill*         0x1000891d        0x3 
 .rodata.__func__.12
                0x10008920       0x10 CMakeFiles/Pico_gen.dir/Users/mcanulty/.pico-sdk/sdk/2.1.1/lib/tinyusb/src/device/usbd.c.o
 .rodata._usbd_driver
                0x10008930       0x60 CMakeFiles/Pico_gen.dir/Users/mcanulty/.pico-sdk/sdk/2.1.1/lib/tinyusb/src/device/usbd.c.o
 .rodata.tud_control_xfer.str1.4
                0x10008990       0x17 CMakeFiles/Pico_gen.dir/Users/mcanulty/.pico-sdk/sdk/2.1.1/lib/tinyusb/src/device/usbd_control.c.o
 .rodata.__func__.0
                0x10008990       0x15 CMakeFiles/Pico_gen.dir/Users/mcanulty/.pico-sdk/sdk/2.1.1/lib/tinyusb/src/device/usbd_control.c.o
 *fill*         0x100089a5        0x3 
 .rodata.__func__.1
                0x100089a8       0x11 CMakeFiles/Pico_gen.dir/Users/mcanulty/.pico-sdk/sdk/2.1.1/lib/tinyusb/src/device/usbd_control.c.o
 .rodata.audiod_calc_tx_packet_sz.str1.4
                0x100089b9       0x17 CMakeFiles/Pico_gen.dir/Users/mcanulty/.pico-sdk/sdk/2.1.1/lib/tinyusb/src/class/audio/audio_device.c.o
 *fill*         0x100089b9        0x3 
 .rodata.__func__.0
                0x100089bc       0x19 CMakeFiles/Pico_gen.dir/Users/mcanulty/.pico-sdk/sdk/2.1.1/lib/tinyusb/src/class/audio/audio_device.c.o
 *fill*         0x100089d5        0x3 
 .rodata.__func__.2
                0x100089d8       0x15 CMakeFiles/Pico_gen.dir/Users/mcanulty/.pico-sdk/sdk/2.1.1/lib/tinyusb/src/class/audio/audio_device.c.o
 *fill*         0x100089ed        0x3 
 .rodata.__func__.3
                0x100089f0        0xc CMakeFiles/Pico_gen.dir/Users/mcanulty/.pico-sdk/sdk/2.1.1/lib/tinyusb/src/class/audio/audio_device.c.o
 .rodata.tud_cdc_n_write_flush.str1.4
                0x100089fc       0x17 CMakeFiles/Pico_gen.dir/Users/mcanulty/.pico-sdk/sdk/2.1.1/lib/tinyusb/src/class/cdc/cdc_device.c.o
 .rodata.__func__.0
                0x100089fc        0xd CMakeFiles/Pico_gen.dir/Users/mcanulty/.pico-sdk/sdk/2.1.1/lib/tinyusb/src/class/cdc/cdc_device.c.o
 *fill*         0x10008a09        0x3 
 .rodata.__func__.1
                0x10008a0c        0xa CMakeFiles/Pico_gen.dir/Users/mcanulty/.pico-sdk/sdk/2.1.1/lib/tinyusb/src/class/cdc/cdc_device.c.o
 *fill*         0x10008a16        0x2 
 .rodata.__func__.3
                0x10008a18       0x16 CMakeFiles/Pico_gen.dir/Users/mcanulty/.pico-sdk/sdk/2.1.1/lib/tinyusb/src/class/cdc/cdc_device.c.o
 .rodata.write_flush.str1.4
                0x10008a2e       0x17 CMakeFiles/Pico_gen.dir/Users/mcanulty/.pico-sdk/sdk/2.1.1/lib/tinyusb/src/class/midi/midi_device.c.o
 *fill*         0x10008a2e        0x2 
 .rodata.__func__.0
                0x10008a30        0xe CMakeFiles/Pico_gen.dir/Users/mcanulty/.pico-sdk/sdk/2.1.1/lib/tinyusb/src/class/midi/midi_device.c.o
 *fill*         0x10008a3e        0x2 
 .rodata.__func__.1
                0x10008a40        0xb CMakeFiles/Pico_gen.dir/Users/mcanulty/.pico-sdk/sdk/2.1.1/lib/tinyusb/src/class/midi/midi_device.c.o
 *fill*         0x10008a4b        0x1 
 .rodata.__func__.3
                0x10008a4c        0xc CMakeFiles/Pico_gen.dir/Users/mcanulty/.pico-sdk/sdk/2.1.1/lib/tinyusb/src/class/midi/midi_device.c.o
 .rodata.__func__.4
                0x10008a58       0x18 CMakeFiles/Pico_gen.dir/Users/mcanulty/.pico-sdk/sdk/2.1.1/lib/tinyusb/src/class/midi/midi_device.c.o
 .rodata.tusb_rhport_init.str1.4
                0x10008a70       0x17 CMakeFiles/Pico_gen.dir/Users/mcanulty/.pico-sdk/sdk/2.1.1/lib/tinyusb/src/tusb.c.o
 .rodata.__func__.4
                0x10008a70       0x11 CMakeFiles/Pico_gen.dir/Users/mcanulty/.pico-sdk/sdk/2.1.1/lib/tinyusb/src/tusb.c.o
 *fill*         0x10008a81        0x3 
 .rodata.__func__.5
                0x10008a84       0x11 CMakeFiles/Pico_gen.dir/Users/mcanulty/.pico-sdk/sdk/2.1.1/lib/tinyusb/src/tusb.c.o
 .rodata.str1.4
                0x10008a95        0x4 CMakeFiles/Pico_gen.dir/Users/mcanulty/.pico-sdk/sdk/2.1.1/lib/tinyusb/hw/bsp/rp2040/family.c.o
 *fill*         0x10008a95        0x3 
 .rodata.__bi_153.0
                0x10008a98        0xc CMakeFiles/Pico_gen.dir/Users/mcanulty/.pico-sdk/sdk/2.1.1/lib/tinyusb/hw/bsp/rp2040/family.c.o
 .rodata.multicore_lockout_start_block_until.str1.4