Archive member included to satisfy reference by file (symbol)

/Users/mcanulty/.pico-sdk/toolchain/14_2_Rel1/bin/../lib/gcc/arm-none-eabi/14.2.1/../../../../arm-none-eabi/lib/thumb/v8-m.main+fp/softfp/libm.a(libm_a-wf_sqrt.o)
                              CMakeFiles/Pico_gen.dir/gverbdsp.c.o (sqrtf)
/Users/mcanulty/.pico-sdk/toolchain/14_2_Rel1/bin/../lib/gcc/arm-none-eabi/14.2.1/../../../../arm-none-eabi/lib/thumb/v8-m.main+fp/softfp/libm.a(libm_a-ef_sqrt.o)
                              /Users/mcanulty/.pico-sdk/toolchain/14_2_Rel1/bin/../lib/gcc/arm-none-eabi/14.2.1/../../../../arm-none-eabi/lib/thumb/v8-m.main+fp/softfp/libm.a(libm_a-wf_sqrt.o) (__ieee754_sqrtf)
/Users/mcanulty/.pico-sdk/toolchain/14_2_Rel1/bin/../lib/gcc/arm-none-eabi/14.2.1/thumb/v8-m.main+fp/softfp/libgcc.a(_arm_addsubdf3.o)
                              CMakeFiles/Pico_gen.dir/audio_process.c.o (__aeabi_f2d)
/Users/mcanulty/.pico-sdk/toolchain/14_2_Rel1/bin/../lib/gcc/arm-none-eabi/14.2.1/thumb/v8-m.main+fp/softfp/libgcc.a(_aeabi_ldivmod.o)
                              CMakeFiles/Pico_gen.dir/Users/mcanulty/.pico-sdk/sdk/2.1.1/src/common/pico_time/time.c.o (__aeabi_ldivmod)
/Users/mcanulty/.pico-sdk/toolchain/14_2_Rel1/bin/../lib/gcc/arm-none-eabi/14.2.1/thumb/v8-m.main+fp/softfp/libgcc.a(_aeabi_uldivmod.o)
                              CMakeFiles/Pico_gen.dir/main.c.o (__aeabi_uldivmod)
/Users/mcanulty/.pico-sdk/toolchain/14_2_Rel1/bin/../lib/gcc/arm-none-eabi/14.2.1/thumb/v8-m.main+fp/softfp/libgcc.a(_udivmoddi4.o)
                              /Users/mcanulty/.pico-sdk/toolchain/14_2_Rel1/bin/../lib/gcc/arm-none-eabi/14.2.1/thumb/v8-m.main+fp/softfp/libgcc.a(_aeabi_ldivmod.o) (__udivmoddi4)
/Users/mcanulty/.pico-sdk/toolchain/14_2_Rel1/bin/../lib/gcc/arm-none-eabi/14.2.1/thumb/v8-m.main+fp/softfp/libgcc.a(_dvmd_tls.o)
                              /Users/mcanulty/.pico-sdk/toolchain/14_2_Rel1/bin/../lib/gcc/arm-none-eabi/14.2.1/thumb/v8-m.main+fp/softfp/libgcc.a(_aeabi_ldivmod.o) (__aeabi_ldiv0)
/Users/mcanulty/.pico-sdk/toolchain/14_2_Rel1/bin/../lib/gcc/arm-none-eabi/14.2.1/../../../../arm-none-eabi/lib/thumb/v8-m.main+fp/softfp/libg.a(libc_a-calloc.o)
                              CMakeFiles/Pico_gen.dir/Users/mcanulty/.pico-sdk/sdk/2.1.1/src/rp2_common/pico_malloc/malloc.c.o (calloc)
/Users/mcanulty/.pico-sdk/toolchain/14_2_Rel1/bin/../lib/gcc/arm-none-eabi/14.2.1/../../../../arm-none-eabi/lib/thumb/v8-m.main+fp/softfp/libg.a(libc_a-callocr.o)
                              /Users/mcanulty/.pico-sdk/toolchain/14_2_Rel1/bin/../lib/gcc/arm-none-eabi/14.2.1/../../../../arm-none-eabi/lib/thumb/v8-m.main+fp/softfp/libg.a(libc_a-calloc.o) (_calloc_r)
/Users/mcanulty/.pico-sdk/toolchain/14_2_Rel1/bin/../lib/gcc/arm-none-eabi/14.2.1/../../../../arm-none-eabi/lib/thumb/v8-m.main+fp/softfp/libg.a(libc_a-malloc.o)
                              CMakeFiles/Pico_gen.dir/Users/mcanulty/.pico-sdk/sdk/2.1.1/src/rp2_common/pico_malloc/malloc.c.o (malloc)
/Users/mcanulty/.pico-sdk/toolchain/14_2_Rel1/bin/../lib/gcc/arm-none-eabi/14.2.1/../../../../arm-none-eabi/lib/thumb/v8-m.main+fp/softfp/libg.a(libc_a-mallocr.o)
                              /Users/mcanulty/.pico-sdk/toolchain/14_2_Rel1/bin/../lib/gcc/arm-none-eabi/14.2.1/../../../../arm-none-eabi/lib/thumb/v8-m.main+fp/softfp/libg.a(libc_a-callocr.o) (_malloc_r)
/Users/mcanulty/.pico-sdk/toolchain/14_2_Rel1/bin/../lib/gcc/arm-none-eabi/14.2.1/../../../../arm-none-eabi/lib/thumb/v8-m.main+fp/softfp/libg.a(libc_a-mlock.o)
                              /Users/mcanulty/.pico-sdk/toolchain/14_2_Rel1/bin/../lib/gcc/arm-none-eabi/14.2.1/../../../../arm-none-eabi/lib/thumb/v8-m.main+fp/softfp/libg.a(libc_a-mallocr.o) (__malloc_lock)
/Users/mcanulty/.pico-sdk/toolchain/14_2_Rel1/bin/../lib/gcc/arm-none-eabi/14.2.1/../../../../arm-none-eabi/lib/thumb/v8-m.main+fp/softfp/libg.a(libc_a-realloc.o)
                              CMakeFiles/Pico_gen.dir/Users/mcanulty/.pico-sdk/sdk/2.1.1/src/rp2_common/pico_malloc/malloc.c.o (realloc)
/Users/mcanulty/.pico-sdk/toolchain/14_2_Rel1/bin/../lib/gcc/arm-none-eabi/14.2.1/../../../../arm-none-eabi/lib/thumb/v8-m.main+fp/softfp/libg.a(libc_a-reallocr.o)
                              /Users/mcanulty/.pico-sdk/toolchain/14_2_Rel1/bin/../lib/gcc/arm-none-eabi/14.2.1/../../../../arm-none-eabi/lib/thumb/v8-m.main+fp/softfp/libg.a(libc_a-realloc.o) (_realloc_r)
/Users/mcanulty/.pico-sdk/toolchain/14_2_Rel1/bin/../lib/gcc/arm-none-eabi/14.2.1/../../../../arm-none-eabi/lib/thumb/v8-m.main+fp/softfp/libg.a(libc_a-memcmp.o)
                              CMakeFiles/Pico_gen.dir/Users/mcanulty/.pico-sdk/sdk/2.1.1/src/rp2_common/pico_atomic/atomic.c.o (memcmp)
/Users/mcanulty/.pico-sdk/toolchain/14_2_Rel1/bin/../lib/gcc/arm-none-eabi/14.2.1/../../../../arm-none-eabi/lib/thumb/v8-m.main+fp/softfp/libg.a(libc_a-memmove.o)
[...]
Memory Configuration

Name             Origin             Length             Attributes
FLASH            0x10000000         0x00400000         xr
RAM              0x20000000         0x00080000         xrw
SCRATCH_X        0x20080000         0x00001000         xrw
SCRATCH_Y        0x20081000         0x00001000         xrw
*default*        0x00000000         0xffffffff

Linker script and memory map

LOAD /Users/mcanulty/.pico-sdk/toolchain/14_2_Rel1/bin/../lib/gcc/arm-none-eabi/14.2.1/thumb/v8-m.main+fp/softfp/crti.o
LOAD /Users/mcanulty/.pico-sdk/toolchain/14_2_Rel1/bin/../lib/gcc/arm-none-eabi/14.2.1/thumb/v8-m.main+fp/softfp/crtbegin.o
LOAD /Users/mcanulty/.pico-sdk/toolchain/14_2_Rel1/bin/../lib/gcc/arm-none-eabi/14.2.1/../../../../arm-none-eabi/lib/thumb/v8-m.main+fp/softfp/crt0.o

.flash_begin    0x10000000        0x0
                0x10000000                        __flash_binary_start = .

.text           0x10000000     0x9e60
                0x10000000                        __logical_binary_start = .
 *(.vectors)
 .vectors       0x10000000      0x124 CMakeFiles/Pico_gen.dir/Users/mcanulty/.pico-sdk/sdk/2.1.1/src/rp2_common/pico_crt0/crt0.S.o
                0x10000000                __vectors
                0x10000000                __VECTOR_TABLE
                0x10000110                __default_isrs_start
                0x10000110                isr_invalid
                0x10000112                isr_nmi
                0x10000114                isr_hardfault
                0x10000116                isr_svcall
                0x10000118                isr_pendsv
                0x1000011a                isr_systick
                0x1000011c                isr_irq5
                0x1000011c                isr_irq11
                0x1000011c                isr_irq23
                0x1000011c                isr_irq48
                0x1000011c                isr_irq35
                0x1000011c                isr_irq18
                0x1000011c                isr_irq50
                0x1000011c                isr_irq40
                0x1000011c                isr_irq28
                0x1000011c                isr_irq19
                0x1000011c                isr_irq36
                0x1000011c                isr_irq41
                0x1000011c                isr_irq0
                0x1000011c                isr_irq6
                0x1000011c                isr_irq37
                0x1000011c                isr_irq42
                0x1000011c                isr_irq22
                0x1000011c                isr_irq17
                0x1000011c                isr_irq38
                0x1000011c                isr_irq14
                0x1000011c                isr_irq2
                0x1000011c                isr_irq10
                0x1000011c                isr_irq8
                0x1000011c                isr_irq24
                0x1000011c                isr_irq46
                0x1000011c                isr_irq1
                0x1000011c                isr_irq47
                0x1000011c                isr_irq51
                0x1000011c                isr_irq7
                0x1000011c                isr_irq21
                0x1000011c                isr_irq39
                0x1000011c                isr_irq20
                0x1000011c                isr_irq15
                0x1000011c                isr_irq25
                0x1000011c                isr_irq34
                0x1000011c                isr_irq4
                0x1000011c                isr_irq16
                0x1000011c                isr_irq44
                0x1000011c                isr_irq29
                0x1000011c                isr_irq26
                0x1000011c                __default_isrs_end
                0x1000011c                isr_irq33
                0x1000011c                isr_irq3
                0x1000011c                isr_irq9
                0x1000011c                __unhandled_user_irq
                0x1000011c                isr_irq49
                0x1000011c                isr_irq13
                0x1000011c                isr_irq43
                0x1000011c                isr_irq45
                0x1000011c                isr_irq27
                0x1000011c                isr_irq32
                0x1000011c                isr_irq31
                0x1000011c                isr_irq30
                0x1000011c                isr_irq12
                0x10000122                unhandled_user_irq_num_in_r0
 *(.binary_info_header)
 .binary_info_header
                0x10000124       0x14 CMakeFiles/Pico_gen.dir/Users/mcanulty/.pico-sdk/sdk/2.1.1/src/rp2_common/pico_crt0/crt0.S.o
                0x10000138                        __binary_info_header_end = .
 *(.embedded_block)
 .embedded_block
                0x10000138       0x14 CMakeFiles/Pico_gen.dir/Users/mcanulty/.pico-sdk/sdk/2.1.1/src/rp2_common/pico_crt0/crt0.S.o
                0x1000014c                        __embedded_block_end = .
 *(.reset)
 .reset         0x1000014c       0xa0 CMakeFiles/Pico_gen.dir/Users/mcanulty/.pico-sdk/sdk/2.1.1/src/rp2_common/pico_crt0/crt0.S.o
                0x1000014c                _entry_point
 *(.init)
 .init          0x100001ec        0x4 /Users/mcanulty/.pico-sdk/toolchain/14_2_Rel1/bin/../lib/gcc/arm-none-eabi/14.2.1/thumb/v8-m.main+fp/softfp/crti.o
                0x100001ec                _init
 SORT_BY_NAME(REVERSE(*libgcc.a:cmse_nonsecure_call.o))()
 *(EXCLUDE_FILE(*libm.a: *libc.a:*lib_a-mem*.o *libgcc.a:) .text*)
 .text.register_tm_clones
                0x100001f0       0x28 /Users/mcanulty/.pico-sdk/toolchain/14_2_Rel1/bin/../lib/gcc/arm-none-eabi/14.2.1/thumb/v8-m.main+fp/softfp/crtbegin.o
 .text.frame_dummy
                0x10000218       0x24 /Users/mcanulty/.pico-sdk/toolchain/14_2_Rel1/bin/../lib/gcc/arm-none-eabi/14.2.1/thumb/v8-m.main+fp/softfp/crtbegin.o
 .text.board_millis
                0x1000023c       0x24 CMakeFiles/Pico_gen.dir/main.c.o
 .text.core1_main
                0x10000260       0xcc CMakeFiles/Pico_gen.dir/main.c.o
                0x10000260                core1_main
 .text.main     0x1000032c       0xe8 CMakeFiles/Pico_gen.dir/main.c.o
                0x1000032c                main
 .text.diffuser_do
                0x10000414       0x54 CMakeFiles/Pico_gen.dir/audio_process.c.o
 .text.gverb_fdnmatrix
                0x10000468       0x62 CMakeFiles/Pico_gen.dir/audio_process.c.o
 *fill*         0x100004ca        0x2 
 .text.gverb_do
                0x100004cc      0x290 CMakeFiles/Pico_gen.dir/audio_process.c.o
 .text.tanhDriveSignal
                0x1000075c       0x8c CMakeFiles/Pico_gen.dir/audio_process.c.o
                0x1000075c                tanhDriveSignal
 .text.init_audio_code
                0x100007e8       0x64 CMakeFiles/Pico_gen.dir/audio_process.c.o
                0x100007e8                init_audio_code
 .text.process_audio
                0x1000084c       0xa4 CMakeFiles/Pico_gen.dir/audio_process.c.o
                0x1000084c                process_audio
 .text.pico_led_init
                0x100008f0       0x16 CMakeFiles/Pico_gen.dir/blink.c.o
                0x100008f0                pico_led_init
 .text.pico_set_led
                0x10000906        0x8 CMakeFiles/Pico_gen.dir/blink.c.o
                0x10000906                pico_set_led
 *fill*         0x1000090e        0x2 
 .text.board_millis
                0x10000910       0x24 CMakeFiles/Pico_gen.dir/cdc_app.c.o
 .text.board_delay
                0x10000934       0x22 CMakeFiles/Pico_gen.dir/cdc_app.c.o
 .text.tud_cdc_line_state_cb
                0x10000956        0x2 CMakeFiles/Pico_gen.dir/cdc_app.c.o
                0x10000956                tud_cdc_line_state_cb
 .text.tud_cdc_rx_cb
                0x10000958       0x56 CMakeFiles/Pico_gen.dir/cdc_app.c.o
                0x10000958                tud_cdc_rx_cb
 *fill*         0x100009ae        0x2 
 .text.tud_audio_feature_unit_set_request
                0x100009b0       0xbc CMakeFiles/Pico_gen.dir/uac2_app.c.o
 .text.tud_audio_clock_set_request
                0x10000a6c       0x78 CMakeFiles/Pico_gen.dir/uac2_app.c.o
 .text.tud_audio_clock_get_request
                0x10000ae4      0x114 CMakeFiles/Pico_gen.dir/uac2_app.c.o
 .text.tud_audio_feature_unit_get_request
                0x10000bf8       0xf0 CMakeFiles/Pico_gen.dir/uac2_app.c.o
 .text.tud_audio_get_req_entity_cb
                0x10000ce8       0x30 CMakeFiles/Pico_gen.dir/uac2_app.c.o
                0x10000ce8                tud_audio_get_req_entity_cb
 .text.tud_audio_set_req_entity_cb
                0x10000d18       0x34 CMakeFiles/Pico_gen.dir/uac2_app.c.o
                0x10000d18                tud_audio_set_req_entity_cb
 .text.tud_audio_set_itf_close_EP_cb
                0x10000d4c       0x24 CMakeFiles/Pico_gen.dir/uac2_app.c.o
                0x10000d4c                tud_audio_set_itf_close_EP_cb
 .text.tud_audio_set_itf_cb
                0x10000d70       0x44 CMakeFiles/Pico_gen.dir/uac2_app.c.o
                0x10000d70                tud_audio_set_itf_cb
 .text.tud_audio_rx_done_pre_read_cb
                0x10000db4       0xc4 CMakeFiles/Pico_gen.dir/uac2_app.c.o
                0x10000db4                tud_audio_rx_done_pre_read_cb
 .text.tud_audio_tx_done_pre_load_cb
                0x10000e78        0x4 CMakeFiles/Pico_gen.dir/uac2_app.c.o
                0x10000e78                tud_audio_tx_done_pre_load_cb
 .text.board_usb_get_serial
                0x10000e7c       0x8c CMakeFiles/Pico_gen.dir/usb_descriptors.c.o
 .text.tud_descriptor_device_cb
                0x10000f08        0x8 CMakeFiles/Pico_gen.dir/usb_descriptors.c.o
                0x10000f08                tud_descriptor_device_cb
 .text.tud_descriptor_configuration_cb
                0x10000f10        0x8 CMakeFiles/Pico_gen.dir/usb_descriptors.c.o
                0x10000f10                tud_descriptor_configuration_cb
 .text.tud_descriptor_string_cb
                0x10000f18       0x68 CMakeFiles/Pico_gen.dir/usb_descriptors.c.o
                0x10000f18                tud_descriptor_string_cb
 .text.gverb_set_roomsize
                0x10000f80      0x1c8 CMakeFiles/Pico_gen.dir/midi.c.o
 .text.gverb_set_revtime
                0x10001148       0x78 CMakeFiles/Pico_gen.dir/midi.c.o
 .text.send_test_cc
                0x100011c0       0x28 CMakeFiles/Pico_gen.dir/midi.c.o
                0x100011c0                send_test_cc
 .text.handle_cc
                0x100011e8      0x128 CMakeFiles/Pico_gen.dir/midi.c.o
                0x100011e8                handle_cc
 .text.usb_midi_task
                0x10001310       0x50 CMakeFiles/Pico_gen.dir/midi.c.o
                0x10001310                usb_midi_task
 .text.gverb_new
                0x10001360      0x4a0 CMakeFiles/Pico_gen.dir/gverb.c.o
                0x10001360                gverb_new
 .text.diffuser_make
                0x10001800       0x36 CMakeFiles/Pico_gen.dir/gverbdsp.c.o
                0x10001800                diffuser_make
 .text.damper_make
                0x10001836       0x12 CMakeFiles/Pico_gen.dir/gverbdsp.c.o
                0x10001836                damper_make
 .text.fixeddelay_make
                0x10001848       0x32 CMakeFiles/Pico_gen.dir/gverbdsp.c.o
                0x10001848                fixeddelay_make
 *fill*         0x1000187a        0x2 
 .text.gpio_set_function
                0x1000187c       0x38 CMakeFiles/Pico_gen.dir/Users/mcanulty/.pico-sdk/sdk/2.1.1/src/rp2_common/hardware_gpio/gpio.c.o
                0x1000187c                gpio_set_function
 .text.gpio_init
                0x100018b4       0x16 CMakeFiles/Pico_gen.dir/Users/mcanulty/.pico-sdk/sdk/2.1.1/src/rp2_common/hardware_gpio/gpio.c.o
                0x100018b4                gpio_init
 *fill*         0x100018ca        0x2 
 .text.panic    0x100018cc       0x30 CMakeFiles/Pico_gen.dir/Users/mcanulty/.pico-sdk/sdk/2.1.1/src/rp2_common/pico_platform_panic/panic.c.o
                0x100018cc                panic
 .text.hw_claim_lock
                0x100018fc       0x24 CMakeFiles/Pico_gen.dir/Users/mcanulty/.pico-sdk/sdk/2.1.1/src/common/hardware_claim/claim.c.o
                0x100018fc                hw_claim_lock
 .text.hw_claim_unlock
                0x10001920       0x14 CMakeFiles/Pico_gen.dir/Users/mcanulty/.pico-sdk/sdk/2.1.1/src/common/hardware_claim/claim.c.o
                0x10001920                hw_claim_unlock
 .text.hw_claim_or_assert
                0x10001934       0x32 CMakeFiles/Pico_gen.dir/Users/mcanulty/.pico-sdk/sdk/2.1.1/src/common/hardware_claim/claim.c.o
                0x10001934                hw_claim_or_assert
 .text.hw_claim_unused_from_range
                0x10001966       0x4e CMakeFiles/Pico_gen.dir/Users/mcanulty/.pico-sdk/sdk/2.1.1/src/common/hardware_claim/claim.c.o
                0x10001966                hw_claim_unused_from_range
 .text.next_striped_spin_lock_num
                0x100019b4       0x1c CMakeFiles/Pico_gen.dir/Users/mcanulty/.pico-sdk/sdk/2.1.1/src/rp2_common/hardware_sync/sync.c.o
                0x100019b4                next_striped_spin_lock_num
 .text.spin_lock_claim_unused
                0x100019d0       0x24 CMakeFiles/Pico_gen.dir/Users/mcanulty/.pico-sdk/sdk/2.1.1/src/rp2_common/hardware_sync/sync.c.o
                0x100019d0                spin_lock_claim_unused
 .text.spinlock_set_extexclall
                0x100019f4        0xe CMakeFiles/Pico_gen.dir/Users/mcanulty/.pico-sdk/sdk/2.1.1/src/rp2_common/hardware_sync_spin_lock/sync_spin_lock.c.o
 *fill*         0x10001a02        0x2 
 .text.spin_locks_reset
                0x10001a04       0x1c CMakeFiles/Pico_gen.dir/Users/mcanulty/.pico-sdk/sdk/2.1.1/src/rp2_common/hardware_sync_spin_lock/sync_spin_lock.c.o
                0x10001a04                spin_locks_reset
 .text.set_raw_irq_handler_and_unlock
                0x10001a20       0x24 CMakeFiles/Pico_gen.dir/Users/mcanulty/.pico-sdk/sdk/2.1.1/src/rp2_common/hardware_irq/irq.c.o
 .text.nvic_ipr0
                0x10001a44        0x8 CMakeFiles/Pico_gen.dir/Users/mcanulty/.pico-sdk/sdk/2.1.1/src/rp2_common/hardware_irq/irq.c.o
 .text.runtime_init_per_core_irq_priorities
                0x10001a4c       0x1a CMakeFiles/Pico_gen.dir/Users/mcanulty/.pico-sdk/sdk/2.1.1/src/rp2_common/hardware_irq/irq.c.o
                0x10001a4c                runtime_init_per_core_irq_priorities
 *fill*         0x10001a66        0x2 
 .text.resolve_j_16
                0x10001a68       0x40 CMakeFiles/Pico_gen.dir/Users/mcanulty/.pico-sdk/sdk/2.1.1/src/rp2_common/hardware_irq/irq.c.o
 .text.make_j_16
                0x10001aa8       0x3c CMakeFiles/Pico_gen.dir/Users/mcanulty/.pico-sdk/sdk/2.1.1/src/rp2_common/hardware_irq/irq.c.o
 .text.irq_is_enabled
                0x10001ae4       0x20 CMakeFiles/Pico_gen.dir/Users/mcanulty/.pico-sdk/sdk/2.1.1/src/rp2_common/hardware_irq/irq.c.o
                0x10001ae4                irq_is_enabled
 .text.irq_set_mask_n_enabled
                0x10001b04       0x20 CMakeFiles/Pico_gen.dir/Users/mcanulty/.pico-sdk/sdk/2.1.1/src/rp2_common/hardware_irq/irq.c.o
                0x10001b04                irq_set_mask_n_enabled
 .text.irq_set_enabled
                0x10001b24       0x14 CMakeFiles/Pico_gen.dir/Users/mcanulty/.pico-sdk/sdk/2.1.1/src/rp2_common/hardware_irq/irq.c.o
                0x10001b24                irq_set_enabled
 .text.irq_get_vtable_handler
                0x10001b38       0x10 CMakeFiles/Pico_gen.dir/Users/mcanulty/.pico-sdk/sdk/2.1.1/src/rp2_common/hardware_irq/irq.c.o
                0x10001b38                irq_get_vtable_handler
 .text.irq_set_exclusive_handler
                0x10001b48       0x60 CMakeFiles/Pico_gen.dir/Users/mcanulty/.pico-sdk/sdk/2.1.1/src/rp2_common/hardware_irq/irq.c.o
                0x10001b48                irq_set_exclusive_handler
 .text.irq_add_shared_handler
                0x10001ba8      0x234 CMakeFiles/Pico_gen.dir/Users/mcanulty/.pico-sdk/sdk/2.1.1/src/rp2_common/hardware_irq/irq.c.o
                0x10001ba8                irq_add_shared_handler
 .text.irq_add_tail_to_free_list
                0x10001ddc       0xf8 CMakeFiles/Pico_gen.dir/Users/mcanulty/.pico-sdk/sdk/2.1.1/src/rp2_common/hardware_irq/irq.c.o
                0x10001ddc                irq_add_tail_to_free_list
 .text.lock_init
                0x10001ed4        0xc CMakeFiles/Pico_gen.dir/Users/mcanulty/.pico-sdk/sdk/2.1.1/src/common/pico_sync/lock_core.c.o
                0x10001ed4                lock_init
 .text.mutex_init
                0x10001ee0       0x1a CMakeFiles/Pico_gen.dir/Users/mcanulty/.pico-sdk/sdk/2.1.1/src/common/pico_sync/mutex.c.o
                0x10001ee0                mutex_init
 .text.recursive_mutex_init
                0x10001efa       0x1e CMakeFiles/Pico_gen.dir/Users/mcanulty/.pico-sdk/sdk/2.1.1/src/common/pico_sync/mutex.c.o
                0x10001efa                recursive_mutex_init
 .text.runtime_init_mutex
                0x10001f18       0x4c CMakeFiles/Pico_gen.dir/Users/mcanulty/.pico-sdk/sdk/2.1.1/src/common/pico_sync/mutex.c.o
                0x10001f18                runtime_init_mutex
 .text.critical_section_init_with_lock_num
                0x10001f64       0x10 CMakeFiles/Pico_gen.dir/Users/mcanulty/.pico-sdk/sdk/2.1.1/src/common/pico_sync/critical_section.c.o
                0x10001f64                critical_section_init_with_lock_num
 .text.critical_section_init
                0x10001f74       0x14 CMakeFiles/Pico_gen.dir/Users/mcanulty/.pico-sdk/sdk/2.1.1/src/common/pico_sync/critical_section.c.o
                0x10001f74                critical_section_init
 .text.ta_from_current_irq
                0x10001f88       0x24 CMakeFiles/Pico_gen.dir/Users/mcanulty/.pico-sdk/sdk/2.1.1/src/common/pico_time/time.c.o
 .text.ta_set_timeout
                0x10001fac       0x2a CMakeFiles/Pico_gen.dir/Users/mcanulty/.pico-sdk/sdk/2.1.1/src/common/pico_time/time.c.o
 .text.make_alarm_id
                0x10001fd6        0x6 CMakeFiles/Pico_gen.dir/Users/mcanulty/.pico-sdk/sdk/2.1.1/src/common/pico_time/time.c.o
 .text.sleep_until_callback
                0x10001fdc       0x3c CMakeFiles/Pico_gen.dir/Users/mcanulty/.pico-sdk/sdk/2.1.1/src/common/pico_time/time.c.o
 .text.alarm_pool_irq_handler
                0x10002018      0x2ec CMakeFiles/Pico_gen.dir/Users/mcanulty/.pico-sdk/sdk/2.1.1/src/common/pico_time/time.c.o
 .text.ta_enable_irq_handler
                0x10002304       0x38 CMakeFiles/Pico_gen.dir/Users/mcanulty/.pico-sdk/sdk/2.1.1/src/common/pico_time/time.c.o
 .text.alarm_pool_post_alloc_init
                0x1000233c       0x7c CMakeFiles/Pico_gen.dir/Users/mcanulty/.pico-sdk/sdk/2.1.1/src/common/pico_time/time.c.o
 .text.alarm_pool_get_default
                0x100023b8       0x28 CMakeFiles/Pico_gen.dir/Users/mcanulty/.pico-sdk/sdk/2.1.1/src/common/pico_time/time.c.o
                0x100023b8                alarm_pool_get_default
 .text.alarm_pool_add_alarm_at_force_in_context
                0x100023e0       0xc0 CMakeFiles/Pico_gen.dir/Users/mcanulty/.pico-sdk/sdk/2.1.1/src/common/pico_time/time.c.o
                0x100023e0                alarm_pool_add_alarm_at_force_in_context
 .text.alarm_pool_add_alarm_at
                0x100024a0       0x38 CMakeFiles/Pico_gen.dir/Users/mcanulty/.pico-sdk/sdk/2.1.1/src/common/pico_time/time.c.o
                0x100024a0                alarm_pool_add_alarm_at
 .text.add_alarm_at
                0x100024d8       0x26 CMakeFiles/Pico_gen.dir/Users/mcanulty/.pico-sdk/sdk/2.1.1/src/common/pico_time/time.c.o
 .text.alarm_pool_cancel_alarm
                0x100024fe       0x72 CMakeFiles/Pico_gen.dir/Users/mcanulty/.pico-sdk/sdk/2.1.1/src/common/pico_time/time.c.o
                0x100024fe                alarm_pool_cancel_alarm
 .text.cancel_alarm
                0x10002570       0x10 CMakeFiles/Pico_gen.dir/Users/mcanulty/.pico-sdk/sdk/2.1.1/src/common/pico_time/time.c.o
 .text.alarm_pool_core_num
                0x10002580        0x4 CMakeFiles/Pico_gen.dir/Users/mcanulty/.pico-sdk/sdk/2.1.1/src/common/pico_time/time.c.o
                0x10002580                alarm_pool_core_num
 .text.best_effort_wfe_or_timeout
                0x10002584       0xfc CMakeFiles/Pico_gen.dir/Users/mcanulty/.pico-sdk/sdk/2.1.1/src/common/pico_time/time.c.o
                0x10002584                best_effort_wfe_or_timeout
 .text.alarm_pool_get_default_timer
                0x10002680        0x8 CMakeFiles/Pico_gen.dir/Users/mcanulty/.pico-sdk/sdk/2.1.1/src/common/pico_time/time.c.o
                0x10002680                alarm_pool_get_default_timer
 .text.runtime_init_default_alarm_pool
                0x10002688       0x34 CMakeFiles/Pico_gen.dir/Users/mcanulty/.pico-sdk/sdk/2.1.1/src/common/pico_time/time.c.o
                0x10002688                runtime_init_default_alarm_pool
 .text.timer_hardware_alarm_claim
                0x100026bc       0x24 CMakeFiles/Pico_gen.dir/Users/mcanulty/.pico-sdk/sdk/2.1.1/src/rp2_common/hardware_timer/timer.c.o
                0x100026bc                timer_hardware_alarm_claim
 .text.timer_time_us_64
                0x100026e0       0x10 CMakeFiles/Pico_gen.dir/Users/mcanulty/.pico-sdk/sdk/2.1.1/src/rp2_common/hardware_timer/timer.c.o
                0x100026e0                timer_time_us_64
 .text.time_us_64
                0x100026f0       0x10 CMakeFiles/Pico_gen.dir/Users/mcanulty/.pico-sdk/sdk/2.1.1/src/rp2_common/hardware_timer/timer.c.o
                0x100026f0                time_us_64
 .text.clock_configure_internal
                0x10002700       0xb8 CMakeFiles/Pico_gen.dir/Users/mcanulty/.pico-sdk/sdk/2.1.1/src/rp2_common/hardware_clocks/clocks.c.o
 .text.clock_configure_undivided
                0x100027b8       0x12 CMakeFiles/Pico_gen.dir/Users/mcanulty/.pico-sdk/sdk/2.1.1/src/rp2_common/hardware_clocks/clocks.c.o
                0x100027b8                clock_configure_undivided
 *fill*         0x100027ca        0x2 
 .text.clock_get_hz
                0x100027cc        0xc CMakeFiles/Pico_gen.dir/Users/mcanulty/.pico-sdk/sdk/2.1.1/src/rp2_common/hardware_clocks/clocks.c.o
                0x100027cc                clock_get_hz
 .text.pll_init
                0x100027d8      0x108 CMakeFiles/Pico_gen.dir/Users/mcanulty/.pico-sdk/sdk/2.1.1/src/rp2_common/hardware_pll/pll.c.o
                0x100027d8                pll_init
 .text.tick_start
                0x100028e0       0x1c CMakeFiles/Pico_gen.dir/Users/mcanulty/.pico-sdk/sdk/2.1.1/src/rp2_common/hardware_ticks/ticks.c.o
                0x100028e0                tick_start
 .text.rom_func_lookup
                0x100028fc       0x1e CMakeFiles/Pico_gen.dir/Users/mcanulty/.pico-sdk/sdk/2.1.1/src/rp2_common/pico_bootrom/bootrom.c.o
                0x100028fc                rom_func_lookup
 *fill*         0x1000291a        0x2 
 .text.runtime_init_bootrom_locking_enable
                0x1000291c       0x14 CMakeFiles/Pico_gen.dir/Users/mcanulty/.pico-sdk/sdk/2.1.1/src/rp2_common/pico_bootrom/bootrom_lock.c.o
                0x1000291c                runtime_init_bootrom_locking_enable
 .text.boot_locks_reset
                0x10002930       0x20 CMakeFiles/Pico_gen.dir/Users/mcanulty/.pico-sdk/sdk/2.1.1/src/rp2_common/hardware_boot_lock/boot_lock.c.o
                0x10002930                boot_locks_reset
 .text.runtime_init_boot_locks_reset
                0x10002950        0x8 CMakeFiles/Pico_gen.dir/Users/mcanulty/.pico-sdk/sdk/2.1.1/src/rp2_common/hardware_boot_lock/boot_lock.c.o
                0x10002950                runtime_init_boot_locks_reset
 .text.xosc_init
                0x10002958       0x28 CMakeFiles/Pico_gen.dir/Users/mcanulty/.pico-sdk/sdk/2.1.1/src/rp2_common/hardware_xosc/xosc.c.o
                0x10002958                xosc_init
 .text.runtime_run_initializers_from
                0x10002980       0x18 CMakeFiles/Pico_gen.dir/Users/mcanulty/.pico-sdk/sdk/2.1.1/src/rp2_common/pico_runtime/runtime.c.o
 .text.first_per_core_initializer
                0x10002998        0x2 CMakeFiles/Pico_gen.dir/Users/mcanulty/.pico-sdk/sdk/2.1.1/src/rp2_common/pico_runtime/runtime.c.o
 *fill*         0x1000299a        0x2 
 .text.runtime_run_initializers
                0x1000299c       0x10 CMakeFiles/Pico_gen.dir/Users/mcanulty/.pico-sdk/sdk/2.1.1/src/rp2_common/pico_runtime/runtime.c.o
                0x1000299c                runtime_run_initializers
 .text.runtime_run_per_core_initializers
                0x100029ac       0x10 CMakeFiles/Pico_gen.dir/Users/mcanulty/.pico-sdk/sdk/2.1.1/src/rp2_common/pico_runtime/runtime.c.o
                0x100029ac                runtime_run_per_core_initializers
 .text.runtime_init_early_resets
                0x100029bc       0x2c CMakeFiles/Pico_gen.dir/Users/mcanulty/.pico-sdk/sdk/2.1.1/src/rp2_common/pico_runtime_init/runtime_init.c.o
                0x100029bc                runtime_init_early_resets
 .text.runtime_init_usb_power_down
                0x100029e8       0x20 CMakeFiles/Pico_gen.dir/Users/mcanulty/.pico-sdk/sdk/2.1.1/src/rp2_common/pico_runtime_init/runtime_init.c.o
                0x100029e8                runtime_init_usb_power_down
 .text.runtime_init_per_core_enable_coprocessors
                0x10002a08       0x1c CMakeFiles/Pico_gen.dir/Users/mcanulty/.pico-sdk/sdk/2.1.1/src/rp2_common/pico_runtime_init/runtime_init.c.o
                0x10002a08                runtime_init_per_core_enable_coprocessors
 .text.runtime_init_post_clock_resets
                0x10002a24       0x20 CMakeFiles/Pico_gen.dir/Users/mcanulty/.pico-sdk/sdk/2.1.1/src/rp2_common/pico_runtime_init/runtime_init.c.o
                0x10002a24                runtime_init_post_clock_resets
 .text.runtime_init_bootrom_reset
                0x10002a44       0x12 CMakeFiles/Pico_gen.dir/Users/mcanulty/.pico-sdk/sdk/2.1.1/src/rp2_common/pico_runtime_init/runtime_init.c.o
                0x10002a44                runtime_init_bootrom_reset
 .text.runtime_init_per_core_bootrom_reset
                0x10002a56       0x12 CMakeFiles/Pico_gen.dir/Users/mcanulty/.pico-sdk/sdk/2.1.1/src/rp2_common/pico_runtime_init/runtime_init.c.o
                0x10002a56                runtime_init_per_core_bootrom_reset
 .text.runtime_init_spin_locks_reset
                0x10002a68        0x8 CMakeFiles/Pico_gen.dir/Users/mcanulty/.pico-sdk/sdk/2.1.1/src/rp2_common/pico_runtime_init/runtime_init.c.o
                0x10002a68                runtime_init_spin_locks_reset
 .text.runtime_init_install_ram_vector_table
                0x10002a70       0x20 CMakeFiles/Pico_gen.dir/Users/mcanulty/.pico-sdk/sdk/2.1.1/src/rp2_common/pico_runtime_init/runtime_init.c.o
                0x10002a70                runtime_init_install_ram_vector_table
 .text.start_all_ticks
                0x10002a90       0x28 CMakeFiles/Pico_gen.dir/Users/mcanulty/.pico-sdk/sdk/2.1.1/src/rp2_common/pico_runtime_init/runtime_init_clocks.c.o
 .text.runtime_init_clocks
                0x10002ab8       0xc4 CMakeFiles/Pico_gen.dir/Users/mcanulty/.pico-sdk/sdk/2.1.1/src/rp2_common/pico_runtime_init/runtime_init_clocks.c.o
                0x10002ab8                runtime_init_clocks
 .text.dldexp   0x10002b7c       0x44 CMakeFiles/Pico_gen.dir/Users/mcanulty/.pico-sdk/sdk/2.1.1/src/rp2_common/pico_double/double_math.c.o
 .text.disint   0x10002bc0       0x5c CMakeFiles/Pico_gen.dir/Users/mcanulty/.pico-sdk/sdk/2.1.1/src/rp2_common/pico_double/double_math.c.o
 .text.disoddint
                0x10002c1c       0x76 CMakeFiles/Pico_gen.dir/Users/mcanulty/.pico-sdk/sdk/2.1.1/src/rp2_common/pico_double/double_math.c.o
 .text.dispo2   0x10002c92       0x24 CMakeFiles/Pico_gen.dir/Users/mcanulty/.pico-sdk/sdk/2.1.1/src/rp2_common/pico_double/double_math.c.o
 .text.dpow_int2
                0x10002cb6       0x2e CMakeFiles/Pico_gen.dir/Users/mcanulty/.pico-sdk/sdk/2.1.1/src/rp2_common/pico_double/double_math.c.o
 .text.dpowint_1
                0x10002ce4       0x24 CMakeFiles/Pico_gen.dir/Users/mcanulty/.pico-sdk/sdk/2.1.1/src/rp2_common/pico_double/double_math.c.o
 .text.dpow_1   0x10002d08      0x1cc CMakeFiles/Pico_gen.dir/Users/mcanulty/.pico-sdk/sdk/2.1.1/src/rp2_common/pico_double/double_math.c.o
 .text.dpow_0   0x10002ed4       0xbc CMakeFiles/Pico_gen.dir/Users/mcanulty/.pico-sdk/sdk/2.1.1/src/rp2_common/pico_double/double_math.c.o
 .text.__wrap_ldexp
                0x10002f90        0x8 CMakeFiles/Pico_gen.dir/Users/mcanulty/.pico-sdk/sdk/2.1.1/src/rp2_common/pico_double/double_math.c.o
                0x10002f90                __wrap_ldexp
 .text.__wrap_round
                0x10002f98       0x80 CMakeFiles/Pico_gen.dir/Users/mcanulty/.pico-sdk/sdk/2.1.1/src/rp2_common/pico_double/double_math.c.o
                0x10002f98                __wrap_round
 .text.__wrap_exp2
                0x10003018       0x84 CMakeFiles/Pico_gen.dir/Users/mcanulty/.pico-sdk/sdk/2.1.1/src/rp2_common/pico_double/double_math.c.o
                0x10003018                __wrap_exp2
 .text.__wrap_pow
                0x1000309c      0x160 CMakeFiles/Pico_gen.dir/Users/mcanulty/.pico-sdk/sdk/2.1.1/src/rp2_common/pico_double/double_math.c.o
                0x1000309c                __wrap_pow
 .text.__rp2350_dcp_engaged_state_save_restore
                0x100031fc       0x3a CMakeFiles/Pico_gen.dir/Users/mcanulty/.pico-sdk/sdk/2.1.1/src/rp2_common/pico_double/double_aeabi_dcp.S.o
 *fill*         0x10003236        0x2 
 .text.__wrap___aeabi_dadd
                0x10003238       0x28 CMakeFiles/Pico_gen.dir/Users/mcanulty/.pico-sdk/sdk/2.1.1/src/rp2_common/pico_double/double_aeabi_dcp.S.o
                0x10003240                __wrap___aeabi_dadd
 .text.__wrap___aeabi_dsub
                0x10003260       0x28 CMakeFiles/Pico_gen.dir/Users/mcanulty/.pico-sdk/sdk/2.1.1/src/rp2_common/pico_double/double_aeabi_dcp.S.o
                0x10003268                __wrap___aeabi_dsub
 .text.__wrap___aeabi_dmul
                0x10003288       0x4c CMakeFiles/Pico_gen.dir/Users/mcanulty/.pico-sdk/sdk/2.1.1/src/rp2_common/pico_double/double_aeabi_dcp.S.o
                0x10003290                __wrap___aeabi_dmul
 .text.__wrap___aeabi_ddiv
                0x100032d4       0x9c CMakeFiles/Pico_gen.dir/Users/mcanulty/.pico-sdk/sdk/2.1.1/src/rp2_common/pico_double/double_aeabi_dcp.S.o
                0x100032dc                __wrap___aeabi_ddiv
 .text.__wrap___aeabi_d2f
                0x10003370       0x1c CMakeFiles/Pico_gen.dir/Users/mcanulty/.pico-sdk/sdk/2.1.1/src/rp2_common/pico_double/double_aeabi_dcp.S.o
                0x10003378                double2float
                0x10003378                __wrap___aeabi_d2f
 .text.__wrap___aeabi_i2d
                0x1000338c       0x24 CMakeFiles/Pico_gen.dir/Users/mcanulty/.pico-sdk/sdk/2.1.1/src/rp2_common/pico_double/double_aeabi_dcp.S.o
                0x10003394                __wrap___aeabi_i2d
                0x10003394                int2double
 .text.__wrap___aeabi_ui2d
                0x100033b0       0x24 CMakeFiles/Pico_gen.dir/Users/mcanulty/.pico-sdk/sdk/2.1.1/src/rp2_common/pico_double/double_aeabi_dcp.S.o
                0x100033b8                __wrap___aeabi_ui2d
                0x100033b8                uint2double
 .text.__wrap___aeabi_d2iz
                0x100033d4       0x24 CMakeFiles/Pico_gen.dir/Users/mcanulty/.pico-sdk/sdk/2.1.1/src/rp2_common/pico_double/double_aeabi_dcp.S.o
                0x100033dc                __wrap___aeabi_d2iz
                0x100033dc                double2int_z
 .text.__wrap___aeabi_d2uiz
                0x100033f8       0x24 CMakeFiles/Pico_gen.dir/Users/mcanulty/.pico-sdk/sdk/2.1.1/src/rp2_common/pico_double/double_aeabi_dcp.S.o
                0x10003400                double2uint_z
                0x10003400                double2uint
                0x10003400                __wrap___aeabi_d2uiz
 .text.__wrap___aeabi_dcmpun
                0x1000341c       0x24 CMakeFiles/Pico_gen.dir/Users/mcanulty/.pico-sdk/sdk/2.1.1/src/rp2_common/pico_double/double_aeabi_dcp.S.o
                0x10003424                __wrap___aeabi_dcmpun
 .text.__wrap___aeabi_dcmpeq
                0x10003440       0x24 CMakeFiles/Pico_gen.dir/Users/mcanulty/.pico-sdk/sdk/2.1.1/src/rp2_common/pico_double/double_aeabi_dcp.S.o
                0x10003448                __wrap___aeabi_dcmpeq
 .text.__wrap___aeabi_dcmplt
                0x10003464       0x28 CMakeFiles/Pico_gen.dir/Users/mcanulty/.pico-sdk/sdk/2.1.1/src/rp2_common/pico_double/double_aeabi_dcp.S.o
                0x1000346c                __wrap___aeabi_dcmplt
 .text.__wrap___aeabi_dcmple
                0x1000348c       0x28 CMakeFiles/Pico_gen.dir/Users/mcanulty/.pico-sdk/sdk/2.1.1/src/rp2_common/pico_double/double_aeabi_dcp.S.o
                0x10003494                __wrap___aeabi_dcmple
 .text.__wrap___aeabi_dcmpge
                0x100034b4       0x28 CMakeFiles/Pico_gen.dir/Users/mcanulty/.pico-sdk/sdk/2.1.1/src/rp2_common/pico_double/double_aeabi_dcp.S.o
                0x100034bc                __wrap___aeabi_dcmpge
 .text.__wrap___aeabi_dcmpgt
                0x100034dc       0x28 CMakeFiles/Pico_gen.dir/Users/mcanulty/.pico-sdk/sdk/2.1.1/src/rp2_common/pico_double/double_aeabi_dcp.S.o
                0x100034e4                __wrap___aeabi_dcmpgt
 .text.dpack    0x10003504       0x58 CMakeFiles/Pico_gen.dir/Users/mcanulty/.pico-sdk/sdk/2.1.1/src/rp2_common/pico_double/double_sci_m33.S.o
 .text.dreduce  0x1000355c       0x7a CMakeFiles/Pico_gen.dir/Users/mcanulty/.pico-sdk/sdk/2.1.1/src/rp2_common/pico_double/double_sci_m33.S.o
 *fill*         0x100035d6        0x2 
 .text.exptab   0x100035d8      0x1fc CMakeFiles/Pico_gen.dir/Users/mcanulty/.pico-sdk/sdk/2.1.1/src/rp2_common/pico_double/double_sci_m33.S.o
                0x100035d8                exptab0
                0x10003638                exptab1
                0x100036c8                exptab2
                0x10003748                logtab0
 .text.__wrap_exp
                0x100037d4      0x148 CMakeFiles/Pico_gen.dir/Users/mcanulty/.pico-sdk/sdk/2.1.1/src/rp2_common/pico_double/double_sci_m33.S.o
                0x100037fe                __wrap_exp
 .text.__wrap_log
                0x1000391c      0x358 CMakeFiles/Pico_gen.dir/Users/mcanulty/.pico-sdk/sdk/2.1.1/src/rp2_common/pico_double/double_sci_m33.S.o
                0x10003afa                __wrap_log
 .text.fisint   0x10003c74       0x32 CMakeFiles/Pico_gen.dir/Users/mcanulty/.pico-sdk/sdk/2.1.1/src/rp2_common/pico_float/float_math.c.o
 .text.fisoddint
                0x10003ca6       0x34 CMakeFiles/Pico_gen.dir/Users/mcanulty/.pico-sdk/sdk/2.1.1/src/rp2_common/pico_float/float_math.c.o
 .text.fispo2   0x10003cda       0x20 CMakeFiles/Pico_gen.dir/Users/mcanulty/.pico-sdk/sdk/2.1.1/src/rp2_common/pico_float/float_math.c.o
 .text.fpow_int2
                0x10003cfa       0x36 CMakeFiles/Pico_gen.dir/Users/mcanulty/.pico-sdk/sdk/2.1.1/src/rp2_common/pico_float/float_math.c.o
 .text.fpowint_1
                0x10003d30       0x20 CMakeFiles/Pico_gen.dir/Users/mcanulty/.pico-sdk/sdk/2.1.1/src/rp2_common/pico_float/float_math.c.o
 .text.fpow_1   0x10003d50       0x2c CMakeFiles/Pico_gen.dir/Users/mcanulty/.pico-sdk/sdk/2.1.1/src/rp2_common/pico_float/float_math.c.o
 .text.fpow_0   0x10003d7c       0xa8 CMakeFiles/Pico_gen.dir/Users/mcanulty/.pico-sdk/sdk/2.1.1/src/rp2_common/pico_float/float_math.c.o
 .text.__wrap_powf
                0x10003e24      0x124 CMakeFiles/Pico_gen.dir/Users/mcanulty/.pico-sdk/sdk/2.1.1/src/rp2_common/pico_float/float_math.c.o
                0x10003e24                __wrap_powf
 .text.check_alloc
                0x10003f48       0x20 CMakeFiles/Pico_gen.dir/Users/mcanulty/.pico-sdk/sdk/2.1.1/src/rp2_common/pico_malloc/malloc.c.o
 .text.__wrap_malloc
                0x10003f68       0x2c CMakeFiles/Pico_gen.dir/Users/mcanulty/.pico-sdk/sdk/2.1.1/src/rp2_common/pico_malloc/malloc.c.o
                0x10003f68                __wrap_malloc
 .text.__wrap_calloc
                0x10003f94       0x30 CMakeFiles/Pico_gen.dir/Users/mcanulty/.pico-sdk/sdk/2.1.1/src/rp2_common/pico_malloc/malloc.c.o
                0x10003f94                __wrap_calloc
 .text._out_null
                0x10003fc4        0x2 CMakeFiles/Pico_gen.dir/Users/mcanulty/.pico-sdk/sdk/2.1.1/src/rp2_common/pico_printf/printf.c.o
 .text._out_fct
                0x10003fc6        0xe CMakeFiles/Pico_gen.dir/Users/mcanulty/.pico-sdk/sdk/2.1.1/src/rp2_common/pico_printf/printf.c.o
 .text._atoi    0x10003fd4       0x26 CMakeFiles/Pico_gen.dir/Users/mcanulty/.pico-sdk/sdk/2.1.1/src/rp2_common/pico_printf/printf.c.o
 .text._out_rev
                0x10003ffa       0x7e CMakeFiles/Pico_gen.dir/Users/mcanulty/.pico-sdk/sdk/2.1.1/src/rp2_common/pico_printf/printf.c.o
 .text._ntoa_format
                0x10004078      0x134 CMakeFiles/Pico_gen.dir/Users/mcanulty/.pico-sdk/sdk/2.1.1/src/rp2_common/pico_printf/printf.c.o
 .text._ntoa_long
                0x100041ac       0x94 CMakeFiles/Pico_gen.dir/Users/mcanulty/.pico-sdk/sdk/2.1.1/src/rp2_common/pico_printf/printf.c.o
 .text._ntoa_long_long
                0x10004240       0xc2 CMakeFiles/Pico_gen.dir/Users/mcanulty/.pico-sdk/sdk/2.1.1/src/rp2_common/pico_printf/printf.c.o
 *fill*         0x10004302        0x6 
 .text._etoa    0x10004308      0x420 CMakeFiles/Pico_gen.dir/Users/mcanulty/.pico-sdk/sdk/2.1.1/src/rp2_common/pico_printf/printf.c.o
 .text._ftoa    0x10004728      0x398 CMakeFiles/Pico_gen.dir/Users/mcanulty/.pico-sdk/sdk/2.1.1/src/rp2_common/pico_printf/printf.c.o
 .text._vsnprintf
                0x10004ac0      0x6d8 CMakeFiles/Pico_gen.dir/Users/mcanulty/.pico-sdk/sdk/2.1.1/src/rp2_common/pico_printf/printf.c.o
 .text.vfctprintf
                0x10005198       0x24 CMakeFiles/Pico_gen.dir/Users/mcanulty/.pico-sdk/sdk/2.1.1/src/rp2_common/pico_printf/printf.c.o
                0x10005198                vfctprintf
 .text._exit    0x100051bc        0x4 CMakeFiles/Pico_gen.dir/Users/mcanulty/.pico-sdk/sdk/2.1.1/src/rp2_common/pico_clib_interface/newlib_interface.c.o
                0x100051bc                _exit
 .text._sbrk    0x100051c0       0x34 CMakeFiles/Pico_gen.dir/Users/mcanulty/.pico-sdk/sdk/2.1.1/src/rp2_common/pico_clib_interface/newlib_interface.c.o
                0x100051c0                _sbrk
 .text.exit     0x100051f4        0x6 CMakeFiles/Pico_gen.dir/Users/mcanulty/.pico-sdk/sdk/2.1.1/src/rp2_common/pico_clib_interface/newlib_interface.c.o
                0x100051f4                exit
 *fill*         0x100051fa        0x2 
 .text.__assert_func
                0x100051fc       0x34 CMakeFiles/Pico_gen.dir/Users/mcanulty/.pico-sdk/sdk/2.1.1/src/rp2_common/pico_clib_interface/newlib_interface.c.o
                0x100051fc                __assert_func
 .text.runtime_init
                0x10005230       0x2c CMakeFiles/Pico_gen.dir/Users/mcanulty/.pico-sdk/sdk/2.1.1/src/rp2_common/pico_clib_interface/newlib_interface.c.o
                0x10005230                runtime_init
 .text.stdio_out_chars_no_crlf
                0x1000525c        0xe CMakeFiles/Pico_gen.dir/Users/mcanulty/.pico-sdk/sdk/2.1.1/src/rp2_common/pico_stdio/stdio.c.o
 *fill*         0x1000526a        0x2 
 .text.stdio_out_chars_crlf
                0x1000526c       0x80 CMakeFiles/Pico_gen.dir/Users/mcanulty/.pico-sdk/sdk/2.1.1/src/rp2_common/pico_stdio/stdio.c.o
 .text.stdio_stack_buffer_flush
                0x100052ec       0x40 CMakeFiles/Pico_gen.dir/Users/mcanulty/.pico-sdk/sdk/2.1.1/src/rp2_common/pico_stdio/stdio.c.o
 .text.stdio_buffered_printer
                0x1000532c       0x20 CMakeFiles/Pico_gen.dir/Users/mcanulty/.pico-sdk/sdk/2.1.1/src/rp2_common/pico_stdio/stdio.c.o
 .text.stdout_serialize_begin
                0x1000534c       0x2c CMakeFiles/Pico_gen.dir/Users/mcanulty/.pico-sdk/sdk/2.1.1/src/rp2_common/pico_stdio/stdio.c.o
                0x1000534c                stdout_serialize_begin
 .text.stdout_serialize_end
                0x10005378       0x10 CMakeFiles/Pico_gen.dir/Users/mcanulty/.pico-sdk/sdk/2.1.1/src/rp2_common/pico_stdio/stdio.c.o
                0x10005378                stdout_serialize_end
 .text.stdio_put_string
                0x10005388       0x8c CMakeFiles/Pico_gen.dir/Users/mcanulty/.pico-sdk/sdk/2.1.1/src/rp2_common/pico_stdio/stdio.c.o
                0x10005388                stdio_put_string
 .text.stdio_set_driver_enabled
                0x10005414       0x2c CMakeFiles/Pico_gen.dir/Users/mcanulty/.pico-sdk/sdk/2.1.1/src/rp2_common/pico_stdio/stdio.c.o
                0x10005414                stdio_set_driver_enabled
 .text.stdio_flush
                0x10005440       0x1c CMakeFiles/Pico_gen.dir/Users/mcanulty/.pico-sdk/sdk/2.1.1/src/rp2_common/pico_stdio/stdio.c.o
                0x10005440                stdio_flush
 .text.stdio_init_all
                0x1000545c        0x8 CMakeFiles/Pico_gen.dir/Users/mcanulty/.pico-sdk/sdk/2.1.1/src/rp2_common/pico_stdio/stdio.c.o
                0x1000545c                stdio_init_all
 .text.__wrap_puts
                0x10005464       0x1e CMakeFiles/Pico_gen.dir/Users/mcanulty/.pico-sdk/sdk/2.1.1/src/rp2_common/pico_stdio/stdio.c.o
                0x10005464                __wrap_puts
                0x10005464                stdio_puts
 *fill*         0x10005482        0x2 
 .text.__wrap_vprintf
                0x10005484       0x40 CMakeFiles/Pico_gen.dir/Users/mcanulty/.pico-sdk/sdk/2.1.1/src/rp2_common/pico_stdio/stdio.c.o
                0x10005484                __wrap_vprintf
                0x10005484                stdio_vprintf
 .text.__wrap_printf
                0x100054c4       0x1c CMakeFiles/Pico_gen.dir/Users/mcanulty/.pico-sdk/sdk/2.1.1/src/rp2_common/pico_stdio/stdio.c.o
                0x100054c4                stdio_printf
                0x100054c4                __wrap_printf
 .text.stdio_usb_set_chars_available_callback
                0x100054e0       0x14 CMakeFiles/Pico_gen.dir/Users/mcanulty/.pico-sdk/sdk/2.1.1/src/rp2_common/pico_stdio_usb/stdio_usb.c.o
                0x100054e0                stdio_usb_set_chars_available_callback
 .text.stdio_usb_out_flush
                0x100054f4       0x48 CMakeFiles/Pico_gen.dir/Users/mcanulty/.pico-sdk/sdk/2.1.1/src/rp2_common/pico_stdio_usb/stdio_usb.c.o
 .text.stdio_usb_init
                0x1000553c       0x6c CMakeFiles/Pico_gen.dir/Users/mcanulty/.pico-sdk/sdk/2.1.1/src/rp2_common/pico_stdio_usb/stdio_usb.c.o
                0x1000553c                stdio_usb_init
 .text.stdio_usb_connected
                0x100055a8        0xa CMakeFiles/Pico_gen.dir/Users/mcanulty/.pico-sdk/sdk/2.1.1/src/rp2_common/pico_stdio_usb/stdio_usb.c.o
                0x100055a8                stdio_usb_connected
 *fill*         0x100055b2        0x2 
 .text.stdio_usb_in_chars
                0x100055b4       0x8c CMakeFiles/Pico_gen.dir/Users/mcanulty/.pico-sdk/sdk/2.1.1/src/rp2_common/pico_stdio_usb/stdio_usb.c.o
                0x100055b4                stdio_usb_in_chars
 .text.stdio_usb_out_chars
                0x10005640       0xd4 CMakeFiles/Pico_gen.dir/Users/mcanulty/.pico-sdk/sdk/2.1.1/src/rp2_common/pico_stdio_usb/stdio_usb.c.o
 .text._retrieve_unique_id_on_boot
                0x10005714       0x58 CMakeFiles/Pico_gen.dir/Users/mcanulty/.pico-sdk/sdk/2.1.1/src/rp2_common/pico_unique_id/unique_id.c.o
 .text.pico_get_unique_board_id
                0x1000576c       0x10 CMakeFiles/Pico_gen.dir/Users/mcanulty/.pico-sdk/sdk/2.1.1/src/rp2_common/pico_unique_id/unique_id.c.o
                0x1000576c                pico_get_unique_board_id
 .text.hw_endpoint_init
                0x1000577c       0xbc CMakeFiles/Pico_gen.dir/Users/mcanulty/.pico-sdk/sdk/2.1.1/lib/tinyusb/src/portable/raspberrypi/rp2040/dcd_rp2040.c.o
 .text.hw_endpoint_alloc
                0x10005838       0x48 CMakeFiles/Pico_gen.dir/Users/mcanulty/.pico-sdk/sdk/2.1.1/lib/tinyusb/src/portable/raspberrypi/rp2040/dcd_rp2040.c.o
 .text.hw_endpoint_open
                0x10005880       0x44 CMakeFiles/Pico_gen.dir/Users/mcanulty/.pico-sdk/sdk/2.1.1/lib/tinyusb/src/portable/raspberrypi/rp2040/dcd_rp2040.c.o
 .text.hw_endpoint_xfer
                0x100058c4       0x1c CMakeFiles/Pico_gen.dir/Users/mcanulty/.pico-sdk/sdk/2.1.1/lib/tinyusb/src/portable/raspberrypi/rp2040/dcd_rp2040.c.o
 .text.dcd_int_enable
                0x100058e0       0x28 CMakeFiles/Pico_gen.dir/Users/mcanulty/.pico-sdk/sdk/2.1.1/lib/tinyusb/src/portable/raspberrypi/rp2040/dcd_rp2040.c.o
                0x100058e0                dcd_int_enable
 .text.dcd_set_address
                0x10005908       0x2c CMakeFiles/Pico_gen.dir/Users/mcanulty/.pico-sdk/sdk/2.1.1/lib/tinyusb/src/portable/raspberrypi/rp2040/dcd_rp2040.c.o
                0x10005908                dcd_set_address
 .text.dcd_connect
                0x10005934       0x10 CMakeFiles/Pico_gen.dir/Users/mcanulty/.pico-sdk/sdk/2.1.1/lib/tinyusb/src/portable/raspberrypi/rp2040/dcd_rp2040.c.o
                0x10005934                dcd_connect
 .text.dcd_init
                0x10005944       0x84 CMakeFiles/Pico_gen.dir/Users/mcanulty/.pico-sdk/sdk/2.1.1/lib/tinyusb/src/portable/raspberrypi/rp2040/dcd_rp2040.c.o
                0x10005944                dcd_init
 .text.dcd_sof_enable
                0x100059c8       0x1c CMakeFiles/Pico_gen.dir/Users/mcanulty/.pico-sdk/sdk/2.1.1/lib/tinyusb/src/portable/raspberrypi/rp2040/dcd_rp2040.c.o
                0x100059c8                dcd_sof_enable
 .text.dcd_edpt0_status_complete
                0x100059e4       0x20 CMakeFiles/Pico_gen.dir/Users/mcanulty/.pico-sdk/sdk/2.1.1/lib/tinyusb/src/portable/raspberrypi/rp2040/dcd_rp2040.c.o
                0x100059e4                dcd_edpt0_status_complete
 .text.dcd_edpt_open
                0x10005a04       0x22 CMakeFiles/Pico_gen.dir/Users/mcanulty/.pico-sdk/sdk/2.1.1/lib/tinyusb/src/portable/raspberrypi/rp2040/dcd_rp2040.c.o
                0x10005a04                dcd_edpt_open
 *fill*         0x10005a26        0x2 
 .text.dcd_edpt_iso_alloc
                0x10005a28       0x30 CMakeFiles/Pico_gen.dir/Users/mcanulty/.pico-sdk/sdk/2.1.1/lib/tinyusb/src/portable/raspberrypi/rp2040/dcd_rp2040.c.o
                0x10005a28                dcd_edpt_iso_alloc
 .text.dcd_edpt_iso_activate
                0x10005a58       0x88 CMakeFiles/Pico_gen.dir/Users/mcanulty/.pico-sdk/sdk/2.1.1/lib/tinyusb/src/portable/raspberrypi/rp2040/dcd_rp2040.c.o
                0x10005a58                dcd_edpt_iso_activate
 .text.dcd_edpt_close_all
                0x10005ae0        0x8 CMakeFiles/Pico_gen.dir/Users/mcanulty/.pico-sdk/sdk/2.1.1/lib/tinyusb/src/portable/raspberrypi/rp2040/dcd_rp2040.c.o
                0x10005ae0                dcd_edpt_close_all
 .text.dcd_edpt_xfer
                0x10005ae8       0x2c CMakeFiles/Pico_gen.dir/Users/mcanulty/.pico-sdk/sdk/2.1.1/lib/tinyusb/src/portable/raspberrypi/rp2040/dcd_rp2040.c.o
                0x10005ae8                dcd_edpt_xfer
 .text.dcd_edpt_stall
                0x10005b14       0x38 CMakeFiles/Pico_gen.dir/Users/mcanulty/.pico-sdk/sdk/2.1.1/lib/tinyusb/src/portable/raspberrypi/rp2040/dcd_rp2040.c.o
                0x10005b14                dcd_edpt_stall
 .text.dcd_edpt_clear_stall
                0x10005b4c       0x28 CMakeFiles/Pico_gen.dir/Users/mcanulty/.pico-sdk/sdk/2.1.1/lib/tinyusb/src/portable/raspberrypi/rp2040/dcd_rp2040.c.o
                0x10005b4c                dcd_edpt_clear_stall
 .text.unaligned_memcpy
                0x10005b74       0x14 CMakeFiles/Pico_gen.dir/Users/mcanulty/.pico-sdk/sdk/2.1.1/lib/tinyusb/src/portable/raspberrypi/rp2040/rp2040_usb.c.o
 .text.rp2040_usb_init
                0x10005b88       0x40 CMakeFiles/Pico_gen.dir/Users/mcanulty/.pico-sdk/sdk/2.1.1/lib/tinyusb/src/portable/raspberrypi/rp2040/rp2040_usb.c.o
                0x10005b88                rp2040_usb_init
 .text.hw_endpoint_xfer_start
                0x10005bc8       0x58 CMakeFiles/Pico_gen.dir/Users/mcanulty/.pico-sdk/sdk/2.1.1/lib/tinyusb/src/portable/raspberrypi/rp2040/rp2040_usb.c.o
                0x10005bc8                hw_endpoint_xfer_start
 .text.critical_section_enter_blocking
                0x10005c20       0x26 CMakeFiles/Pico_gen.dir/Users/mcanulty/.pico-sdk/sdk/2.1.1/lib/tinyusb/src/device/usbd.c.o
 .text.tud_vendor_control_xfer_cb
                0x10005c46        0x4 CMakeFiles/Pico_gen.dir/Users/mcanulty/.pico-sdk/sdk/2.1.1/lib/tinyusb/src/device/usbd.c.o
                0x10005c46                tud_vendor_control_xfer_cb
 *fill*         0x10005c4a        0x2 
 .text.configuration_reset
                0x10005c4c       0x90 CMakeFiles/Pico_gen.dir/Users/mcanulty/.pico-sdk/sdk/2.1.1/lib/tinyusb/src/device/usbd.c.o
 .text.usbd_reset
                0x10005cdc        0xc CMakeFiles/Pico_gen.dir/Users/mcanulty/.pico-sdk/sdk/2.1.1/lib/tinyusb/src/device/usbd.c.o
 .text.invoke_class_control
                0x10005ce8       0x1a CMakeFiles/Pico_gen.dir/Users/mcanulty/.pico-sdk/sdk/2.1.1/lib/tinyusb/src/device/usbd.c.o
 *fill*         0x10005d02        0x2 
 .text.process_set_config
                0x10005d04      0x1d8 CMakeFiles/Pico_gen.dir/Users/mcanulty/.pico-sdk/sdk/2.1.1/lib/tinyusb/src/device/usbd.c.o
 .text.tud_event_hook_cb
                0x10005edc        0x2 CMakeFiles/Pico_gen.dir/Users/mcanulty/.pico-sdk/sdk/2.1.1/lib/tinyusb/src/device/usbd.c.o
                0x10005edc                tud_event_hook_cb
 .text.tud_sof_cb
                0x10005ede        0x2 CMakeFiles/Pico_gen.dir/Users/mcanulty/.pico-sdk/sdk/2.1.1/lib/tinyusb/src/device/usbd.c.o
                0x10005ede                tud_sof_cb
 .text.tud_descriptor_bos_cb
                0x10005ee0        0x4 CMakeFiles/Pico_gen.dir/Users/mcanulty/.pico-sdk/sdk/2.1.1/lib/tinyusb/src/device/usbd.c.o
                0x10005ee0                tud_descriptor_bos_cb
 .text.tud_descriptor_device_qualifier_cb
                0x10005ee4        0x4 CMakeFiles/Pico_gen.dir/Users/mcanulty/.pico-sdk/sdk/2.1.1/lib/tinyusb/src/device/usbd.c.o
                0x10005ee4                tud_descriptor_device_qualifier_cb
 .text.tud_descriptor_other_speed_configuration_cb
                0x10005ee8        0x4 CMakeFiles/Pico_gen.dir/Users/mcanulty/.pico-sdk/sdk/2.1.1/lib/tinyusb/src/device/usbd.c.o
                0x10005ee8                tud_descriptor_other_speed_configuration_cb
 .text.process_get_descriptor
                0x10005eec       0xf8 CMakeFiles/Pico_gen.dir/Users/mcanulty/.pico-sdk/sdk/2.1.1/lib/tinyusb/src/device/usbd.c.o
 .text.tud_mount_cb
                0x10005fe4        0x2 CMakeFiles/Pico_gen.dir/Users/mcanulty/.pico-sdk/sdk/2.1.1/lib/tinyusb/src/device/usbd.c.o
                0x10005fe4                tud_mount_cb
 .text.tud_umount_cb
                0x10005fe6        0x2 CMakeFiles/Pico_gen.dir/Users/mcanulty/.pico-sdk/sdk/2.1.1/lib/tinyusb/src/device/usbd.c.o
                0x10005fe6                tud_umount_cb
 .text.tud_suspend_cb
                0x10005fe8        0x2 CMakeFiles/Pico_gen.dir/Users/mcanulty/.pico-sdk/sdk/2.1.1/lib/tinyusb/src/device/usbd.c.o
                0x10005fe8                tud_suspend_cb
 .text.tud_resume_cb
                0x10005fea        0x2 CMakeFiles/Pico_gen.dir/Users/mcanulty/.pico-sdk/sdk/2.1.1/lib/tinyusb/src/device/usbd.c.o
                0x10005fea                tud_resume_cb
 .text.tud_speed_get
                0x10005fec        0xc CMakeFiles/Pico_gen.dir/Users/mcanulty/.pico-sdk/sdk/2.1.1/lib/tinyusb/src/device/usbd.c.o
                0x10005fec                tud_speed_get
 .text.tud_mounted
                0x10005ff8       0x14 CMakeFiles/Pico_gen.dir/Users/mcanulty/.pico-sdk/sdk/2.1.1/lib/tinyusb/src/device/usbd.c.o
                0x10005ff8                tud_mounted
 .text.tud_suspended
                0x1000600c       0x10 CMakeFiles/Pico_gen.dir/Users/mcanulty/.pico-sdk/sdk/2.1.1/lib/tinyusb/src/device/usbd.c.o
                0x1000600c                tud_suspended
 .text.tud_inited
                0x1000601c       0x10 CMakeFiles/Pico_gen.dir/Users/mcanulty/.pico-sdk/sdk/2.1.1/lib/tinyusb/src/device/usbd.c.o
                0x1000601c                tud_inited
 .text.tud_rhport_init
                0x1000602c      0x128 CMakeFiles/Pico_gen.dir/Users/mcanulty/.pico-sdk/sdk/2.1.1/lib/tinyusb/src/device/usbd.c.o
                0x1000602c                tud_rhport_init
 .text.usbd_edpt_open
                0x10006154       0x7c CMakeFiles/Pico_gen.dir/Users/mcanulty/.pico-sdk/sdk/2.1.1/lib/tinyusb/src/device/usbd.c.o
                0x10006154                usbd_edpt_open
 .text.usbd_open_edpt_pair
                0x100061d0       0xa4 CMakeFiles/Pico_gen.dir/Users/mcanulty/.pico-sdk/sdk/2.1.1/lib/tinyusb/src/device/usbd.c.o
                0x100061d0                usbd_open_edpt_pair
 .text.usbd_edpt_claim
                0x10006274       0x28 CMakeFiles/Pico_gen.dir/Users/mcanulty/.pico-sdk/sdk/2.1.1/lib/tinyusb/src/device/usbd.c.o
                0x10006274                usbd_edpt_claim
 .text.usbd_edpt_release
                0x1000629c       0x28 CMakeFiles/Pico_gen.dir/Users/mcanulty/.pico-sdk/sdk/2.1.1/lib/tinyusb/src/device/usbd.c.o
                0x1000629c                usbd_edpt_release
 .text.usbd_edpt_xfer
                0x100062c4       0x90 CMakeFiles/Pico_gen.dir/Users/mcanulty/.pico-sdk/sdk/2.1.1/lib/tinyusb/src/device/usbd.c.o
                0x100062c4                usbd_edpt_xfer
 .text.usbd_edpt_stall
                0x10006354       0x3c CMakeFiles/Pico_gen.dir/Users/mcanulty/.pico-sdk/sdk/2.1.1/lib/tinyusb/src/device/usbd.c.o
                0x10006354                usbd_edpt_stall
 .text.usbd_edpt_clear_stall
                0x10006390       0x3c CMakeFiles/Pico_gen.dir/Users/mcanulty/.pico-sdk/sdk/2.1.1/lib/tinyusb/src/device/usbd.c.o
                0x10006390                usbd_edpt_clear_stall
 .text.usbd_edpt_stalled
                0x100063cc       0x1c CMakeFiles/Pico_gen.dir/Users/mcanulty/.pico-sdk/sdk/2.1.1/lib/tinyusb/src/device/usbd.c.o
                0x100063cc                usbd_edpt_stalled
 .text.process_control_request
                0x100063e8      0x404 CMakeFiles/Pico_gen.dir/Users/mcanulty/.pico-sdk/sdk/2.1.1/lib/tinyusb/src/device/usbd.c.o
 .text.tud_task_ext
                0x100067ec      0x238 CMakeFiles/Pico_gen.dir/Users/mcanulty/.pico-sdk/sdk/2.1.1/lib/tinyusb/src/device/usbd.c.o
                0x100067ec                tud_task_ext
 .text.usbd_edpt_iso_alloc
                0x10006a24       0x40 CMakeFiles/Pico_gen.dir/Users/mcanulty/.pico-sdk/sdk/2.1.1/lib/tinyusb/src/device/usbd.c.o
                0x10006a24                usbd_edpt_iso_alloc
 .text.usbd_edpt_iso_activate
                0x10006a64       0xb0 CMakeFiles/Pico_gen.dir/Users/mcanulty/.pico-sdk/sdk/2.1.1/lib/tinyusb/src/device/usbd.c.o
                0x10006a64                usbd_edpt_iso_activate
 .text.status_stage_xact
                0x10006b14       0x1a CMakeFiles/Pico_gen.dir/Users/mcanulty/.pico-sdk/sdk/2.1.1/lib/tinyusb/src/device/usbd_control.c.o
 *fill*         0x10006b2e        0x2 
 .text.data_stage_xact
                0x10006b30       0x5c CMakeFiles/Pico_gen.dir/Users/mcanulty/.pico-sdk/sdk/2.1.1/lib/tinyusb/src/device/usbd_control.c.o
 .text.tud_control_status
                0x10006b8c       0x28 CMakeFiles/Pico_gen.dir/Users/mcanulty/.pico-sdk/sdk/2.1.1/lib/tinyusb/src/device/usbd_control.c.o
                0x10006b8c                tud_control_status
 .text.tud_control_xfer
                0x10006bb4       0xac CMakeFiles/Pico_gen.dir/Users/mcanulty/.pico-sdk/sdk/2.1.1/lib/tinyusb/src/device/usbd_control.c.o
                0x10006bb4                tud_control_xfer
 .text.usbd_control_reset
                0x10006c60       0x14 CMakeFiles/Pico_gen.dir/Users/mcanulty/.pico-sdk/sdk/2.1.1/lib/tinyusb/src/device/usbd_control.c.o
                0x10006c60                usbd_control_reset
 .text.usbd_control_set_complete_callback
                0x10006c74        0xc CMakeFiles/Pico_gen.dir/Users/mcanulty/.pico-sdk/sdk/2.1.1/lib/tinyusb/src/device/usbd_control.c.o
                0x10006c74                usbd_control_set_complete_callback
 .text.usbd_control_set_request
                0x10006c80       0x1c CMakeFiles/Pico_gen.dir/Users/mcanulty/.pico-sdk/sdk/2.1.1/lib/tinyusb/src/device/usbd_control.c.o
                0x10006c80                usbd_control_set_request
 .text.usbd_control_xfer_cb
                0x10006c9c      0x10c CMakeFiles/Pico_gen.dir/Users/mcanulty/.pico-sdk/sdk/2.1.1/lib/tinyusb/src/device/usbd_control.c.o
                0x10006c9c                usbd_control_xfer_cb
 .text.audiod_get_AS_interface_index
                0x10006da8       0x58 CMakeFiles/Pico_gen.dir/Users/mcanulty/.pico-sdk/sdk/2.1.1/lib/tinyusb/src/class/audio/audio_device.c.o
 .text.audiod_get_AS_interface_index_global
                0x10006e00       0x3c CMakeFiles/Pico_gen.dir/Users/mcanulty/.pico-sdk/sdk/2.1.1/lib/tinyusb/src/class/audio/audio_device.c.o
 .text.audiod_verify_entity_exists
                0x10006e3c       0x60 CMakeFiles/Pico_gen.dir/Users/mcanulty/.pico-sdk/sdk/2.1.1/lib/tinyusb/src/class/audio/audio_device.c.o
 .text.audiod_verify_itf_exists
                0x10006e9c       0x58 CMakeFiles/Pico_gen.dir/Users/mcanulty/.pico-sdk/sdk/2.1.1/lib/tinyusb/src/class/audio/audio_device.c.o
 .text.audiod_verify_ep_exists
                0x10006ef4       0x5c CMakeFiles/Pico_gen.dir/Users/mcanulty/.pico-sdk/sdk/2.1.1/lib/tinyusb/src/class/audio/audio_device.c.o
 .text.audiod_parse_for_AS_params
                0x10006f50       0x96 CMakeFiles/Pico_gen.dir/Users/mcanulty/.pico-sdk/sdk/2.1.1/lib/tinyusb/src/class/audio/audio_device.c.o
 *fill*         0x10006fe6        0x2 
 .text.audiod_tx_packet_size
                0x10006fe8       0x88 CMakeFiles/Pico_gen.dir/Users/mcanulty/.pico-sdk/sdk/2.1.1/lib/tinyusb/src/class/audio/audio_device.c.o
 .text.audiod_get_audio_fct_idx
                0x10007070       0x20 CMakeFiles/Pico_gen.dir/Users/mcanulty/.pico-sdk/sdk/2.1.1/lib/tinyusb/src/class/audio/audio_device.c.o
 .text.audiod_get_interface
                0x10007090       0x4c CMakeFiles/Pico_gen.dir/Users/mcanulty/.pico-sdk/sdk/2.1.1/lib/tinyusb/src/class/audio/audio_device.c.o
 .text.audiod_calc_tx_packet_sz
                0x100070dc      0x104 CMakeFiles/Pico_gen.dir/Users/mcanulty/.pico-sdk/sdk/2.1.1/lib/tinyusb/src/class/audio/audio_device.c.o
 .text.tud_audio_tx_done_post_load_cb
                0x100071e0        0x4 CMakeFiles/Pico_gen.dir/Users/mcanulty/.pico-sdk/sdk/2.1.1/lib/tinyusb/src/class/audio/audio_device.c.o
                0x100071e0                tud_audio_tx_done_post_load_cb
 .text.audiod_tx_done_cb
                0x100071e4       0x9e CMakeFiles/Pico_gen.dir/Users/mcanulty/.pico-sdk/sdk/2.1.1/lib/tinyusb/src/class/audio/audio_device.c.o
 .text.tud_audio_rx_done_post_read_cb
                0x10007282        0x4 CMakeFiles/Pico_gen.dir/Users/mcanulty/.pico-sdk/sdk/2.1.1/lib/tinyusb/src/class/audio/audio_device.c.o
                0x10007282                tud_audio_rx_done_post_read_cb
 .text.audiod_rx_done_cb
                0x10007286       0x80 CMakeFiles/Pico_gen.dir/Users/mcanulty/.pico-sdk/sdk/2.1.1/lib/tinyusb/src/class/audio/audio_device.c.o
 *fill*         0x10007306        0x2 
 .text.audiod_set_interface
                0x10007308      0x23c CMakeFiles/Pico_gen.dir/Users/mcanulty/.pico-sdk/sdk/2.1.1/lib/tinyusb/src/class/audio/audio_device.c.o
 .text.tud_audio_set_req_ep_cb
                0x10007544        0x4 CMakeFiles/Pico_gen.dir/Users/mcanulty/.pico-sdk/sdk/2.1.1/lib/tinyusb/src/class/audio/audio_device.c.o
                0x10007544                tud_audio_set_req_ep_cb
 .text.tud_audio_set_req_itf_cb
                0x10007548        0x4 CMakeFiles/Pico_gen.dir/Users/mcanulty/.pico-sdk/sdk/2.1.1/lib/tinyusb/src/class/audio/audio_device.c.o
                0x10007548                tud_audio_set_req_itf_cb
 .text.audiod_control_complete
                0x1000754c       0xec CMakeFiles/Pico_gen.dir/Users/mcanulty/.pico-sdk/sdk/2.1.1/lib/tinyusb/src/class/audio/audio_device.c.o
 .text.tud_audio_get_req_ep_cb
                0x10007638        0x4 CMakeFiles/Pico_gen.dir/Users/mcanulty/.pico-sdk/sdk/2.1.1/lib/tinyusb/src/class/audio/audio_device.c.o
                0x10007638                tud_audio_get_req_ep_cb
 .text.tud_audio_get_req_itf_cb
                0x1000763c        0x4 CMakeFiles/Pico_gen.dir/Users/mcanulty/.pico-sdk/sdk/2.1.1/lib/tinyusb/src/class/audio/audio_device.c.o
                0x1000763c                tud_audio_get_req_itf_cb
 .text.audiod_control_request
                0x10007640      0x108 CMakeFiles/Pico_gen.dir/Users/mcanulty/.pico-sdk/sdk/2.1.1/lib/tinyusb/src/class/audio/audio_device.c.o
 .text.tud_audio_n_read
                0x10007748       0x30 CMakeFiles/Pico_gen.dir/Users/mcanulty/.pico-sdk/sdk/2.1.1/lib/tinyusb/src/class/audio/audio_device.c.o
                0x10007748                tud_audio_n_read
 .text.tud_audio_n_write
                0x10007778       0x30 CMakeFiles/Pico_gen.dir/Users/mcanulty/.pico-sdk/sdk/2.1.1/lib/tinyusb/src/class/audio/audio_device.c.o
                0x10007778                tud_audio_n_write
 .text.audiod_init
                0x100077a8       0xc8 CMakeFiles/Pico_gen.dir/Users/mcanulty/.pico-sdk/sdk/2.1.1/lib/tinyusb/src/class/audio/audio_device.c.o
                0x100077a8                audiod_init
 .text.audiod_deinit
                0x10007870        0x4 CMakeFiles/Pico_gen.dir/Users/mcanulty/.pico-sdk/sdk/2.1.1/lib/tinyusb/src/class/audio/audio_device.c.o
                0x10007870                audiod_deinit
 .text.audiod_reset
                0x10007874       0x40 CMakeFiles/Pico_gen.dir/Users/mcanulty/.pico-sdk/sdk/2.1.1/lib/tinyusb/src/class/audio/audio_device.c.o
                0x10007874                audiod_reset
 .text.audiod_open
                0x100078b4      0x1ec CMakeFiles/Pico_gen.dir/Users/mcanulty/.pico-sdk/sdk/2.1.1/lib/tinyusb/src/class/audio/audio_device.c.o
                0x100078b4                audiod_open
 .text.audiod_control_xfer_cb
                0x10007aa0       0x1e CMakeFiles/Pico_gen.dir/Users/mcanulty/.pico-sdk/sdk/2.1.1/lib/tinyusb/src/class/audio/audio_device.c.o
                0x10007aa0                audiod_control_xfer_cb
 *fill*         0x10007abe        0x2 
 .text.audiod_xfer_cb
                0x10007ac0       0x58 CMakeFiles/Pico_gen.dir/Users/mcanulty/.pico-sdk/sdk/2.1.1/lib/tinyusb/src/class/audio/audio_device.c.o
                0x10007ac0                audiod_xfer_cb
 .text.tud_audio_buffer_and_schedule_control_xfer
                0x10007b18      0x110 CMakeFiles/Pico_gen.dir/Users/mcanulty/.pico-sdk/sdk/2.1.1/lib/tinyusb/src/class/audio/audio_device.c.o
                0x10007b18                tud_audio_buffer_and_schedule_control_xfer
 .text._prep_out_transaction
                0x10007c28       0x94 CMakeFiles/Pico_gen.dir/Users/mcanulty/.pico-sdk/sdk/2.1.1/lib/tinyusb/src/class/cdc/cdc_device.c.o
 .text.tud_cdc_n_connected
                0x10007cbc       0x34 CMakeFiles/Pico_gen.dir/Users/mcanulty/.pico-sdk/sdk/2.1.1/lib/tinyusb/src/class/cdc/cdc_device.c.o
                0x10007cbc                tud_cdc_n_connected
 .text.tud_cdc_n_available
                0x10007cf0       0x18 CMakeFiles/Pico_gen.dir/Users/mcanulty/.pico-sdk/sdk/2.1.1/lib/tinyusb/src/class/cdc/cdc_device.c.o
                0x10007cf0                tud_cdc_n_available
 .text.tud_cdc_n_read
                0x10007d08       0x34 CMakeFiles/Pico_gen.dir/Users/mcanulty/.pico-sdk/sdk/2.1.1/lib/tinyusb/src/class/cdc/cdc_device.c.o
                0x10007d08                tud_cdc_n_read
 .text.tud_cdc_n_write_flush
                0x10007d3c       0xb8 CMakeFiles/Pico_gen.dir/Users/mcanulty/.pico-sdk/sdk/2.1.1/lib/tinyusb/src/class/cdc/cdc_device.c.o
                0x10007d3c                tud_cdc_n_write_flush
 .text.tud_cdc_n_write
                0x10007df4       0x44 CMakeFiles/Pico_gen.dir/Users/mcanulty/.pico-sdk/sdk/2.1.1/lib/tinyusb/src/class/cdc/cdc_device.c.o
                0x10007df4                tud_cdc_n_write
 .text.tud_cdc_n_write_available
                0x10007e38       0x1c CMakeFiles/Pico_gen.dir/Users/mcanulty/.pico-sdk/sdk/2.1.1/lib/tinyusb/src/class/cdc/cdc_device.c.o
                0x10007e38                tud_cdc_n_write_available
 .text.cdcd_init
                0x10007e54       0xa4 CMakeFiles/Pico_gen.dir/Users/mcanulty/.pico-sdk/sdk/2.1.1/lib/tinyusb/src/class/cdc/cdc_device.c.o
                0x10007e54                cdcd_init
 .text.cdcd_deinit
                0x10007ef8       0x40 CMakeFiles/Pico_gen.dir/Users/mcanulty/.pico-sdk/sdk/2.1.1/lib/tinyusb/src/class/cdc/cdc_device.c.o
                0x10007ef8                cdcd_deinit
 .text.cdcd_reset
                0x10007f38       0x78 CMakeFiles/Pico_gen.dir/Users/mcanulty/.pico-sdk/sdk/2.1.1/lib/tinyusb/src/class/cdc/cdc_device.c.o
                0x10007f38                cdcd_reset
 .text.cdcd_open
                0x10007fb0      0x124 CMakeFiles/Pico_gen.dir/Users/mcanulty/.pico-sdk/sdk/2.1.1/lib/tinyusb/src/class/cdc/cdc_device.c.o
                0x10007fb0                cdcd_open
 .text.cdcd_control_xfer_cb
                0x100080d4      0x120 CMakeFiles/Pico_gen.dir/Users/mcanulty/.pico-sdk/sdk/2.1.1/lib/tinyusb/src/class/cdc/cdc_device.c.o
                0x100080d4                cdcd_control_xfer_cb
 .text.cdcd_xfer_cb
                0x100081f4      0x138 CMakeFiles/Pico_gen.dir/Users/mcanulty/.pico-sdk/sdk/2.1.1/lib/tinyusb/src/class/cdc/cdc_device.c.o
                0x100081f4                cdcd_xfer_cb
 .text._prep_out_transaction
                0x1000832c       0x70 CMakeFiles/Pico_gen.dir/Users/mcanulty/.pico-sdk/sdk/2.1.1/lib/tinyusb/src/class/midi/midi_device.c.o
 .text.write_flush
                0x1000839c       0xa4 CMakeFiles/Pico_gen.dir/Users/mcanulty/.pico-sdk/sdk/2.1.1/lib/tinyusb/src/class/midi/midi_device.c.o
 .text.tud_midi_n_available
                0x10008440       0x28 CMakeFiles/Pico_gen.dir/Users/mcanulty/.pico-sdk/sdk/2.1.1/lib/tinyusb/src/class/midi/midi_device.c.o
                0x10008440                tud_midi_n_available
 .text.tud_midi_n_packet_read
                0x10008468       0x3c CMakeFiles/Pico_gen.dir/Users/mcanulty/.pico-sdk/sdk/2.1.1/lib/tinyusb/src/class/midi/midi_device.c.o
                0x10008468                tud_midi_n_packet_read
 .text.tud_midi_n_stream_write
                0x100084a4      0x250 CMakeFiles/Pico_gen.dir/Users/mcanulty/.pico-sdk/sdk/2.1.1/lib/tinyusb/src/class/midi/midi_device.c.o
                0x100084a4                tud_midi_n_stream_write
 .text.midid_init
                0x100086f4       0x84 CMakeFiles/Pico_gen.dir/Users/mcanulty/.pico-sdk/sdk/2.1.1/lib/tinyusb/src/class/midi/midi_device.c.o
                0x100086f4                midid_init
 .text.midid_deinit
                0x10008778       0x40 CMakeFiles/Pico_gen.dir/Users/mcanulty/.pico-sdk/sdk/2.1.1/lib/tinyusb/src/class/midi/midi_device.c.o
                0x10008778                midid_deinit
 .text.midid_reset
                0x100087b8       0x3c CMakeFiles/Pico_gen.dir/Users/mcanulty/.pico-sdk/sdk/2.1.1/lib/tinyusb/src/class/midi/midi_device.c.o
                0x100087b8                midid_reset
 .text.midid_open
                0x100087f4      0x15c CMakeFiles/Pico_gen.dir/Users/mcanulty/.pico-sdk/sdk/2.1.1/lib/tinyusb/src/class/midi/midi_device.c.o
                0x100087f4                midid_open
 .text.midid_control_xfer_cb
                0x10008950        0x4 CMakeFiles/Pico_gen.dir/Users/mcanulty/.pico-sdk/sdk/2.1.1/lib/tinyusb/src/class/midi/midi_device.c.o
                0x10008950                midid_control_xfer_cb
 .text.midid_xfer_cb
                0x10008954       0xdc CMakeFiles/Pico_gen.dir/Users/mcanulty/.pico-sdk/sdk/2.1.1/lib/tinyusb/src/class/midi/midi_device.c.o
                0x10008954                midid_xfer_cb
 .text.tusb_rhport_init
                0x10008a30       0x68 CMakeFiles/Pico_gen.dir/Users/mcanulty/.pico-sdk/sdk/2.1.1/lib/tinyusb/src/tusb.c.o
                0x10008a30                tusb_rhport_init
 .text.tu_edpt_claim
                0x10008a98       0x50 CMakeFiles/Pico_gen.dir/Users/mcanulty/.pico-sdk/sdk/2.1.1/lib/tinyusb/src/tusb.c.o
                0x10008a98                tu_edpt_claim
 .text.tu_edpt_release
                0x10008ae8       0x3c CMakeFiles/Pico_gen.dir/Users/mcanulty/.pico-sdk/sdk/2.1.1/lib/tinyusb/src/tusb.c.o
                0x10008ae8                tu_edpt_release
 .text.tu_edpt_validate
                0x10008b24       0xe0 CMakeFiles/Pico_gen.dir/Users/mcanulty/.pico-sdk/sdk/2.1.1/lib/tinyusb/src/tusb.c.o
                0x10008b24                tu_edpt_validate
 .text.tu_edpt_bind_driver
                0x10008c04       0x4a CMakeFiles/Pico_gen.dir/Users/mcanulty/.pico-sdk/sdk/2.1.1/lib/tinyusb/src/tusb.c.o
                0x10008c04                tu_edpt_bind_driver
 .text.advance_index
                0x10008c4e       0x1a CMakeFiles/Pico_gen.dir/Users/mcanulty/.pico-sdk/sdk/2.1.1/lib/tinyusb/src/common/tusb_fifo.c.o
 .text._tu_fifo_peek
                0x10008c68       0x62 CMakeFiles/Pico_gen.dir/Users/mcanulty/.pico-sdk/sdk/2.1.1/lib/tinyusb/src/common/tusb_fifo.c.o
 .text._ff_pull_n
                0x10008cca       0x68 CMakeFiles/Pico_gen.dir/Users/mcanulty/.pico-sdk/sdk/2.1.1/lib/tinyusb/src/common/tusb_fifo.c.o
 .text._tu_fifo_peek_n
                0x10008d32       0x6a CMakeFiles/Pico_gen.dir/Users/mcanulty/.pico-sdk/sdk/2.1.1/lib/tinyusb/src/common/tusb_fifo.c.o
 .text._tu_fifo_read_n
                0x10008d9c       0x4c CMakeFiles/Pico_gen.dir/Users/mcanulty/.pico-sdk/sdk/2.1.1/lib/tinyusb/src/common/tusb_fifo.c.o
 .text._ff_push_n
                0x10008de8       0x66 CMakeFiles/Pico_gen.dir/Users/mcanulty/.pico-sdk/sdk/2.1.1/lib/tinyusb/src/common/tusb_fifo.c.o
 .text._tu_fifo_write_n
                0x10008e4e       0xf0 CMakeFiles/Pico_gen.dir/Users/mcanulty/.pico-sdk/sdk/2.1.1/lib/tinyusb/src/common/tusb_fifo.c.o
 .text.tu_fifo_config
                0x10008f3e       0x62 CMakeFiles/Pico_gen.dir/Users/mcanulty/.pico-sdk/sdk/2.1.1/lib/tinyusb/src/common/tusb_fifo.c.o
                0x10008f3e                tu_fifo_config
 .text.tu_fifo_count
                0x10008fa0       0x28 CMakeFiles/Pico_gen.dir/Users/mcanulty/.pico-sdk/sdk/2.1.1/lib/tinyusb/src/common/tusb_fifo.c.o
                0x10008fa0                tu_fifo_count
 .text.tu_fifo_empty
                0x10008fc8       0x12 CMakeFiles/Pico_gen.dir/Users/mcanulty/.pico-sdk/sdk/2.1.1/lib/tinyusb/src/common/tusb_fifo.c.o
                0x10008fc8                tu_fifo_empty
 .text.tu_fifo_full
                0x10008fda       0x28 CMakeFiles/Pico_gen.dir/Users/mcanulty/.pico-sdk/sdk/2.1.1/lib/tinyusb/src/common/tusb_fifo.c.o
                0x10008fda                tu_fifo_full
 .text.tu_fifo_remaining
                0x10009002       0x2c CMakeFiles/Pico_gen.dir/Users/mcanulty/.pico-sdk/sdk/2.1.1/lib/tinyusb/src/common/tusb_fifo.c.o
                0x10009002                tu_fifo_remaining
 .text.tu_fifo_read
                0x1000902e       0x3e CMakeFiles/Pico_gen.dir/Users/mcanulty/.pico-sdk/sdk/2.1.1/lib/tinyusb/src/common/tusb_fifo.c.o
                0x1000902e                tu_fifo_read
 .text.tu_fifo_read_n
                0x1000906c        0xa CMakeFiles/Pico_gen.dir/Users/mcanulty/.pico-sdk/sdk/2.1.1/lib/tinyusb/src/common/tusb_fifo.c.o
                0x1000906c                tu_fifo_read_n
 .text.tu_fifo_write
                0x10009076       0x5e CMakeFiles/Pico_gen.dir/Users/mcanulty/.pico-sdk/sdk/2.1.1/lib/tinyusb/src/common/tusb_fifo.c.o
                0x10009076                tu_fifo_write
 .text.tu_fifo_write_n
                0x100090d4        0xa CMakeFiles/Pico_gen.dir/Users/mcanulty/.pico-sdk/sdk/2.1.1/lib/tinyusb/src/common/tusb_fifo.c.o
                0x100090d4                tu_fifo_write_n
 .text.tu_fifo_clear
                0x100090de       0x36 CMakeFiles/Pico_gen.dir/Users/mcanulty/.pico-sdk/sdk/2.1.1/lib/tinyusb/src/common/tusb_fifo.c.o
                0x100090de                tu_fifo_clear
 .text.tu_fifo_set_overwritable
                0x10009114       0x3a CMakeFiles/Pico_gen.dir/Users/mcanulty/.pico-sdk/sdk/2.1.1/lib/tinyusb/src/common/tusb_fifo.c.o
                0x10009114                tu_fifo_set_overwritable
 .text.board_init
                0x1000914e       0x14 CMakeFiles/Pico_gen.dir/Users/mcanulty/.pico-sdk/sdk/2.1.1/lib/tinyusb/hw/bsp/rp2040/family.c.o
                0x1000914e                board_init
 .text.board_led_write
                0x10009162        0x8 CMakeFiles/Pico_gen.dir/Users/mcanulty/.pico-sdk/sdk/2.1.1/lib/tinyusb/hw/bsp/rp2040/family.c.o
                0x10009162                board_led_write
 .text.board_get_unique_id
                0x1000916a       0x26 CMakeFiles/Pico_gen.dir/Users/mcanulty/.pico-sdk/sdk/2.1.1/lib/tinyusb/hw/bsp/rp2040/family.c.o
                0x1000916a                board_get_unique_id
 .text.core1_trampoline
                0x10009190        0x2 CMakeFiles/Pico_gen.dir/Users/mcanulty/.pico-sdk/sdk/2.1.1/src/rp2_common/pico_multicore/multicore.c.o
 .text.core1_wrapper
                0x10009192        0xc CMakeFiles/Pico_gen.dir/Users/mcanulty/.pico-sdk/sdk/2.1.1/src/rp2_common/pico_multicore/multicore.c.o
                0x10009192                core1_wrapper
 .text.multicore_fifo_push_blocking
                0x1000919e       0x16 CMakeFiles/Pico_gen.dir/Users/mcanulty/.pico-sdk/sdk/2.1.1/src/rp2_common/pico_multicore/multicore.c.o
                0x1000919e                multicore_fifo_push_blocking
 .text.multicore_fifo_pop_blocking
                0x100091b4       0x18 CMakeFiles/Pico_gen.dir/Users/mcanulty/.pico-sdk/sdk/2.1.1/src/rp2_common/pico_multicore/multicore.c.o
                0x100091b4                multicore_fifo_pop_blocking
 .text.multicore_launch_core1_raw
                0x100091cc       0x7a CMakeFiles/Pico_gen.dir/Users/mcanulty/.pico-sdk/sdk/2.1.1/src/rp2_common/pico_multicore/multicore.c.o
                0x100091cc                multicore_launch_core1_raw
 *fill*         0x10009246        0x2 
 .text.multicore_launch_core1_with_stack
                0x10009248       0x50 CMakeFiles/Pico_gen.dir/Users/mcanulty/.pico-sdk/sdk/2.1.1/src/rp2_common/pico_multicore/multicore.c.o
                0x10009248                multicore_launch_core1_with_stack
 .text.multicore_launch_core1
                0x10009298       0x24 CMakeFiles/Pico_gen.dir/Users/mcanulty/.pico-sdk/sdk/2.1.1/src/rp2_common/pico_multicore/multicore.c.o
                0x10009298                multicore_launch_core1
 .text.calloc   0x100092bc       0x10 /Users/mcanulty/.pico-sdk/toolchain/14_2_Rel1/bin/../lib/gcc/arm-none-eabi/14.2.1/../../../../arm-none-eabi/lib/thumb/v8-m.main+fp/softfp/libg.a(libc_a-calloc.o)
                0x100092bc                calloc
 .text._calloc_r
                0x100092cc       0x70 /Users/mcanulty/.pico-sdk/toolchain/14_2_Rel1/bin/../lib/gcc/arm-none-eabi/14.2.1/../../../../arm-none-eabi/lib/thumb/v8-m.main+fp/softfp/libg.a(libc_a-callocr.o)
                0x100092cc                _calloc_r
 .text.malloc   0x1000933c       0x10 /Users/mcanulty/.pico-sdk/toolchain/14_2_Rel1/bin/../lib/gcc/arm-none-eabi/14.2.1/../../../../arm-none-eabi/lib/thumb/v8-m.main+fp/softfp/libg.a(libc_a-malloc.o)
                0x1000933c                malloc
 .text._malloc_r
                0x1000934c      0x578 /Users/mcanulty/.pico-sdk/toolchain/14_2_Rel1/bin/../lib/gcc/arm-none-eabi/14.2.1/../../../../arm-none-eabi/lib/thumb/v8-m.main+fp/softfp/libg.a(libc_a-mallocr.o)
                0x1000934c                _malloc_r
 .text.__malloc_lock
                0x100098c4        0xc /Users/mcanulty/.pico-sdk/toolchain/14_2_Rel1/bin/../lib/gcc/arm-none-eabi/14.2.1/../../../../arm-none-eabi/lib/thumb/v8-m.main+fp/softfp/libg.a(libc_a-mlock.o)
                0x100098c4                __malloc_lock
 .text.__malloc_unlock
                0x100098d0        0xc /Users/mcanulty/.pico-sdk/toolchain/14_2_Rel1/bin/../lib/gcc/arm-none-eabi/14.2.1/../../../../arm-none-eabi/lib/thumb/v8-m.main+fp/softfp/libg.a(libc_a-mlock.o)
                0x100098d0                __malloc_unlock
 .text.memset   0x100098dc       0x9c /Users/mcanulty/.pico-sdk/toolchain/14_2_Rel1/bin/../lib/gcc/arm-none-eabi/14.2.1/../../../../arm-none-eabi/lib/thumb/v8-m.main+fp/softfp/libg.a(libc_a-memset.o)
                0x100098dc                memset
 .text._sbrk_r  0x10009978       0x24 /Users/mcanulty/.pico-sdk/toolchain/14_2_Rel1/bin/../lib/gcc/arm-none-eabi/14.2.1/../../../../arm-none-eabi/lib/thumb/v8-m.main+fp/softfp/libg.a(libc_a-sbrkr.o)
                0x10009978                _sbrk_r
 .text.__errno  0x1000999c        0xc /Users/mcanulty/.pico-sdk/toolchain/14_2_Rel1/bin/../lib/gcc/arm-none-eabi/14.2.1/../../../../arm-none-eabi/lib/thumb/v8-m.main+fp/softfp/libg.a(libc_a-errno.o)
                0x1000999c                __errno
 .text.sysconf  0x100099a8       0x1c /Users/mcanulty/.pico-sdk/toolchain/14_2_Rel1/bin/../lib/gcc/arm-none-eabi/14.2.1/../../../../arm-none-eabi/lib/thumb/v8-m.main+fp/softfp/libg.a(libc_a-sysconf.o)
                0x100099a8                sysconf
 .text.__retarget_lock_acquire_recursive
                0x100099c4        0x4 /Users/mcanulty/.pico-sdk/toolchain/14_2_Rel1/bin/../lib/gcc/arm-none-eabi/14.2.1/../../../../arm-none-eabi/lib/thumb/v8-m.main+fp/softfp/libg.a(libc_a-lock.o)
                0x100099c4                __retarget_lock_acquire_recursive
 .text.__retarget_lock_release_recursive
                0x100099c8        0x4 /Users/mcanulty/.pico-sdk/toolchain/14_2_Rel1/bin/../lib/gcc/arm-none-eabi/14.2.1/../../../../arm-none-eabi/lib/thumb/v8-m.main+fp/softfp/libg.a(libc_a-lock.o)
                0x100099c8                __retarget_lock_release_recursive
 .text          0x100099cc       0xec /Users/mcanulty/.pico-sdk/toolchain/14_2_Rel1/bin/../lib/gcc/arm-none-eabi/14.2.1/../../../../arm-none-eabi/lib/thumb/v8-m.main+fp/softfp/libg.a(libc_a-memcpy.o)
                0x100099cc                memcpy
 .text.strlen   0x10009ab8       0x5c /Users/mcanulty/.pico-sdk/toolchain/14_2_Rel1/bin/../lib/gcc/arm-none-eabi/14.2.1/../../../../arm-none-eabi/lib/thumb/v8-m.main+fp/softfp/libg.a(libc_a-strlen-stub.o)
                0x10009ab8                strlen
 .text._malloc_trim_r
                0x10009b14       0xb8 /Users/mcanulty/.pico-sdk/toolchain/14_2_Rel1/bin/../lib/gcc/arm-none-eabi/14.2.1/../../../../arm-none-eabi/lib/thumb/v8-m.main+fp/softfp/libg.a(libc_a-freer.o)
                0x10009b14                _malloc_trim_r
 .text._free_r  0x10009bcc      0x1e8 /Users/mcanulty/.pico-sdk/toolchain/14_2_Rel1/bin/../lib/gcc/arm-none-eabi/14.2.1/../../../../arm-none-eabi/lib/thumb/v8-m.main+fp/softfp/libg.a(libc_a-freer.o)
                0x10009bcc                _free_r
 *(.fini)
 .fini          0x10009db4        0x4 /Users/mcanulty/.pico-sdk/toolchain/14_2_Rel1/bin/../lib/gcc/arm-none-eabi/14.2.1/thumb/v8-m.main+fp/softfp/crti.o
                0x10009db4                _fini
 .fini.__stub   0x10009db8       0x60 linker stubs
 *crtbegin.o(.ctors)
 *crtbegin?.o(.ctors)
 *(EXCLUDE_FILE(*crtend.o *crtend?.o) .ctors)
 *(SORT_BY_NAME(.ctors.*))
 *(.ctors)
 *crtbegin.o(.dtors)
 *crtbegin?.o(.dtors)
 *(EXCLUDE_FILE(*crtend.o *crtend?.o) .dtors)
 *(SORT_BY_NAME(.dtors.*))
 *(.dtors)
                0x10009e18                        . = ALIGN (0x4)
                0x10009e18                        PROVIDE (__preinit_array_start = .)
 *(SORT_BY_NAME(.preinit_array.*))
 .preinit_array.00050
                0x10009e18        0x4 CMakeFiles/Pico_gen.dir/Users/mcanulty/.pico-sdk/sdk/2.1.1/src/rp2_common/pico_runtime_init/runtime_init.c.o
                0x10009e18                __pre_init_runtime_init_bootrom_reset
 .preinit_array.00100
                0x10009e1c        0x4 CMakeFiles/Pico_gen.dir/Users/mcanulty/.pico-sdk/sdk/2.1.1/src/rp2_common/pico_runtime_init/runtime_init.c.o
                0x10009e1c                __pre_init_runtime_init_early_resets
 .preinit_array.00101
                0x10009e20        0x4 CMakeFiles/Pico_gen.dir/Users/mcanulty/.pico-sdk/sdk/2.1.1/src/rp2_common/pico_runtime_init/runtime_init.c.o
                0x10009e20                __pre_init_runtime_init_usb_power_down
 .preinit_array.00500
                0x10009e24        0x4 CMakeFiles/Pico_gen.dir/Users/mcanulty/.pico-sdk/sdk/2.1.1/src/rp2_common/pico_runtime_init/runtime_init.c.o
                0x10009e24                __pre_init_runtime_init_clocks
 .preinit_array.00600
                0x10009e28        0x4 CMakeFiles/Pico_gen.dir/Users/mcanulty/.pico-sdk/sdk/2.1.1/src/rp2_common/pico_runtime_init/runtime_init.c.o
                0x10009e28                __pre_init_runtime_init_post_clock_resets
 .preinit_array.01000
                0x10009e2c        0x4 CMakeFiles/Pico_gen.dir/Users/mcanulty/.pico-sdk/sdk/2.1.1/src/rp2_common/hardware_boot_lock/boot_lock.c.o
                0x10009e2c                __pre_init_runtime_init_boot_locks_reset
 .preinit_array.01000
                0x10009e30        0x4 CMakeFiles/Pico_gen.dir/Users/mcanulty/.pico-sdk/sdk/2.1.1/src/rp2_common/pico_runtime_init/runtime_init.c.o
                0x10009e30                __pre_init_runtime_init_spin_locks_reset
 .preinit_array.01010
                0x10009e34        0x4 CMakeFiles/Pico_gen.dir/Users/mcanulty/.pico-sdk/sdk/2.1.1/src/rp2_common/pico_bootrom/bootrom_lock.c.o
                0x10009e34                __pre_init_runtime_init_bootrom_locking_enable
 .preinit_array.01100
                0x10009e38        0x4 CMakeFiles/Pico_gen.dir/Users/mcanulty/.pico-sdk/sdk/2.1.1/src/common/pico_sync/mutex.c.o
                0x10009e38                __pre_init_runtime_init_mutex
 .preinit_array.10080
                0x10009e3c        0x4 CMakeFiles/Pico_gen.dir/Users/mcanulty/.pico-sdk/sdk/2.1.1/src/rp2_common/pico_runtime_init/runtime_init.c.o
                0x10009e3c                __pre_init_runtime_init_install_ram_vector_table
 .preinit_array.11000
                0x10009e40        0x4 CMakeFiles/Pico_gen.dir/Users/mcanulty/.pico-sdk/sdk/2.1.1/src/common/pico_time/time.c.o
                0x10009e40                __pre_init_runtime_init_default_alarm_pool
 .preinit_array.YYYYY
                0x10009e44        0x4 CMakeFiles/Pico_gen.dir/Users/mcanulty/.pico-sdk/sdk/2.1.1/src/rp2_common/pico_runtime/runtime.c.o
                0x10009e44                __pre_init_first_per_core_initializer
 .preinit_array.ZZZZZ.00051
                0x10009e48        0x4 CMakeFiles/Pico_gen.dir/Users/mcanulty/.pico-sdk/sdk/2.1.1/src/rp2_common/pico_runtime_init/runtime_init.c.o
                0x10009e48                __pre_init_runtime_init_per_core_bootrom_reset
 .preinit_array.ZZZZZ.00200
                0x10009e4c        0x4 CMakeFiles/Pico_gen.dir/Users/mcanulty/.pico-sdk/sdk/2.1.1/src/rp2_common/pico_runtime_init/runtime_init.c.o
                0x10009e4c                __pre_init_runtime_init_per_core_enable_coprocessors
 .preinit_array.ZZZZZ.01000
                0x10009e50        0x4 CMakeFiles/Pico_gen.dir/Users/mcanulty/.pico-sdk/sdk/2.1.1/src/rp2_common/hardware_sync_spin_lock/sync_spin_lock.c.o
                0x10009e50                __pre_init_spinlock_set_extexclall
 .preinit_array.ZZZZZ.01200
                0x10009e54        0x4 CMakeFiles/Pico_gen.dir/Users/mcanulty/.pico-sdk/sdk/2.1.1/src/rp2_common/hardware_irq/irq.c.o
                0x10009e54                __pre_init_runtime_init_per_core_irq_priorities
 *(.preinit_array)
                0x10009e58                        PROVIDE (__preinit_array_end = .)
                0x10009e58                        . = ALIGN (0x4)
                0x10009e58                        PROVIDE (__init_array_start = .)
 *(SORT_BY_NAME(.init_array.*))
 *(.init_array)
 .init_array    0x10009e58        0x4 /Users/mcanulty/.pico-sdk/toolchain/14_2_Rel1/bin/../lib/gcc/arm-none-eabi/14.2.1/thumb/v8-m.main+fp/softfp/crtbegin.o
 .init_array    0x10009e5c        0x4 CMakeFiles/Pico_gen.dir/Users/mcanulty/.pico-sdk/sdk/2.1.1/src/rp2_common/pico_unique_id/unique_id.c.o
                0x10009e60                        PROVIDE (__init_array_end = .)
                0x10009e60                        . = ALIGN (0x4)
                [!provide]                        PROVIDE (__fini_array_start = .)
 *(SORT_BY_NAME(.fini_array.*))
 *(.fini_array)
                [!provide]                        PROVIDE (__fini_array_end = .)
 *(.eh_frame*)
 .eh_frame      0x10009e60        0x0 /Users/mcanulty/.pico-sdk/toolchain/14_2_Rel1/bin/../lib/gcc/arm-none-eabi/14.2.1/thumb/v8-m.main+fp/softfp/crtbegin.o
                0x10009e60                        . = ALIGN (0x4)

.glue_7         0x10009e60        0x0
 .glue_7        0x10009e60        0x0 linker stubs

.glue_7t        0x10009e60        0x0
 .glue_7t       0x10009e60        0x0 linker stubs

.vfp11_veneer   0x10009e60        0x0
 .vfp11_veneer  0x10009e60        0x0 linker stubs

.v4_bx          0x10009e60        0x0
 .v4_bx         0x10009e60        0x0 linker stubs

.iplt           0x10009e60        0x0
 .iplt          0x10009e60        0x0 /Users/mcanulty/.pico-sdk/toolchain/14_2_Rel1/bin/../lib/gcc/arm-none-eabi/14.2.1/thumb/v8-m.main+fp/softfp/crtbegin.o

.boot2          0x10009e60        0x0
                0x10009e60                        __boot2_start__ = .
 *(.boot2)
                0x10009e60                        __boot2_end__ = .
                0x00000001                        ASSERT (((__boot2_end__ - __boot2_start__) <= 0x100), ERROR: Pico second stage bootloader must be no more than 256 bytes in size)

.rodata         0x10009e60     0x1460
 *(EXCLUDE_FILE(*libm.a: *libc.a:*lib_a-mem*.o *libgcc.a:) .rodata*)
 .rodata.core1_main.str1.4
                0x10009e60      0xd0d CMakeFiles/Pico_gen.dir/main.c.o
                                 0x3c (size before relaxing)
 .rodata.main.str1.4
                0x1000ab6d       0x41 CMakeFiles/Pico_gen.dir/main.c.o
 *fill*         0x1000ab6d        0x3 
 .rodata        0x1000ab70        0x2 CMakeFiles/Pico_gen.dir/main.c.o
 .rodata.tud_audio_feature_unit_set_request.str1.4
                0x1000ab72       0xa7 CMakeFiles/Pico_gen.dir/uac2_app.c.o
 .rodata.tud_audio_clock_set_request.str1.4
                0x1000ab72       0x6c CMakeFiles/Pico_gen.dir/uac2_app.c.o
 .rodata.tud_audio_clock_get_request.str1.4
                0x1000ab72       0xb8 CMakeFiles/Pico_gen.dir/uac2_app.c.o
 .rodata.tud_audio_feature_unit_get_request.str1.4
                0x1000ab72       0xbf CMakeFiles/Pico_gen.dir/uac2_app.c.o
 .rodata.tud_audio_get_req_entity_cb.str1.4
                0x1000ab72       0x44 CMakeFiles/Pico_gen.dir/uac2_app.c.o
 .rodata.tud_audio_set_req_entity_cb.str1.4
                0x1000ab72       0x44 CMakeFiles/Pico_gen.dir/uac2_app.c.o
 *fill*         0x1000ab72        0x2 
 .rodata.__func__.2
                0x1000ab74       0x1c CMakeFiles/Pico_gen.dir/uac2_app.c.o
 .rodata.__func__.3
                0x1000ab90       0x23 CMakeFiles/Pico_gen.dir/uac2_app.c.o
 *fill*         0x1000abb3        0x1 
 .rodata.__func__.4
                0x1000abb4       0x23 CMakeFiles/Pico_gen.dir/uac2_app.c.o
 *fill*         0x1000abd7        0x1 
 .rodata.__func__.5
                0x1000abd8       0x1c CMakeFiles/Pico_gen.dir/uac2_app.c.o
 .rodata.resolutions_per_format
                0x1000abf4        0x2 CMakeFiles/Pico_gen.dir/uac2_app.c.o
                0x1000abf4                resolutions_per_format
 *fill*         0x1000abf6        0x2 
 .rodata.sample_rates
                0x1000abf8        0x8 CMakeFiles/Pico_gen.dir/uac2_app.c.o
                0x1000abf8                sample_rates
 .rodata        0x1000ac00        0x8 CMakeFiles/Pico_gen.dir/uac2_app.c.o
 .rodata.board_usb_get_serial.str1.4
                0x1000ac08       0x11 CMakeFiles/Pico_gen.dir/usb_descriptors.c.o
 .rodata.str1.4
                0x1000ac08       0x43 CMakeFiles/Pico_gen.dir/usb_descriptors.c.o
 .rodata.__compound_literal.0
                0x1000ac08        0x2 CMakeFiles/Pico_gen.dir/usb_descriptors.c.o
 *fill*         0x1000ac0a        0x2 
 .rodata.desc_configuration
                0x1000ac0c      0x1df CMakeFiles/Pico_gen.dir/usb_descriptors.c.o
                0x1000ac0c                desc_configuration
 *fill*         0x1000adeb        0x1 
 .rodata.desc_device
                0x1000adec       0x12 CMakeFiles/Pico_gen.dir/usb_descriptors.c.o
                0x1000adec                desc_device
 .rodata.handle_cc.str1.4
                0x1000adfe       0x8b CMakeFiles/Pico_gen.dir/midi.c.o
 .rodata.panic.str1.4
                0x1000adfe       0x12 CMakeFiles/Pico_gen.dir/Users/mcanulty/.pico-sdk/sdk/2.1.1/src/rp2_common/pico_platform_panic/panic.c.o
 .rodata.spin_lock_claim_unused.str1.4
                0x1000adfe       0x1b CMakeFiles/Pico_gen.dir/Users/mcanulty/.pico-sdk/sdk/2.1.1/src/rp2_common/hardware_sync/sync.c.o
 .rodata.resolve_j_16.str1.4
                0x1000adfe       0x5e CMakeFiles/Pico_gen.dir/Users/mcanulty/.pico-sdk/sdk/2.1.1/src/rp2_common/hardware_irq/irq.c.o
 .rodata.make_j_16.str1.4
                0x1000adfe       0x30 CMakeFiles/Pico_gen.dir/Users/mcanulty/.pico-sdk/sdk/2.1.1/src/rp2_common/hardware_irq/irq.c.o
 .rodata.irq_set_exclusive_handler.str1.4
                0x1000adfe       0x36 CMakeFiles/Pico_gen.dir/Users/mcanulty/.pico-sdk/sdk/2.1.1/src/rp2_common/hardware_irq/irq.c.o
 .rodata.irq_add_shared_handler.str1.4
                0x1000adfe       0xd2 CMakeFiles/Pico_gen.dir/Users/mcanulty/.pico-sdk/sdk/2.1.1/src/rp2_common/hardware_irq/irq.c.o
 .rodata.irq_add_tail_to_free_list.str1.4
                0x1000adfe       0x3a CMakeFiles/Pico_gen.dir/Users/mcanulty/.pico-sdk/sdk/2.1.1/src/rp2_common/hardware_irq/irq.c.o
 *fill*         0x1000adfe        0x2 
 .rodata.__func__.0
                0x1000ae00       0x1a CMakeFiles/Pico_gen.dir/Users/mcanulty/.pico-sdk/sdk/2.1.1/src/rp2_common/hardware_irq/irq.c.o
 *fill*         0x1000ae1a        0x2 
 .rodata.__func__.3
                0x1000ae1c        0xa CMakeFiles/Pico_gen.dir/Users/mcanulty/.pico-sdk/sdk/2.1.1/src/rp2_common/hardware_irq/irq.c.o
 *fill*         0x1000ae26        0x2 
 .rodata.__func__.4
                0x1000ae28        0xd CMakeFiles/Pico_gen.dir/Users/mcanulty/.pico-sdk/sdk/2.1.1/src/rp2_common/hardware_irq/irq.c.o
 *fill*         0x1000ae35        0x3 
 .rodata.__func__.5
                0x1000ae38       0x17 CMakeFiles/Pico_gen.dir/Users/mcanulty/.pico-sdk/sdk/2.1.1/src/rp2_common/hardware_irq/irq.c.o
 *fill*         0x1000ae4f        0x1 
 .rodata.__func__.6
                0x1000ae50       0x1a CMakeFiles/Pico_gen.dir/Users/mcanulty/.pico-sdk/sdk/2.1.1/src/rp2_common/hardware_irq/irq.c.o
 .rodata.runtime_init_mutex.str1.4
                0x1000ae6a       0x61 CMakeFiles/Pico_gen.dir/Users/mcanulty/.pico-sdk/sdk/2.1.1/src/common/pico_sync/mutex.c.o
 .rodata.str1.4
                0x1000ae6a       0x51 CMakeFiles/Pico_gen.dir/Users/mcanulty/.pico-sdk/sdk/2.1.1/src/common/pico_sync/mutex.c.o
 *fill*         0x1000ae6a        0x2 
 .rodata.__func__.1
                0x1000ae6c        0xb CMakeFiles/Pico_gen.dir/Users/mcanulty/.pico-sdk/sdk/2.1.1/src/common/pico_sync/mutex.c.o
 *fill*         0x1000ae77        0x1 
 .rodata.__func__.3
                0x1000ae78       0x18 CMakeFiles/Pico_gen.dir/Users/mcanulty/.pico-sdk/sdk/2.1.1/src/common/pico_sync/mutex.c.o
 .rodata.__func__.6
                0x1000ae90       0x13 CMakeFiles/Pico_gen.dir/Users/mcanulty/.pico-sdk/sdk/2.1.1/src/common/pico_sync/mutex.c.o
 .rodata.alarm_pool_irq_handler.str1.4
                0x1000aea3       0x6c CMakeFiles/Pico_gen.dir/Users/mcanulty/.pico-sdk/sdk/2.1.1/src/common/pico_time/time.c.o
 .rodata.alarm_pool_get_default.str1.4
                0x1000aea3       0x21 CMakeFiles/Pico_gen.dir/Users/mcanulty/.pico-sdk/sdk/2.1.1/src/common/pico_time/time.c.o
 *fill*         0x1000aea3        0x1 
 .rodata.__func__.1
                0x1000aea4       0x17 CMakeFiles/Pico_gen.dir/Users/mcanulty/.pico-sdk/sdk/2.1.1/src/common/pico_time/time.c.o
 *fill*         0x1000aebb        0x1 
 .rodata.__func__.2
                0x1000aebc       0x17 CMakeFiles/Pico_gen.dir/Users/mcanulty/.pico-sdk/sdk/2.1.1/src/common/pico_time/time.c.o
 .rodata.timer_hardware_alarm_claim.str1.4
                0x1000aed3       0x22 CMakeFiles/Pico_gen.dir/Users/mcanulty/.pico-sdk/sdk/2.1.1/src/rp2_common/hardware_timer/timer.c.o
 .rodata.pll_init.str1.4
                0x1000aed3      0x11c CMakeFiles/Pico_gen.dir/Users/mcanulty/.pico-sdk/sdk/2.1.1/src/rp2_common/hardware_pll/pll.c.o
 *fill*         0x1000aed3        0x1 
 .rodata.__func__.0
                0x1000aed4        0x9 CMakeFiles/Pico_gen.dir/Users/mcanulty/.pico-sdk/sdk/2.1.1/src/rp2_common/hardware_pll/pll.c.o
 .rodata.check_alloc.str1.4
                0x1000aedd        0xe CMakeFiles/Pico_gen.dir/Users/mcanulty/.pico-sdk/sdk/2.1.1/src/rp2_common/pico_malloc/malloc.c.o
 .rodata.str1.4
                0x1000aedd       0x44 CMakeFiles/Pico_gen.dir/Users/mcanulty/.pico-sdk/sdk/2.1.1/src/rp2_common/pico_standard_binary_info/standard_binary_info.c.o
 *fill*         0x1000aedd        0x3 
 .rodata.__bi_84
                0x1000aee0        0xc CMakeFiles/Pico_gen.dir/Users/mcanulty/.pico-sdk/sdk/2.1.1/src/rp2_common/pico_standard_binary_info/standard_binary_info.c.o
 .rodata.__bi_78
                0x1000aeec        0xc CMakeFiles/Pico_gen.dir/Users/mcanulty/.pico-sdk/sdk/2.1.1/src/rp2_common/pico_standard_binary_info/standard_binary_info.c.o
 .rodata.__bi_60
                0x1000aef8        0xc CMakeFiles/Pico_gen.dir/Users/mcanulty/.pico-sdk/sdk/2.1.1/src/rp2_common/pico_standard_binary_info/standard_binary_info.c.o
 .rodata.__bi_54
                0x1000af04        0xc CMakeFiles/Pico_gen.dir/Users/mcanulty/.pico-sdk/sdk/2.1.1/src/rp2_common/pico_standard_binary_info/standard_binary_info.c.o
 .rodata.__bi_48
                0x1000af10        0xc CMakeFiles/Pico_gen.dir/Users/mcanulty/.pico-sdk/sdk/2.1.1/src/rp2_common/pico_standard_binary_info/standard_binary_info.c.o
 .rodata.__bi_42
                0x1000af1c        0xc CMakeFiles/Pico_gen.dir/Users/mcanulty/.pico-sdk/sdk/2.1.1/src/rp2_common/pico_standard_binary_info/standard_binary_info.c.o
 .rodata.__bi_34
                0x1000af28        0xc CMakeFiles/Pico_gen.dir/Users/mcanulty/.pico-sdk/sdk/2.1.1/src/rp2_common/pico_standard_binary_info/standard_binary_info.c.o
 .rodata.__bi_26
                0x1000af34        0xc CMakeFiles/Pico_gen.dir/Users/mcanulty/.pico-sdk/sdk/2.1.1/src/rp2_common/pico_standard_binary_info/standard_binary_info.c.o
 .rodata._ftoa.str1.4